Running on host: cmp201
 ------------------------------------------------------- 
[Dispatch] Scenarios include...
['Sensitivity_W_reps14', 'Sensitivity_W_reps30', 'Sensitivity_W_reps45', 'Sensitivity_W_reps60', 'Sensitivity_W_reps90', 'Sensitivity_W_reps180', 'Sensitivity_W_reps365']
[['SoC_proxy_TSA/data/timeseries/time_varying_parameters.csv', [2006, 2010]], ['SoC_proxy_TSA/data/timeseries/time_varying_parameters.csv', [2009, 2013]], ['SoC_proxy_TSA/data/timeseries/time_varying_parameters.csv', [2012, 2016]], ['SoC_proxy_TSA/data/timeseries/time_varying_parameters.csv', [2015, 2019]], ['SoC_proxy_TSA/data/timeseries/time_varying_parameters.csv', [2018, 2022]]]
 ------------------------------------------------------- 
 ------------------------------------------------------- 
  
[Dispatch] running scenario Sensitivity_W_reps14
   
 ------------------------------------------------------- 
 ------------------------------------------------------- 
 ----- K-Medoid, reps=14, W_proxy=0.0  -----
 -----      573434472ec00c3a34bf      ----- 
 ------------------------------------------------------- 
[Model] Parameter json saved to SoC_proxy_TSA/data/parameters/573434472ec00c3a34bf.json
[TSA] Extracting features dataframe for 573434472ec00c3a34bf
[TSA]: Applying hierarchical clustering method, with medoidRepresentation representation.
[TSA] successfully applied. Results saved to SoC_proxy_TSA/data/cluster_maps/573434472ec00c3a34bf.csv.
[TSA] cluster completed in 1.77
[Calliope] Validating and Configuring Calliope model: 573434472ec00c3a34bf
[Calliope] Building Calliope model: 573434472ec00c3a34bf
[Calliope] Solving Calliope model: 573434472ec00c3a34bf
[Calliope] Solution saved to: SoC_proxy_TSA/data/calliope_models/573434472ec00c3a34bf.nc
[Dispatch] Instance Runtime:  12.644069194793701
 ------------------------------------------------------- 
 ----- K-Medoid, reps=14, SocDelta, W_proxy=0.25  -----
 -----      887b094bc033f6e64f59      ----- 
 ------------------------------------------------------- 
[Model] Parameter json saved to SoC_proxy_TSA/data/parameters/887b094bc033f6e64f59.json
[TSA] Extracting features dataframe for 887b094bc033f6e64f59
[SoC Proxy] Tuner: c*=0.745409 lost=0.000e+00 | margin=4.000% -> curtailment=0.715592
[SoC Proxy] curtailment forecast: 71.56%
[TSA]: Applying hierarchical clustering method, with medoidRepresentation representation.
[TSA] successfully applied. Results saved to SoC_proxy_TSA/data/cluster_maps/887b094bc033f6e64f59.csv.
[TSA] cluster completed in 1.89
[Calliope] Validating and Configuring Calliope model: 887b094bc033f6e64f59
[Calliope] Building Calliope model: 887b094bc033f6e64f59
[Calliope] Solving Calliope model: 887b094bc033f6e64f59
[Calliope] Solution saved to: SoC_proxy_TSA/data/calliope_models/887b094bc033f6e64f59.nc
[Dispatch] Instance Runtime:  12.687502384185791
[SoC Proxy] Tuner: c*=0.773131 lost=0.000e+00 | margin=4.000% -> curtailment=0.742205
[SoC Proxy] curtailment forecast: 74.22%
 ------------------------------------------------------- 
 ----- K-Medoid, reps=14, SocDelta, W_proxy=0.5  -----
 -----      3b3b0b7f05f47afb79f9      ----- 
 ------------------------------------------------------- 
[Model] Parameter json saved to SoC_proxy_TSA/data/parameters/3b3b0b7f05f47afb79f9.json
[TSA] Extracting features dataframe for 3b3b0b7f05f47afb79f9
[SoC Proxy] Tuner: c*=0.745409 lost=0.000e+00 | margin=4.000% -> curtailment=0.715592
[SoC Proxy] curtailment forecast: 71.56%
[TSA]: Applying hierarchical clustering method, with medoidRepresentation representation.
[TSA] successfully applied. Results saved to SoC_proxy_TSA/data/cluster_maps/3b3b0b7f05f47afb79f9.csv.
[TSA] cluster completed in 1.88
[Calliope] Validating and Configuring Calliope model: 3b3b0b7f05f47afb79f9
[Calliope] Building Calliope model: 3b3b0b7f05f47afb79f9
[Calliope] Solving Calliope model: 3b3b0b7f05f47afb79f9
[Calliope] Solution saved to: SoC_proxy_TSA/data/calliope_models/3b3b0b7f05f47afb79f9.nc
[Dispatch] Instance Runtime:  13.349496841430664
[SoC Proxy] Tuner: c*=0.763108 lost=0.000e+00 | margin=4.000% -> curtailment=0.732583
[SoC Proxy] curtailment forecast: 73.26%
 ------------------------------------------------------- 
 ----- K-Medoid, reps=14, SocDelta, W_proxy=0.75  -----
 -----      6d9c57e429989f41010f      ----- 
 ------------------------------------------------------- 
[Model] Parameter json saved to SoC_proxy_TSA/data/parameters/6d9c57e429989f41010f.json
[TSA] Extracting features dataframe for 6d9c57e429989f41010f
[SoC Proxy] Tuner: c*=0.745409 lost=0.000e+00 | margin=4.000% -> curtailment=0.715592
[SoC Proxy] curtailment forecast: 71.56%
[TSA]: Applying hierarchical clustering method, with medoidRepresentation representation.
[TSA] successfully applied. Results saved to SoC_proxy_TSA/data/cluster_maps/6d9c57e429989f41010f.csv.
[TSA] cluster completed in 1.89
[Calliope] Validating and Configuring Calliope model: 6d9c57e429989f41010f
[Calliope] Building Calliope model: 6d9c57e429989f41010f
[Calliope] Solving Calliope model: 6d9c57e429989f41010f
[Calliope] Solution saved to: SoC_proxy_TSA/data/calliope_models/6d9c57e429989f41010f.nc
[Dispatch] Instance Runtime:  13.042878150939941
[SoC Proxy] Tuner: c*=0.768593 lost=0.000e+00 | margin=4.000% -> curtailment=0.737849
[SoC Proxy] curtailment forecast: 73.78%
 ------------------------------------------------------- 
 ----- K-Medoid, reps=14, SocDelta, W_proxy=1  -----
 -----      3ba3ea2fed3a544e70e0      ----- 
 ------------------------------------------------------- 
[Model] Parameter json saved to SoC_proxy_TSA/data/parameters/3ba3ea2fed3a544e70e0.json
[TSA] Extracting features dataframe for 3ba3ea2fed3a544e70e0
[SoC Proxy] Tuner: c*=0.745409 lost=0.000e+00 | margin=4.000% -> curtailment=0.715592
[SoC Proxy] curtailment forecast: 71.56%
[TSA]: Applying hierarchical clustering method, with medoidRepresentation representation.
weight of "solar" set to the minmal tolerable weighting
weight of "onshore_wind" set to the minmal tolerable weighting
weight of "offshore_wind" set to the minmal tolerable weighting
weight of "demand_power" set to the minmal tolerable weighting
[TSA] successfully applied. Results saved to SoC_proxy_TSA/data/cluster_maps/3ba3ea2fed3a544e70e0.csv.
[TSA] cluster completed in 1.97
[Calliope] Validating and Configuring Calliope model: 3ba3ea2fed3a544e70e0
[Calliope] Building Calliope model: 3ba3ea2fed3a544e70e0
[Calliope] Solving Calliope model: 3ba3ea2fed3a544e70e0
[Calliope] Solution saved to: SoC_proxy_TSA/data/calliope_models/3ba3ea2fed3a544e70e0.nc
[Dispatch] Instance Runtime:  14.687872409820557
[SoC Proxy] Tuner: c*=0.735951 lost=0.000e+00 | margin=4.000% -> curtailment=0.706513
[SoC Proxy] curtailment forecast: 70.65%
 ------------------------------------------------------- 
  
[Dispatch] running scenario Sensitivity_W_reps30
   
 ------------------------------------------------------- 
 ------------------------------------------------------- 
 ----- K-Medoid, reps=30, W_proxy=0.0  -----
 -----      da10d9034de3eab98e43      ----- 
 ------------------------------------------------------- 
[Model] Parameter json saved to SoC_proxy_TSA/data/parameters/da10d9034de3eab98e43.json
[TSA] Extracting features dataframe for da10d9034de3eab98e43
[TSA]: Applying hierarchical clustering method, with medoidRepresentation representation.
[TSA] successfully applied. Results saved to SoC_proxy_TSA/data/cluster_maps/da10d9034de3eab98e43.csv.
[TSA] cluster completed in 1.14
[Calliope] Validating and Configuring Calliope model: da10d9034de3eab98e43
[Calliope] Building Calliope model: da10d9034de3eab98e43
[Calliope] Solving Calliope model: da10d9034de3eab98e43
[Calliope] Solution saved to: SoC_proxy_TSA/data/calliope_models/da10d9034de3eab98e43.nc
[Dispatch] Instance Runtime:  17.70465588569641
 ------------------------------------------------------- 
 ----- K-Medoid, reps=30, SocDelta, W_proxy=0.25  -----
 -----      bab2f7a2db4b0f6cce7e      ----- 
 ------------------------------------------------------- 
[Model] Parameter json saved to SoC_proxy_TSA/data/parameters/bab2f7a2db4b0f6cce7e.json
[TSA] Extracting features dataframe for bab2f7a2db4b0f6cce7e
[SoC Proxy] Tuner: c*=0.745409 lost=0.000e+00 | margin=4.000% -> curtailment=0.715592
[SoC Proxy] curtailment forecast: 71.56%
[TSA]: Applying hierarchical clustering method, with medoidRepresentation representation.
[TSA] successfully applied. Results saved to SoC_proxy_TSA/data/cluster_maps/bab2f7a2db4b0f6cce7e.csv.
[TSA] cluster completed in 1.93
[Calliope] Validating and Configuring Calliope model: bab2f7a2db4b0f6cce7e
[Calliope] Building Calliope model: bab2f7a2db4b0f6cce7e
[Calliope] Solving Calliope model: bab2f7a2db4b0f6cce7e
[Calliope] Solution saved to: SoC_proxy_TSA/data/calliope_models/bab2f7a2db4b0f6cce7e.nc
[Dispatch] Instance Runtime:  25.521183729171753
[SoC Proxy] Tuner: c*=0.763674 lost=0.000e+00 | margin=4.000% -> curtailment=0.733127
[SoC Proxy] curtailment forecast: 73.31%
 ------------------------------------------------------- 
 ----- K-Medoid, reps=30, SocDelta, W_proxy=0.5  -----
 -----      ed3c70156cf0f7df6a98      ----- 
 ------------------------------------------------------- 
[Model] Parameter json saved to SoC_proxy_TSA/data/parameters/ed3c70156cf0f7df6a98.json
[TSA] Extracting features dataframe for ed3c70156cf0f7df6a98
[SoC Proxy] Tuner: c*=0.745409 lost=0.000e+00 | margin=4.000% -> curtailment=0.715592
[SoC Proxy] curtailment forecast: 71.56%
[TSA]: Applying hierarchical clustering method, with medoidRepresentation representation.
[TSA] successfully applied. Results saved to SoC_proxy_TSA/data/cluster_maps/ed3c70156cf0f7df6a98.csv.
[TSA] cluster completed in 1.95
[Calliope] Validating and Configuring Calliope model: ed3c70156cf0f7df6a98
[Calliope] Building Calliope model: ed3c70156cf0f7df6a98
[Calliope] Solving Calliope model: ed3c70156cf0f7df6a98
[Calliope] Solution saved to: SoC_proxy_TSA/data/calliope_models/ed3c70156cf0f7df6a98.nc
[Dispatch] Instance Runtime:  23.35823154449463
[SoC Proxy] Tuner: c*=0.760456 lost=0.000e+00 | margin=4.000% -> curtailment=0.730038
[SoC Proxy] curtailment forecast: 73.00%
 ------------------------------------------------------- 
 ----- K-Medoid, reps=30, SocDelta, W_proxy=0.75  -----
 -----      815f3e42c456e575638e      ----- 
 ------------------------------------------------------- 
[Model] Parameter json saved to SoC_proxy_TSA/data/parameters/815f3e42c456e575638e.json
[TSA] Extracting features dataframe for 815f3e42c456e575638e
[SoC Proxy] Tuner: c*=0.745409 lost=0.000e+00 | margin=4.000% -> curtailment=0.715592
[SoC Proxy] curtailment forecast: 71.56%
[TSA]: Applying hierarchical clustering method, with medoidRepresentation representation.
[TSA] successfully applied. Results saved to SoC_proxy_TSA/data/cluster_maps/815f3e42c456e575638e.csv.
[TSA] cluster completed in 1.91
[Calliope] Validating and Configuring Calliope model: 815f3e42c456e575638e
[Calliope] Building Calliope model: 815f3e42c456e575638e
[Calliope] Solving Calliope model: 815f3e42c456e575638e
[Calliope] Solution saved to: SoC_proxy_TSA/data/calliope_models/815f3e42c456e575638e.nc
[Dispatch] Instance Runtime:  18.993112802505493
[SoC Proxy] Tuner: c*=0.764618 lost=0.000e+00 | margin=4.000% -> curtailment=0.734033
[SoC Proxy] curtailment forecast: 73.40%
 ------------------------------------------------------- 
 ----- K-Medoid, reps=30, SocDelta, W_proxy=1  -----
 -----      b1835501a651d6e22b12      ----- 
 ------------------------------------------------------- 
[Model] Parameter json saved to SoC_proxy_TSA/data/parameters/b1835501a651d6e22b12.json
[TSA] Extracting features dataframe for b1835501a651d6e22b12
[SoC Proxy] Tuner: c*=0.745409 lost=0.000e+00 | margin=4.000% -> curtailment=0.715592
[SoC Proxy] curtailment forecast: 71.56%
[TSA]: Applying hierarchical clustering method, with medoidRepresentation representation.
weight of "solar" set to the minmal tolerable weighting
weight of "onshore_wind" set to the minmal tolerable weighting
weight of "offshore_wind" set to the minmal tolerable weighting
weight of "demand_power" set to the minmal tolerable weighting
[TSA] successfully applied. Results saved to SoC_proxy_TSA/data/cluster_maps/b1835501a651d6e22b12.csv.
[TSA] cluster completed in 2.00
[Calliope] Validating and Configuring Calliope model: b1835501a651d6e22b12
[Calliope] Building Calliope model: b1835501a651d6e22b12
[Calliope] Solving Calliope model: b1835501a651d6e22b12
[Calliope] Solution saved to: SoC_proxy_TSA/data/calliope_models/b1835501a651d6e22b12.nc
[Dispatch] Instance Runtime:  19.675691843032837
[SoC Proxy] Tuner: c*=0.742834 lost=0.000e+00 | margin=4.000% -> curtailment=0.713120
[SoC Proxy] curtailment forecast: 71.31%
 ------------------------------------------------------- 
  
[Dispatch] running scenario Sensitivity_W_reps45
   
 ------------------------------------------------------- 
 ------------------------------------------------------- 
 ----- K-Medoid, reps=45, W_proxy=0.0  -----
 -----      f52ddfb2af2eda7c26d7      ----- 
 ------------------------------------------------------- 
[Model] Parameter json saved to SoC_proxy_TSA/data/parameters/f52ddfb2af2eda7c26d7.json
> Model: SoC_proxy_TSA/data/calliope_models/f52ddfb2af2eda7c26d7.nc already exists. Reading file...
 ------------------------------------------------------- 
 ----- K-Medoid, reps=45, SocDelta, W_proxy=0.25  -----
 -----      9eef71c77e5df26427f3      ----- 
 ------------------------------------------------------- 
[Model] Parameter json saved to SoC_proxy_TSA/data/parameters/9eef71c77e5df26427f3.json
> Model: SoC_proxy_TSA/data/calliope_models/9eef71c77e5df26427f3.nc already exists. Reading file...
[SoC Proxy] Tuner: c*=0.754456 lost=0.000e+00 | margin=4.000% -> curtailment=0.724278
[SoC Proxy] curtailment forecast: 72.43%
 ------------------------------------------------------- 
 ----- K-Medoid, reps=45, SocDelta, W_proxy=0.5  -----
 -----      b2c095abea702b1dcd37      ----- 
 ------------------------------------------------------- 
[Model] Parameter json saved to SoC_proxy_TSA/data/parameters/b2c095abea702b1dcd37.json
> Model: SoC_proxy_TSA/data/calliope_models/b2c095abea702b1dcd37.nc already exists. Reading file...
[SoC Proxy] Tuner: c*=0.758458 lost=0.000e+00 | margin=4.000% -> curtailment=0.728120
[SoC Proxy] curtailment forecast: 72.81%
 ------------------------------------------------------- 
 ----- K-Medoid, reps=45, SocDelta, W_proxy=0.75  -----
 -----      12f1948ae87bad1049da      ----- 
 ------------------------------------------------------- 
[Model] Parameter json saved to SoC_proxy_TSA/data/parameters/12f1948ae87bad1049da.json
> Model: SoC_proxy_TSA/data/calliope_models/12f1948ae87bad1049da.nc already exists. Reading file...
[SoC Proxy] Tuner: c*=0.761327 lost=0.000e+00 | margin=4.000% -> curtailment=0.730874
[SoC Proxy] curtailment forecast: 73.09%
 ------------------------------------------------------- 
 ----- K-Medoid, reps=45, SocDelta, W_proxy=1  -----
 -----      fc4c1dcf8b9cf9bd0080      ----- 
 ------------------------------------------------------- 
[Model] Parameter json saved to SoC_proxy_TSA/data/parameters/fc4c1dcf8b9cf9bd0080.json
> Model: SoC_proxy_TSA/data/calliope_models/fc4c1dcf8b9cf9bd0080.nc already exists. Reading file...
[SoC Proxy] Tuner: c*=0.759389 lost=0.000e+00 | margin=4.000% -> curtailment=0.729013
[SoC Proxy] curtailment forecast: 72.90%
 ------------------------------------------------------- 
  
[Dispatch] running scenario Sensitivity_W_reps60
   
 ------------------------------------------------------- 
 ------------------------------------------------------- 
 ----- K-Medoid, reps=60, W_proxy=0.0  -----
 -----      ed5fbe3928045634db6d      ----- 
 ------------------------------------------------------- 
[Model] Parameter json saved to SoC_proxy_TSA/data/parameters/ed5fbe3928045634db6d.json
> Model: SoC_proxy_TSA/data/calliope_models/ed5fbe3928045634db6d.nc already exists. Reading file...
 ------------------------------------------------------- 
 ----- K-Medoid, reps=60, SocDelta, W_proxy=0.25  -----
 -----      c6d791a88338ce9568ad      ----- 
 ------------------------------------------------------- 
[Model] Parameter json saved to SoC_proxy_TSA/data/parameters/c6d791a88338ce9568ad.json
> Model: SoC_proxy_TSA/data/calliope_models/c6d791a88338ce9568ad.nc already exists. Reading file...
[SoC Proxy] Tuner: c*=0.754542 lost=0.000e+00 | margin=4.000% -> curtailment=0.724360
[SoC Proxy] curtailment forecast: 72.44%
 ------------------------------------------------------- 
 ----- K-Medoid, reps=60, SocDelta, W_proxy=0.5  -----
 -----      56aaba64f9985665b821      ----- 
 ------------------------------------------------------- 
[Model] Parameter json saved to SoC_proxy_TSA/data/parameters/56aaba64f9985665b821.json
> Model: SoC_proxy_TSA/data/calliope_models/56aaba64f9985665b821.nc already exists. Reading file...
[SoC Proxy] Tuner: c*=0.757156 lost=0.000e+00 | margin=4.000% -> curtailment=0.726870
[SoC Proxy] curtailment forecast: 72.69%
 ------------------------------------------------------- 
 ----- K-Medoid, reps=60, SocDelta, W_proxy=0.75  -----
 -----      ba8aee34fb701fc6ae68      ----- 
 ------------------------------------------------------- 
[Model] Parameter json saved to SoC_proxy_TSA/data/parameters/ba8aee34fb701fc6ae68.json
> Model: SoC_proxy_TSA/data/calliope_models/ba8aee34fb701fc6ae68.nc already exists. Reading file...
[SoC Proxy] Tuner: c*=0.754726 lost=0.000e+00 | margin=4.000% -> curtailment=0.724537
[SoC Proxy] curtailment forecast: 72.45%
 ------------------------------------------------------- 
 ----- K-Medoid, reps=60, SocDelta, W_proxy=1  -----
 -----      72d8bbd98b3d2dabd45e      ----- 
 ------------------------------------------------------- 
[Model] Parameter json saved to SoC_proxy_TSA/data/parameters/72d8bbd98b3d2dabd45e.json
> Model: SoC_proxy_TSA/data/calliope_models/72d8bbd98b3d2dabd45e.nc already exists. Reading file...
[SoC Proxy] Tuner: c*=0.756372 lost=0.000e+00 | margin=4.000% -> curtailment=0.726117
[SoC Proxy] curtailment forecast: 72.61%
 ------------------------------------------------------- 
  
[Dispatch] running scenario Sensitivity_W_reps90
   
 ------------------------------------------------------- 
 ------------------------------------------------------- 
 ----- K-Medoid, reps=90, W_proxy=0.0  -----
 -----      2458dacbfdcb1933f3d7      ----- 
 ------------------------------------------------------- 
[Model] Parameter json saved to SoC_proxy_TSA/data/parameters/2458dacbfdcb1933f3d7.json
> Model: SoC_proxy_TSA/data/calliope_models/2458dacbfdcb1933f3d7.nc already exists. Reading file...
 ------------------------------------------------------- 
 ----- K-Medoid, reps=90, SocDelta, W_proxy=0.25  -----
 -----      f87a57b2baf051c368f4      ----- 
 ------------------------------------------------------- 
[Model] Parameter json saved to SoC_proxy_TSA/data/parameters/f87a57b2baf051c368f4.json
> Model: SoC_proxy_TSA/data/calliope_models/f87a57b2baf051c368f4.nc already exists. Reading file...
[SoC Proxy] Tuner: c*=0.754972 lost=0.000e+00 | margin=4.000% -> curtailment=0.724773
[SoC Proxy] curtailment forecast: 72.48%
 ------------------------------------------------------- 
 ----- K-Medoid, reps=90, SocDelta, W_proxy=0.5  -----
 -----      c65f549df7a20a1d646c      ----- 
 ------------------------------------------------------- 
[Model] Parameter json saved to SoC_proxy_TSA/data/parameters/c65f549df7a20a1d646c.json
> Model: SoC_proxy_TSA/data/calliope_models/c65f549df7a20a1d646c.nc already exists. Reading file...
[SoC Proxy] Tuner: c*=0.752567 lost=0.000e+00 | margin=4.000% -> curtailment=0.722464
[SoC Proxy] curtailment forecast: 72.25%
 ------------------------------------------------------- 
 ----- K-Medoid, reps=90, SocDelta, W_proxy=0.75  -----
 -----      2982a8eb088ad9119752      ----- 
 ------------------------------------------------------- 
[Model] Parameter json saved to SoC_proxy_TSA/data/parameters/2982a8eb088ad9119752.json
> Model: SoC_proxy_TSA/data/calliope_models/2982a8eb088ad9119752.nc already exists. Reading file...
[SoC Proxy] Tuner: c*=0.753379 lost=0.000e+00 | margin=4.000% -> curtailment=0.723243
[SoC Proxy] curtailment forecast: 72.32%
 ------------------------------------------------------- 
 ----- K-Medoid, reps=90, SocDelta, W_proxy=1  -----
 -----      d9a4f5ca3e509c017c50      ----- 
 ------------------------------------------------------- 
[Model] Parameter json saved to SoC_proxy_TSA/data/parameters/d9a4f5ca3e509c017c50.json
> Model: SoC_proxy_TSA/data/calliope_models/d9a4f5ca3e509c017c50.nc already exists. Reading file...
[SoC Proxy] Tuner: c*=0.743113 lost=0.000e+00 | margin=4.000% -> curtailment=0.713389
[SoC Proxy] curtailment forecast: 71.34%
 ------------------------------------------------------- 
  
[Dispatch] running scenario Sensitivity_W_reps180
   
 ------------------------------------------------------- 
 ------------------------------------------------------- 
 ----- K-Medoid, reps=180, W_proxy=0.0  -----
 -----      cd22957541b791a09380      ----- 
 ------------------------------------------------------- 
[Model] Parameter json saved to SoC_proxy_TSA/data/parameters/cd22957541b791a09380.json
[TSA] Extracting features dataframe for cd22957541b791a09380
[TSA]: Applying hierarchical clustering method, with medoidRepresentation representation.
[TSA] successfully applied. Results saved to SoC_proxy_TSA/data/cluster_maps/cd22957541b791a09380.csv.
[TSA] cluster completed in 1.24
[Calliope] Validating and Configuring Calliope model: cd22957541b791a09380
[Calliope] Building Calliope model: cd22957541b791a09380
[Calliope] Solving Calliope model: cd22957541b791a09380
[Calliope] Solution saved to: SoC_proxy_TSA/data/calliope_models/cd22957541b791a09380.nc
[Dispatch] Instance Runtime:  386.2971730232239
 ------------------------------------------------------- 
 ----- K-Medoid, reps=180, SocDelta, W_proxy=0.25  -----
 -----      b809387d62ec503eef61      ----- 
 ------------------------------------------------------- 
[Model] Parameter json saved to SoC_proxy_TSA/data/parameters/b809387d62ec503eef61.json
[TSA] Extracting features dataframe for b809387d62ec503eef61
[SoC Proxy] Tuner: c*=0.745409 lost=0.000e+00 | margin=4.000% -> curtailment=0.715592
[SoC Proxy] curtailment forecast: 71.56%
[TSA]: Applying hierarchical clustering method, with medoidRepresentation representation.
[TSA] successfully applied. Results saved to SoC_proxy_TSA/data/cluster_maps/b809387d62ec503eef61.csv.
[TSA] cluster completed in 2.04
[Calliope] Validating and Configuring Calliope model: b809387d62ec503eef61
[Calliope] Building Calliope model: b809387d62ec503eef61
[Calliope] Solving Calliope model: b809387d62ec503eef61
[Calliope] Solution saved to: SoC_proxy_TSA/data/calliope_models/b809387d62ec503eef61.nc
[Dispatch] Instance Runtime:  418.10001587867737
[SoC Proxy] Tuner: c*=0.750566 lost=0.000e+00 | margin=4.000% -> curtailment=0.720543
[SoC Proxy] curtailment forecast: 72.05%
 ------------------------------------------------------- 
 ----- K-Medoid, reps=180, SocDelta, W_proxy=0.5  -----
 -----      edbe7eda29b8e4a5e4de      ----- 
 ------------------------------------------------------- 
[Model] Parameter json saved to SoC_proxy_TSA/data/parameters/edbe7eda29b8e4a5e4de.json
[TSA] Extracting features dataframe for edbe7eda29b8e4a5e4de
[SoC Proxy] Tuner: c*=0.745409 lost=0.000e+00 | margin=4.000% -> curtailment=0.715592
[SoC Proxy] curtailment forecast: 71.56%
[TSA]: Applying hierarchical clustering method, with medoidRepresentation representation.
[TSA] successfully applied. Results saved to SoC_proxy_TSA/data/cluster_maps/edbe7eda29b8e4a5e4de.csv.
[TSA] cluster completed in 1.98
[Calliope] Validating and Configuring Calliope model: edbe7eda29b8e4a5e4de
[Calliope] Building Calliope model: edbe7eda29b8e4a5e4de
[Calliope] Solving Calliope model: edbe7eda29b8e4a5e4de
[Calliope] Solution saved to: SoC_proxy_TSA/data/calliope_models/edbe7eda29b8e4a5e4de.nc
[Dispatch] Instance Runtime:  418.9633696079254
[SoC Proxy] Tuner: c*=0.751816 lost=0.000e+00 | margin=4.000% -> curtailment=0.721743
[SoC Proxy] curtailment forecast: 72.17%
 ------------------------------------------------------- 
 ----- K-Medoid, reps=180, SocDelta, W_proxy=0.75  -----
 -----      362d5181443804998a8f      ----- 
 ------------------------------------------------------- 
[Model] Parameter json saved to SoC_proxy_TSA/data/parameters/362d5181443804998a8f.json
[TSA] Extracting features dataframe for 362d5181443804998a8f
[SoC Proxy] Tuner: c*=0.745409 lost=0.000e+00 | margin=4.000% -> curtailment=0.715592
[SoC Proxy] curtailment forecast: 71.56%
[TSA]: Applying hierarchical clustering method, with medoidRepresentation representation.
[TSA] successfully applied. Results saved to SoC_proxy_TSA/data/cluster_maps/362d5181443804998a8f.csv.
[TSA] cluster completed in 2.12
[Calliope] Validating and Configuring Calliope model: 362d5181443804998a8f
[Calliope] Building Calliope model: 362d5181443804998a8f
[Calliope] Solving Calliope model: 362d5181443804998a8f
[Calliope] Solution saved to: SoC_proxy_TSA/data/calliope_models/362d5181443804998a8f.nc
[Dispatch] Instance Runtime:  407.49563217163086
[SoC Proxy] Tuner: c*=0.748998 lost=0.000e+00 | margin=4.000% -> curtailment=0.719038
[SoC Proxy] curtailment forecast: 71.90%
 ------------------------------------------------------- 
 ----- K-Medoid, reps=180, SocDelta, W_proxy=1  -----
 -----      d1e12472318ac6618966      ----- 
 ------------------------------------------------------- 
[Model] Parameter json saved to SoC_proxy_TSA/data/parameters/d1e12472318ac6618966.json
[TSA] Extracting features dataframe for d1e12472318ac6618966
[SoC Proxy] Tuner: c*=0.745409 lost=0.000e+00 | margin=4.000% -> curtailment=0.715592
[SoC Proxy] curtailment forecast: 71.56%
[TSA]: Applying hierarchical clustering method, with medoidRepresentation representation.
weight of "solar" set to the minmal tolerable weighting
weight of "onshore_wind" set to the minmal tolerable weighting
weight of "offshore_wind" set to the minmal tolerable weighting
weight of "demand_power" set to the minmal tolerable weighting
[TSA] successfully applied. Results saved to SoC_proxy_TSA/data/cluster_maps/d1e12472318ac6618966.csv.
[TSA] cluster completed in 2.15
[Calliope] Validating and Configuring Calliope model: d1e12472318ac6618966
[Calliope] Building Calliope model: d1e12472318ac6618966
[Calliope] Solving Calliope model: d1e12472318ac6618966
[Calliope] Solution saved to: SoC_proxy_TSA/data/calliope_models/d1e12472318ac6618966.nc
[Dispatch] Instance Runtime:  506.7190532684326
[SoC Proxy] Tuner: c*=0.745280 lost=0.000e+00 | margin=4.000% -> curtailment=0.715469
[SoC Proxy] curtailment forecast: 71.55%
 ------------------------------------------------------- 
  
[Dispatch] running scenario Sensitivity_W_reps365
   
 ------------------------------------------------------- 
 ------------------------------------------------------- 
 ----- K-Medoid, reps=365, W_proxy=0.0  -----
 -----      004ebc0c7f0770d58f20      ----- 
 ------------------------------------------------------- 
[Model] Parameter json saved to SoC_proxy_TSA/data/parameters/004ebc0c7f0770d58f20.json
[TSA] Extracting features dataframe for 004ebc0c7f0770d58f20
[TSA]: Applying hierarchical clustering method, with medoidRepresentation representation.
[TSA] successfully applied. Results saved to SoC_proxy_TSA/data/cluster_maps/004ebc0c7f0770d58f20.csv.
[TSA] cluster completed in 1.42
[Calliope] Validating and Configuring Calliope model: 004ebc0c7f0770d58f20
[Calliope] Building Calliope model: 004ebc0c7f0770d58f20
[Calliope] Solving Calliope model: 004ebc0c7f0770d58f20
[Calliope] Solution saved to: SoC_proxy_TSA/data/calliope_models/004ebc0c7f0770d58f20.nc
[Dispatch] Instance Runtime:  3745.8594138622284
 ------------------------------------------------------- 
 ----- K-Medoid, reps=365, SocDelta, W_proxy=0.25  -----
 -----      928489600a581a1d5ab6      ----- 
 ------------------------------------------------------- 
[Model] Parameter json saved to SoC_proxy_TSA/data/parameters/928489600a581a1d5ab6.json
[TSA] Extracting features dataframe for 928489600a581a1d5ab6
[SoC Proxy] Tuner: c*=0.745409 lost=0.000e+00 | margin=4.000% -> curtailment=0.715592
[SoC Proxy] curtailment forecast: 71.56%
[TSA]: Applying hierarchical clustering method, with medoidRepresentation representation.
[TSA] successfully applied. Results saved to SoC_proxy_TSA/data/cluster_maps/928489600a581a1d5ab6.csv.
[TSA] cluster completed in 2.18
[Calliope] Validating and Configuring Calliope model: 928489600a581a1d5ab6
[Calliope] Building Calliope model: 928489600a581a1d5ab6
[Calliope] Solving Calliope model: 928489600a581a1d5ab6
[Calliope] Solution saved to: SoC_proxy_TSA/data/calliope_models/928489600a581a1d5ab6.nc
[Dispatch] Instance Runtime:  3646.1631960868835
[SoC Proxy] Tuner: c*=0.750212 lost=0.000e+00 | margin=4.000% -> curtailment=0.720203
[SoC Proxy] curtailment forecast: 72.02%
 ------------------------------------------------------- 
 ----- K-Medoid, reps=365, SocDelta, W_proxy=0.5  -----
 -----      39d51e21456b16fcec87      ----- 
 ------------------------------------------------------- 
[Model] Parameter json saved to SoC_proxy_TSA/data/parameters/39d51e21456b16fcec87.json
[TSA] Extracting features dataframe for 39d51e21456b16fcec87
[SoC Proxy] Tuner: c*=0.745409 lost=0.000e+00 | margin=4.000% -> curtailment=0.715592
[SoC Proxy] curtailment forecast: 71.56%
[TSA]: Applying hierarchical clustering method, with medoidRepresentation representation.
[TSA] successfully applied. Results saved to SoC_proxy_TSA/data/cluster_maps/39d51e21456b16fcec87.csv.
[TSA] cluster completed in 2.22
[Calliope] Validating and Configuring Calliope model: 39d51e21456b16fcec87
[Calliope] Building Calliope model: 39d51e21456b16fcec87
[Calliope] Solving Calliope model: 39d51e21456b16fcec87
[Calliope] Solution saved to: SoC_proxy_TSA/data/calliope_models/39d51e21456b16fcec87.nc
[Dispatch] Instance Runtime:  4013.056859970093
[SoC Proxy] Tuner: c*=0.747758 lost=0.000e+00 | margin=4.000% -> curtailment=0.717847
[SoC Proxy] curtailment forecast: 71.78%
 ------------------------------------------------------- 
 ----- K-Medoid, reps=365, SocDelta, W_proxy=0.75  -----
 -----      83f36c4b28b37678ed9c      ----- 
 ------------------------------------------------------- 
[Model] Parameter json saved to SoC_proxy_TSA/data/parameters/83f36c4b28b37678ed9c.json
[TSA] Extracting features dataframe for 83f36c4b28b37678ed9c
[SoC Proxy] Tuner: c*=0.745409 lost=0.000e+00 | margin=4.000% -> curtailment=0.715592
[SoC Proxy] curtailment forecast: 71.56%
[TSA]: Applying hierarchical clustering method, with medoidRepresentation representation.
[TSA] successfully applied. Results saved to SoC_proxy_TSA/data/cluster_maps/83f36c4b28b37678ed9c.csv.
[TSA] cluster completed in 2.24
[Calliope] Validating and Configuring Calliope model: 83f36c4b28b37678ed9c
[Calliope] Building Calliope model: 83f36c4b28b37678ed9c
[Calliope] Solving Calliope model: 83f36c4b28b37678ed9c
[Calliope] Solution saved to: SoC_proxy_TSA/data/calliope_models/83f36c4b28b37678ed9c.nc
[Dispatch] Instance Runtime:  3939.1980624198914
[SoC Proxy] Tuner: c*=0.747617 lost=0.000e+00 | margin=4.000% -> curtailment=0.717712
[SoC Proxy] curtailment forecast: 71.77%
 ------------------------------------------------------- 
 ----- K-Medoid, reps=365, SocDelta, W_proxy=1  -----
 -----      7d17da0f6a420fdbf9c9      ----- 
 ------------------------------------------------------- 
[Model] Parameter json saved to SoC_proxy_TSA/data/parameters/7d17da0f6a420fdbf9c9.json
[TSA] Extracting features dataframe for 7d17da0f6a420fdbf9c9
[SoC Proxy] Tuner: c*=0.745409 lost=0.000e+00 | margin=4.000% -> curtailment=0.715592
[SoC Proxy] curtailment forecast: 71.56%
[TSA]: Applying hierarchical clustering method, with medoidRepresentation representation.
weight of "solar" set to the minmal tolerable weighting
weight of "onshore_wind" set to the minmal tolerable weighting
weight of "offshore_wind" set to the minmal tolerable weighting
weight of "demand_power" set to the minmal tolerable weighting
[TSA] successfully applied. Results saved to SoC_proxy_TSA/data/cluster_maps/7d17da0f6a420fdbf9c9.csv.
[TSA] cluster completed in 2.17
[Calliope] Validating and Configuring Calliope model: 7d17da0f6a420fdbf9c9
[Calliope] Building Calliope model: 7d17da0f6a420fdbf9c9
[Calliope] Solving Calliope model: 7d17da0f6a420fdbf9c9
[Calliope] Solution saved to: SoC_proxy_TSA/data/calliope_models/7d17da0f6a420fdbf9c9.nc
[Dispatch] Instance Runtime:  4278.938564300537
[SoC Proxy] Tuner: c*=0.742439 lost=0.000e+00 | margin=4.000% -> curtailment=0.712741
[SoC Proxy] curtailment forecast: 71.27%
 ------------------------------------------------------- 
  
[Dispatch] running scenario Sensitivity_W_reps14
   
 ------------------------------------------------------- 
 ------------------------------------------------------- 
 ----- K-Medoid, reps=14, W_proxy=0.0  -----
 -----      f9d8724dd87f6e2c15d2      ----- 
 ------------------------------------------------------- 
[Model] Parameter json saved to SoC_proxy_TSA/data/parameters/f9d8724dd87f6e2c15d2.json
[TSA] Extracting features dataframe for f9d8724dd87f6e2c15d2
[TSA]: Applying hierarchical clustering method, with medoidRepresentation representation.
[TSA] successfully applied. Results saved to SoC_proxy_TSA/data/cluster_maps/f9d8724dd87f6e2c15d2.csv.
[TSA] cluster completed in 1.40
[Calliope] Validating and Configuring Calliope model: f9d8724dd87f6e2c15d2
[Calliope] Building Calliope model: f9d8724dd87f6e2c15d2
[Calliope] Solving Calliope model: f9d8724dd87f6e2c15d2
[Calliope] Solution saved to: SoC_proxy_TSA/data/calliope_models/f9d8724dd87f6e2c15d2.nc
[Dispatch] Instance Runtime:  15.414972066879272
 ------------------------------------------------------- 
 ----- K-Medoid, reps=14, SocDelta, W_proxy=0.25  -----
 -----      c5928573d3410265faae      ----- 
 ------------------------------------------------------- 
[Model] Parameter json saved to SoC_proxy_TSA/data/parameters/c5928573d3410265faae.json
[TSA] Extracting features dataframe for c5928573d3410265faae
[SoC Proxy] Tuner: c*=0.742199 lost=0.000e+00 | margin=4.000% -> curtailment=0.712511
[SoC Proxy] curtailment forecast: 71.25%
[TSA]: Applying hierarchical clustering method, with medoidRepresentation representation.
[TSA] successfully applied. Results saved to SoC_proxy_TSA/data/cluster_maps/c5928573d3410265faae.csv.
[TSA] cluster completed in 2.23
[Calliope] Validating and Configuring Calliope model: c5928573d3410265faae
[Calliope] Building Calliope model: c5928573d3410265faae
[Calliope] Solving Calliope model: c5928573d3410265faae
[Calliope] Solution saved to: SoC_proxy_TSA/data/calliope_models/c5928573d3410265faae.nc
[Dispatch] Instance Runtime:  14.353816509246826
[SoC Proxy] Tuner: c*=0.773303 lost=0.000e+00 | margin=4.000% -> curtailment=0.742371
[SoC Proxy] curtailment forecast: 74.24%
 ------------------------------------------------------- 
 ----- K-Medoid, reps=14, SocDelta, W_proxy=0.5  -----
 -----      cfea584ceb4259ab8403      ----- 
 ------------------------------------------------------- 
[Model] Parameter json saved to SoC_proxy_TSA/data/parameters/cfea584ceb4259ab8403.json
[TSA] Extracting features dataframe for cfea584ceb4259ab8403
[SoC Proxy] Tuner: c*=0.742199 lost=0.000e+00 | margin=4.000% -> curtailment=0.712511
[SoC Proxy] curtailment forecast: 71.25%
[TSA]: Applying hierarchical clustering method, with medoidRepresentation representation.
[TSA] successfully applied. Results saved to SoC_proxy_TSA/data/cluster_maps/cfea584ceb4259ab8403.csv.
[TSA] cluster completed in 2.15
[Calliope] Validating and Configuring Calliope model: cfea584ceb4259ab8403
[Calliope] Building Calliope model: cfea584ceb4259ab8403
[Calliope] Solving Calliope model: cfea584ceb4259ab8403
[Calliope] Solution saved to: SoC_proxy_TSA/data/calliope_models/cfea584ceb4259ab8403.nc
[Dispatch] Instance Runtime:  16.32363510131836
[SoC Proxy] Tuner: c*=0.757791 lost=0.000e+00 | margin=4.000% -> curtailment=0.727479
[SoC Proxy] curtailment forecast: 72.75%
 ------------------------------------------------------- 
 ----- K-Medoid, reps=14, SocDelta, W_proxy=0.75  -----
 -----      61b087d297a5b27959a2      ----- 
 ------------------------------------------------------- 
[Model] Parameter json saved to SoC_proxy_TSA/data/parameters/61b087d297a5b27959a2.json
[TSA] Extracting features dataframe for 61b087d297a5b27959a2
[SoC Proxy] Tuner: c*=0.742199 lost=0.000e+00 | margin=4.000% -> curtailment=0.712511
[SoC Proxy] curtailment forecast: 71.25%
[TSA]: Applying hierarchical clustering method, with medoidRepresentation representation.
[TSA] successfully applied. Results saved to SoC_proxy_TSA/data/cluster_maps/61b087d297a5b27959a2.csv.
[TSA] cluster completed in 2.16
[Calliope] Validating and Configuring Calliope model: 61b087d297a5b27959a2
[Calliope] Building Calliope model: 61b087d297a5b27959a2
[Calliope] Solving Calliope model: 61b087d297a5b27959a2
[Calliope] Solution saved to: SoC_proxy_TSA/data/calliope_models/61b087d297a5b27959a2.nc
[Dispatch] Instance Runtime:  17.080507278442383
[SoC Proxy] Tuner: c*=0.758105 lost=0.000e+00 | margin=4.000% -> curtailment=0.727781
[SoC Proxy] curtailment forecast: 72.78%
 ------------------------------------------------------- 
 ----- K-Medoid, reps=14, SocDelta, W_proxy=1  -----
 -----      b0bddfa5f9dc485e3002      ----- 
 ------------------------------------------------------- 
[Model] Parameter json saved to SoC_proxy_TSA/data/parameters/b0bddfa5f9dc485e3002.json
[TSA] Extracting features dataframe for b0bddfa5f9dc485e3002
[SoC Proxy] Tuner: c*=0.742199 lost=0.000e+00 | margin=4.000% -> curtailment=0.712511
[SoC Proxy] curtailment forecast: 71.25%
[TSA]: Applying hierarchical clustering method, with medoidRepresentation representation.
weight of "solar" set to the minmal tolerable weighting
weight of "onshore_wind" set to the minmal tolerable weighting
weight of "offshore_wind" set to the minmal tolerable weighting
weight of "demand_power" set to the minmal tolerable weighting
[TSA] successfully applied. Results saved to SoC_proxy_TSA/data/cluster_maps/b0bddfa5f9dc485e3002.csv.
[TSA] cluster completed in 2.21
[Calliope] Validating and Configuring Calliope model: b0bddfa5f9dc485e3002
[Calliope] Building Calliope model: b0bddfa5f9dc485e3002
[Calliope] Solving Calliope model: b0bddfa5f9dc485e3002
[Calliope] Solution saved to: SoC_proxy_TSA/data/calliope_models/b0bddfa5f9dc485e3002.nc
[Dispatch] Instance Runtime:  14.954537630081177
[SoC Proxy] Tuner: c*=0.749176 lost=0.000e+00 | margin=4.000% -> curtailment=0.719209
[SoC Proxy] curtailment forecast: 71.92%
 ------------------------------------------------------- 
  
[Dispatch] running scenario Sensitivity_W_reps30
   
 ------------------------------------------------------- 
 ------------------------------------------------------- 
 ----- K-Medoid, reps=30, W_proxy=0.0  -----
 -----      cca96231ddaec208d63c      ----- 
 ------------------------------------------------------- 
[Model] Parameter json saved to SoC_proxy_TSA/data/parameters/cca96231ddaec208d63c.json
[TSA] Extracting features dataframe for cca96231ddaec208d63c
[TSA]: Applying hierarchical clustering method, with medoidRepresentation representation.
[TSA] successfully applied. Results saved to SoC_proxy_TSA/data/cluster_maps/cca96231ddaec208d63c.csv.
[TSA] cluster completed in 1.33
[Calliope] Validating and Configuring Calliope model: cca96231ddaec208d63c
[Calliope] Building Calliope model: cca96231ddaec208d63c
[Calliope] Solving Calliope model: cca96231ddaec208d63c
[Calliope] Solution saved to: SoC_proxy_TSA/data/calliope_models/cca96231ddaec208d63c.nc
[Dispatch] Instance Runtime:  23.64037251472473
 ------------------------------------------------------- 
 ----- K-Medoid, reps=30, SocDelta, W_proxy=0.25  -----
 -----      6d1073a43333e8bf746b      ----- 
 ------------------------------------------------------- 
[Model] Parameter json saved to SoC_proxy_TSA/data/parameters/6d1073a43333e8bf746b.json
[TSA] Extracting features dataframe for 6d1073a43333e8bf746b
[SoC Proxy] Tuner: c*=0.742199 lost=0.000e+00 | margin=4.000% -> curtailment=0.712511
[SoC Proxy] curtailment forecast: 71.25%
[TSA]: Applying hierarchical clustering method, with medoidRepresentation representation.
[TSA] successfully applied. Results saved to SoC_proxy_TSA/data/cluster_maps/6d1073a43333e8bf746b.csv.
[TSA] cluster completed in 2.19
[Calliope] Validating and Configuring Calliope model: 6d1073a43333e8bf746b
[Calliope] Building Calliope model: 6d1073a43333e8bf746b
[Calliope] Solving Calliope model: 6d1073a43333e8bf746b
[Calliope] Solution saved to: SoC_proxy_TSA/data/calliope_models/6d1073a43333e8bf746b.nc
[Dispatch] Instance Runtime:  25.73418164253235
[SoC Proxy] Tuner: c*=0.758584 lost=0.000e+00 | margin=4.000% -> curtailment=0.728241
[SoC Proxy] curtailment forecast: 72.82%
 ------------------------------------------------------- 
 ----- K-Medoid, reps=30, SocDelta, W_proxy=0.5  -----
 -----      f99ba5edc7a69d75f3d6      ----- 
 ------------------------------------------------------- 
[Model] Parameter json saved to SoC_proxy_TSA/data/parameters/f99ba5edc7a69d75f3d6.json
[TSA] Extracting features dataframe for f99ba5edc7a69d75f3d6
[SoC Proxy] Tuner: c*=0.742199 lost=0.000e+00 | margin=4.000% -> curtailment=0.712511
[SoC Proxy] curtailment forecast: 71.25%
[TSA]: Applying hierarchical clustering method, with medoidRepresentation representation.
[TSA] successfully applied. Results saved to SoC_proxy_TSA/data/cluster_maps/f99ba5edc7a69d75f3d6.csv.
[TSA] cluster completed in 2.16
[Calliope] Validating and Configuring Calliope model: f99ba5edc7a69d75f3d6
[Calliope] Building Calliope model: f99ba5edc7a69d75f3d6
[Calliope] Solving Calliope model: f99ba5edc7a69d75f3d6
[Calliope] Solution saved to: SoC_proxy_TSA/data/calliope_models/f99ba5edc7a69d75f3d6.nc
[Dispatch] Instance Runtime:  23.984790325164795
[SoC Proxy] Tuner: c*=0.754130 lost=0.000e+00 | margin=4.000% -> curtailment=0.723965
[SoC Proxy] curtailment forecast: 72.40%
 ------------------------------------------------------- 
 ----- K-Medoid, reps=30, SocDelta, W_proxy=0.75  -----
 -----      29ddf176ef3fad7ab98a      ----- 
 ------------------------------------------------------- 
[Model] Parameter json saved to SoC_proxy_TSA/data/parameters/29ddf176ef3fad7ab98a.json
[TSA] Extracting features dataframe for 29ddf176ef3fad7ab98a
[SoC Proxy] Tuner: c*=0.742199 lost=0.000e+00 | margin=4.000% -> curtailment=0.712511
[SoC Proxy] curtailment forecast: 71.25%
[TSA]: Applying hierarchical clustering method, with medoidRepresentation representation.
[TSA] successfully applied. Results saved to SoC_proxy_TSA/data/cluster_maps/29ddf176ef3fad7ab98a.csv.
[TSA] cluster completed in 2.22
[Calliope] Validating and Configuring Calliope model: 29ddf176ef3fad7ab98a
[Calliope] Building Calliope model: 29ddf176ef3fad7ab98a
[Calliope] Solving Calliope model: 29ddf176ef3fad7ab98a
[Calliope] Solution saved to: SoC_proxy_TSA/data/calliope_models/29ddf176ef3fad7ab98a.nc
[Dispatch] Instance Runtime:  25.55333113670349
[SoC Proxy] Tuner: c*=0.745972 lost=0.000e+00 | margin=4.000% -> curtailment=0.716133
[SoC Proxy] curtailment forecast: 71.61%
 ------------------------------------------------------- 
 ----- K-Medoid, reps=30, SocDelta, W_proxy=1  -----
 -----      02a75ef6069e211678ca      ----- 
 ------------------------------------------------------- 
[Model] Parameter json saved to SoC_proxy_TSA/data/parameters/02a75ef6069e211678ca.json
[TSA] Extracting features dataframe for 02a75ef6069e211678ca
[SoC Proxy] Tuner: c*=0.742199 lost=0.000e+00 | margin=4.000% -> curtailment=0.712511
[SoC Proxy] curtailment forecast: 71.25%
[TSA]: Applying hierarchical clustering method, with medoidRepresentation representation.
weight of "solar" set to the minmal tolerable weighting
weight of "onshore_wind" set to the minmal tolerable weighting
weight of "offshore_wind" set to the minmal tolerable weighting
weight of "demand_power" set to the minmal tolerable weighting
[TSA] successfully applied. Results saved to SoC_proxy_TSA/data/cluster_maps/02a75ef6069e211678ca.csv.
[TSA] cluster completed in 2.11
[Calliope] Validating and Configuring Calliope model: 02a75ef6069e211678ca
[Calliope] Building Calliope model: 02a75ef6069e211678ca
[Calliope] Solving Calliope model: 02a75ef6069e211678ca
[Calliope] Solution saved to: SoC_proxy_TSA/data/calliope_models/02a75ef6069e211678ca.nc
[Dispatch] Instance Runtime:  23.069448947906494
[SoC Proxy] Tuner: c*=0.751498 lost=0.000e+00 | margin=4.000% -> curtailment=0.721438
[SoC Proxy] curtailment forecast: 72.14%
 ------------------------------------------------------- 
  
[Dispatch] running scenario Sensitivity_W_reps45
   
 ------------------------------------------------------- 
 ------------------------------------------------------- 
 ----- K-Medoid, reps=45, W_proxy=0.0  -----
 -----      ef521357eb69b6d37f12      ----- 
 ------------------------------------------------------- 
[Model] Parameter json saved to SoC_proxy_TSA/data/parameters/ef521357eb69b6d37f12.json
> Model: SoC_proxy_TSA/data/calliope_models/ef521357eb69b6d37f12.nc already exists. Reading file...
 ------------------------------------------------------- 
 ----- K-Medoid, reps=45, SocDelta, W_proxy=0.25  -----
 -----      719e80392d41152e6f02      ----- 
 ------------------------------------------------------- 
[Model] Parameter json saved to SoC_proxy_TSA/data/parameters/719e80392d41152e6f02.json
> Model: SoC_proxy_TSA/data/calliope_models/719e80392d41152e6f02.nc already exists. Reading file...
[SoC Proxy] Tuner: c*=0.751662 lost=0.000e+00 | margin=4.000% -> curtailment=0.721595
[SoC Proxy] curtailment forecast: 72.16%
 ------------------------------------------------------- 
 ----- K-Medoid, reps=45, SocDelta, W_proxy=0.5  -----
 -----      816873e813056c976cc0      ----- 
 ------------------------------------------------------- 
[Model] Parameter json saved to SoC_proxy_TSA/data/parameters/816873e813056c976cc0.json
> Model: SoC_proxy_TSA/data/calliope_models/816873e813056c976cc0.nc already exists. Reading file...
[SoC Proxy] Tuner: c*=0.753566 lost=0.000e+00 | margin=4.000% -> curtailment=0.723423
[SoC Proxy] curtailment forecast: 72.34%
 ------------------------------------------------------- 
 ----- K-Medoid, reps=45, SocDelta, W_proxy=0.75  -----
 -----      8b4b1db23485c0c20037      ----- 
 ------------------------------------------------------- 
[Model] Parameter json saved to SoC_proxy_TSA/data/parameters/8b4b1db23485c0c20037.json
> Model: SoC_proxy_TSA/data/calliope_models/8b4b1db23485c0c20037.nc already exists. Reading file...
[SoC Proxy] Tuner: c*=0.746999 lost=0.000e+00 | margin=4.000% -> curtailment=0.717119
[SoC Proxy] curtailment forecast: 71.71%
 ------------------------------------------------------- 
 ----- K-Medoid, reps=45, SocDelta, W_proxy=1  -----
 -----      cd2026b3330a0e30f455      ----- 
 ------------------------------------------------------- 
[Model] Parameter json saved to SoC_proxy_TSA/data/parameters/cd2026b3330a0e30f455.json
> Model: SoC_proxy_TSA/data/calliope_models/cd2026b3330a0e30f455.nc already exists. Reading file...
[SoC Proxy] Tuner: c*=0.738303 lost=0.000e+00 | margin=4.000% -> curtailment=0.708771
[SoC Proxy] curtailment forecast: 70.88%
 ------------------------------------------------------- 
  
[Dispatch] running scenario Sensitivity_W_reps60
   
 ------------------------------------------------------- 
 ------------------------------------------------------- 
 ----- K-Medoid, reps=60, W_proxy=0.0  -----
 -----      4271cfa70313b0650123      ----- 
 ------------------------------------------------------- 
[Model] Parameter json saved to SoC_proxy_TSA/data/parameters/4271cfa70313b0650123.json
> Model: SoC_proxy_TSA/data/calliope_models/4271cfa70313b0650123.nc already exists. Reading file...
 ------------------------------------------------------- 
 ----- K-Medoid, reps=60, SocDelta, W_proxy=0.25  -----
 -----      2e851e0dc4c4e7399b7b      ----- 
 ------------------------------------------------------- 
[Model] Parameter json saved to SoC_proxy_TSA/data/parameters/2e851e0dc4c4e7399b7b.json
> Model: SoC_proxy_TSA/data/calliope_models/2e851e0dc4c4e7399b7b.nc already exists. Reading file...
[SoC Proxy] Tuner: c*=0.749758 lost=0.000e+00 | margin=4.000% -> curtailment=0.719768
[SoC Proxy] curtailment forecast: 71.98%
 ------------------------------------------------------- 
 ----- K-Medoid, reps=60, SocDelta, W_proxy=0.5  -----
 -----      4507661b6f039cd3864f      ----- 
 ------------------------------------------------------- 
[Model] Parameter json saved to SoC_proxy_TSA/data/parameters/4507661b6f039cd3864f.json
> Model: SoC_proxy_TSA/data/calliope_models/4507661b6f039cd3864f.nc already exists. Reading file...
[SoC Proxy] Tuner: c*=0.754040 lost=0.000e+00 | margin=4.000% -> curtailment=0.723879
[SoC Proxy] curtailment forecast: 72.39%
 ------------------------------------------------------- 
 ----- K-Medoid, reps=60, SocDelta, W_proxy=0.75  -----
 -----      50c732139749ff433012      ----- 
 ------------------------------------------------------- 
[Model] Parameter json saved to SoC_proxy_TSA/data/parameters/50c732139749ff433012.json
> Model: SoC_proxy_TSA/data/calliope_models/50c732139749ff433012.nc already exists. Reading file...
[SoC Proxy] Tuner: c*=0.746163 lost=0.000e+00 | margin=4.000% -> curtailment=0.716316
[SoC Proxy] curtailment forecast: 71.63%
 ------------------------------------------------------- 
 ----- K-Medoid, reps=60, SocDelta, W_proxy=1  -----
 -----      4d8b46fb8c7d86ca9f43      ----- 
 ------------------------------------------------------- 
[Model] Parameter json saved to SoC_proxy_TSA/data/parameters/4d8b46fb8c7d86ca9f43.json
> Model: SoC_proxy_TSA/data/calliope_models/4d8b46fb8c7d86ca9f43.nc already exists. Reading file...
[SoC Proxy] Tuner: c*=0.740248 lost=0.000e+00 | margin=4.000% -> curtailment=0.710638
[SoC Proxy] curtailment forecast: 71.06%
 ------------------------------------------------------- 
  
[Dispatch] running scenario Sensitivity_W_reps90
   
 ------------------------------------------------------- 
 ------------------------------------------------------- 
 ----- K-Medoid, reps=90, W_proxy=0.0  -----
 -----      2c24bf2742dc002d7202      ----- 
 ------------------------------------------------------- 
[Model] Parameter json saved to SoC_proxy_TSA/data/parameters/2c24bf2742dc002d7202.json
> Model: SoC_proxy_TSA/data/calliope_models/2c24bf2742dc002d7202.nc already exists. Reading file...
 ------------------------------------------------------- 
 ----- K-Medoid, reps=90, SocDelta, W_proxy=0.25  -----
 -----      e034f009eab4349dacb8      ----- 
 ------------------------------------------------------- 
[Model] Parameter json saved to SoC_proxy_TSA/data/parameters/e034f009eab4349dacb8.json
> Model: SoC_proxy_TSA/data/calliope_models/e034f009eab4349dacb8.nc already exists. Reading file...
[SoC Proxy] Tuner: c*=0.747079 lost=0.000e+00 | margin=4.000% -> curtailment=0.717196
[SoC Proxy] curtailment forecast: 71.72%
 ------------------------------------------------------- 
 ----- K-Medoid, reps=90, SocDelta, W_proxy=0.5  -----
 -----      38c5a1a80d36c20c5914      ----- 
 ------------------------------------------------------- 
[Model] Parameter json saved to SoC_proxy_TSA/data/parameters/38c5a1a80d36c20c5914.json
> Model: SoC_proxy_TSA/data/calliope_models/38c5a1a80d36c20c5914.nc already exists. Reading file...
[SoC Proxy] Tuner: c*=0.750236 lost=0.000e+00 | margin=4.000% -> curtailment=0.720227
[SoC Proxy] curtailment forecast: 72.02%
 ------------------------------------------------------- 
 ----- K-Medoid, reps=90, SocDelta, W_proxy=0.75  -----
 -----      d50d3208c6f46e11a436      ----- 
 ------------------------------------------------------- 
[Model] Parameter json saved to SoC_proxy_TSA/data/parameters/d50d3208c6f46e11a436.json
> Model: SoC_proxy_TSA/data/calliope_models/d50d3208c6f46e11a436.nc already exists. Reading file...
[SoC Proxy] Tuner: c*=0.752971 lost=0.000e+00 | margin=4.000% -> curtailment=0.722852
[SoC Proxy] curtailment forecast: 72.29%
 ------------------------------------------------------- 
 ----- K-Medoid, reps=90, SocDelta, W_proxy=1  -----
 -----      cf3ea28d2f3dcc19003f      ----- 
 ------------------------------------------------------- 
[Model] Parameter json saved to SoC_proxy_TSA/data/parameters/cf3ea28d2f3dcc19003f.json
> Model: SoC_proxy_TSA/data/calliope_models/cf3ea28d2f3dcc19003f.nc already exists. Reading file...
[SoC Proxy] Tuner: c*=0.738791 lost=0.000e+00 | margin=4.000% -> curtailment=0.709240
[SoC Proxy] curtailment forecast: 70.92%
 ------------------------------------------------------- 
  
[Dispatch] running scenario Sensitivity_W_reps180
   
 ------------------------------------------------------- 
 ------------------------------------------------------- 
 ----- K-Medoid, reps=180, W_proxy=0.0  -----
 -----      9806e17a9424090cf489      ----- 
 ------------------------------------------------------- 
[Model] Parameter json saved to SoC_proxy_TSA/data/parameters/9806e17a9424090cf489.json
[TSA] Extracting features dataframe for 9806e17a9424090cf489
[TSA]: Applying hierarchical clustering method, with medoidRepresentation representation.
[TSA] successfully applied. Results saved to SoC_proxy_TSA/data/cluster_maps/9806e17a9424090cf489.csv.
[TSA] cluster completed in 1.47
[Calliope] Validating and Configuring Calliope model: 9806e17a9424090cf489
[Calliope] Building Calliope model: 9806e17a9424090cf489
[Calliope] Solving Calliope model: 9806e17a9424090cf489
[Calliope] Solution saved to: SoC_proxy_TSA/data/calliope_models/9806e17a9424090cf489.nc
[Dispatch] Instance Runtime:  589.0682144165039
 ------------------------------------------------------- 
 ----- K-Medoid, reps=180, SocDelta, W_proxy=0.25  -----
 -----      f6d699f29f476f8c884a      ----- 
 ------------------------------------------------------- 
[Model] Parameter json saved to SoC_proxy_TSA/data/parameters/f6d699f29f476f8c884a.json
[TSA] Extracting features dataframe for f6d699f29f476f8c884a
[SoC Proxy] Tuner: c*=0.742199 lost=0.000e+00 | margin=4.000% -> curtailment=0.712511
[SoC Proxy] curtailment forecast: 71.25%
[TSA]: Applying hierarchical clustering method, with medoidRepresentation representation.
[TSA] successfully applied. Results saved to SoC_proxy_TSA/data/cluster_maps/f6d699f29f476f8c884a.csv.
[TSA] cluster completed in 2.20
[Calliope] Validating and Configuring Calliope model: f6d699f29f476f8c884a
[Calliope] Building Calliope model: f6d699f29f476f8c884a
[Calliope] Solving Calliope model: f6d699f29f476f8c884a
[Calliope] Solution saved to: SoC_proxy_TSA/data/calliope_models/f6d699f29f476f8c884a.nc
[Dispatch] Instance Runtime:  547.96510887146
[SoC Proxy] Tuner: c*=0.744885 lost=0.000e+00 | margin=4.000% -> curtailment=0.715090
[SoC Proxy] curtailment forecast: 71.51%
 ------------------------------------------------------- 
 ----- K-Medoid, reps=180, SocDelta, W_proxy=0.5  -----
 -----      7fc1dfca565214e26500      ----- 
 ------------------------------------------------------- 
[Model] Parameter json saved to SoC_proxy_TSA/data/parameters/7fc1dfca565214e26500.json
[TSA] Extracting features dataframe for 7fc1dfca565214e26500
[SoC Proxy] Tuner: c*=0.742199 lost=0.000e+00 | margin=4.000% -> curtailment=0.712511
[SoC Proxy] curtailment forecast: 71.25%
[TSA]: Applying hierarchical clustering method, with medoidRepresentation representation.
[TSA] successfully applied. Results saved to SoC_proxy_TSA/data/cluster_maps/7fc1dfca565214e26500.csv.
[TSA] cluster completed in 2.30
[Calliope] Validating and Configuring Calliope model: 7fc1dfca565214e26500
[Calliope] Building Calliope model: 7fc1dfca565214e26500
[Calliope] Solving Calliope model: 7fc1dfca565214e26500
[Calliope] Solution saved to: SoC_proxy_TSA/data/calliope_models/7fc1dfca565214e26500.nc
[Dispatch] Instance Runtime:  460.926805973053
[SoC Proxy] Tuner: c*=0.747277 lost=0.000e+00 | margin=4.000% -> curtailment=0.717386
[SoC Proxy] curtailment forecast: 71.74%
 ------------------------------------------------------- 
 ----- K-Medoid, reps=180, SocDelta, W_proxy=0.75  -----
 -----      9b0bf69fbf65472cf7d2      ----- 
 ------------------------------------------------------- 
[Model] Parameter json saved to SoC_proxy_TSA/data/parameters/9b0bf69fbf65472cf7d2.json
[TSA] Extracting features dataframe for 9b0bf69fbf65472cf7d2
[SoC Proxy] Tuner: c*=0.742199 lost=0.000e+00 | margin=4.000% -> curtailment=0.712511
[SoC Proxy] curtailment forecast: 71.25%
[TSA]: Applying hierarchical clustering method, with medoidRepresentation representation.
[TSA] successfully applied. Results saved to SoC_proxy_TSA/data/cluster_maps/9b0bf69fbf65472cf7d2.csv.
[TSA] cluster completed in 2.29
[Calliope] Validating and Configuring Calliope model: 9b0bf69fbf65472cf7d2
[Calliope] Building Calliope model: 9b0bf69fbf65472cf7d2
[Calliope] Solving Calliope model: 9b0bf69fbf65472cf7d2
[Calliope] Solution saved to: SoC_proxy_TSA/data/calliope_models/9b0bf69fbf65472cf7d2.nc
[Dispatch] Instance Runtime:  740.1177816390991
[SoC Proxy] Tuner: c*=0.750687 lost=0.000e+00 | margin=4.000% -> curtailment=0.720659
[SoC Proxy] curtailment forecast: 72.07%
 ------------------------------------------------------- 
 ----- K-Medoid, reps=180, SocDelta, W_proxy=1  -----
 -----      38670995634680ad4108      ----- 
 ------------------------------------------------------- 
[Model] Parameter json saved to SoC_proxy_TSA/data/parameters/38670995634680ad4108.json
[TSA] Extracting features dataframe for 38670995634680ad4108
[SoC Proxy] Tuner: c*=0.742199 lost=0.000e+00 | margin=4.000% -> curtailment=0.712511
[SoC Proxy] curtailment forecast: 71.25%
[TSA]: Applying hierarchical clustering method, with medoidRepresentation representation.
weight of "solar" set to the minmal tolerable weighting
weight of "onshore_wind" set to the minmal tolerable weighting
weight of "offshore_wind" set to the minmal tolerable weighting
weight of "demand_power" set to the minmal tolerable weighting
[TSA] successfully applied. Results saved to SoC_proxy_TSA/data/cluster_maps/38670995634680ad4108.csv.
[TSA] cluster completed in 2.39
[Calliope] Validating and Configuring Calliope model: 38670995634680ad4108
[Calliope] Building Calliope model: 38670995634680ad4108
[Calliope] Solving Calliope model: 38670995634680ad4108
[Calliope] Solution saved to: SoC_proxy_TSA/data/calliope_models/38670995634680ad4108.nc
[Dispatch] Instance Runtime:  738.1847789287567
[SoC Proxy] Tuner: c*=0.747885 lost=0.000e+00 | margin=4.000% -> curtailment=0.717970
[SoC Proxy] curtailment forecast: 71.80%
 ------------------------------------------------------- 
  
[Dispatch] running scenario Sensitivity_W_reps365
   
 ------------------------------------------------------- 
 ------------------------------------------------------- 
 ----- K-Medoid, reps=365, W_proxy=0.0  -----
 -----      7c08df108c33348e56b9      ----- 
 ------------------------------------------------------- 
[Model] Parameter json saved to SoC_proxy_TSA/data/parameters/7c08df108c33348e56b9.json
[TSA] Extracting features dataframe for 7c08df108c33348e56b9
[TSA]: Applying hierarchical clustering method, with medoidRepresentation representation.
[TSA] successfully applied. Results saved to SoC_proxy_TSA/data/cluster_maps/7c08df108c33348e56b9.csv.
[TSA] cluster completed in 1.58
[Calliope] Validating and Configuring Calliope model: 7c08df108c33348e56b9
[Calliope] Building Calliope model: 7c08df108c33348e56b9
[Calliope] Solving Calliope model: 7c08df108c33348e56b9
[Calliope] Solution saved to: SoC_proxy_TSA/data/calliope_models/7c08df108c33348e56b9.nc
[Dispatch] Instance Runtime:  2669.9546327590942
 ------------------------------------------------------- 
 ----- K-Medoid, reps=365, SocDelta, W_proxy=0.25  -----
 -----      c3c72d30028dd02d572d      ----- 
 ------------------------------------------------------- 
[Model] Parameter json saved to SoC_proxy_TSA/data/parameters/c3c72d30028dd02d572d.json
[TSA] Extracting features dataframe for c3c72d30028dd02d572d
[SoC Proxy] Tuner: c*=0.742199 lost=0.000e+00 | margin=4.000% -> curtailment=0.712511
[SoC Proxy] curtailment forecast: 71.25%
[TSA]: Applying hierarchical clustering method, with medoidRepresentation representation.
[TSA] successfully applied. Results saved to SoC_proxy_TSA/data/cluster_maps/c3c72d30028dd02d572d.csv.
[TSA] cluster completed in 2.18
[Calliope] Validating and Configuring Calliope model: c3c72d30028dd02d572d
[Calliope] Building Calliope model: c3c72d30028dd02d572d
[Calliope] Solving Calliope model: c3c72d30028dd02d572d
srun: Job step aborted: Waiting up to 122 seconds for job step to finish.
slurmstepd: error: *** STEP 8620954.0 ON cmp201 CANCELLED AT 2025-11-20T19:21:43 DUE TO TIME LIMIT ***
slurmstepd: error: *** JOB 8620954 ON cmp201 CANCELLED AT 2025-11-20T19:21:43 DUE TO TIME LIMIT ***
