Running on host: cmp050
 ------------------------------------------------------- 
[Dispatch] Scenarios include...
['Sensitivity_W_reps365']
[['SoC_proxy_TSA/data/timeseries/time_varying_parameters_GB.csv', [2010, 2019]], ['SoC_proxy_TSA/data/timeseries/time_varying_parameters_GB.csv', [2012, 2021]]]
 ------------------------------------------------------- 
 ------------------------------------------------------- 
  
[Dispatch] running scenario Sensitivity_W_reps365
   
 ------------------------------------------------------- 
 ------------------------------------------------------- 
 ----- K-Medoid, reps=365, W_proxy=0.0  -----
 -----      4d2b17fdc1505d690948      ----- 
 ------------------------------------------------------- 
[Model] Parameter json saved to SoC_proxy_TSA/data/parameters/4d2b17fdc1505d690948.json
[TSA] Extracting features dataframe for 4d2b17fdc1505d690948
[TSA]: Applying hierarchical clustering method, with medoidRepresentation representation.
[TSA] successfully applied. Results saved to SoC_proxy_TSA/data/cluster_maps/4d2b17fdc1505d690948.csv.
[TSA] cluster completed in 8.42
[Calliope] Validating and Configuring Calliope model: 4d2b17fdc1505d690948
[Calliope] Building Calliope model: 4d2b17fdc1505d690948
[Calliope] Solving Calliope model: 4d2b17fdc1505d690948
[Calliope] Solution saved to: SoC_proxy_TSA/data/calliope_models/4d2b17fdc1505d690948.nc
[Dispatch] Instance Runtime:  3878.4640941619873
 ------------------------------------------------------- 
 ----- K-Medoid, reps=365, SocDelta, W_proxy=0.75  -----
 -----      ef503776437c381fa290      ----- 
 ------------------------------------------------------- 
[Model] Parameter json saved to SoC_proxy_TSA/data/parameters/ef503776437c381fa290.json
[TSA] Extracting features dataframe for ef503776437c381fa290
[SoC Proxy] Tuner: c*=0.780800 lost=0.000e+00 | margin=4.000% -> curtailment=0.749568
[SoC Proxy] curtailment forecast: 74.96%
[TSA]: Applying hierarchical clustering method, with medoidRepresentation representation.
[TSA] successfully applied. Results saved to SoC_proxy_TSA/data/cluster_maps/ef503776437c381fa290.csv.
[TSA] cluster completed in 4.64
[Calliope] Validating and Configuring Calliope model: ef503776437c381fa290
[Calliope] Building Calliope model: ef503776437c381fa290
[Calliope] Solving Calliope model: ef503776437c381fa290
[Calliope] Solution saved to: SoC_proxy_TSA/data/calliope_models/ef503776437c381fa290.nc
[Dispatch] Instance Runtime:  4733.88164973259
[SoC Proxy] Tuner: c*=0.784304 lost=0.000e+00 | margin=4.000% -> curtailment=0.752932
[SoC Proxy] curtailment forecast: 75.29%
 ------------------------------------------------------- 
 ----- K-Medoid, reps=365, SocDelta, W_proxy=1  -----
 -----      4427f199edf48d7e6f5e      ----- 
 ------------------------------------------------------- 
[Model] Parameter json saved to SoC_proxy_TSA/data/parameters/4427f199edf48d7e6f5e.json
[TSA] Extracting features dataframe for 4427f199edf48d7e6f5e
[SoC Proxy] Tuner: c*=0.780800 lost=0.000e+00 | margin=4.000% -> curtailment=0.749568
[SoC Proxy] curtailment forecast: 74.96%
[TSA]: Applying hierarchical clustering method, with medoidRepresentation representation.
weight of "solar" set to the minmal tolerable weighting
weight of "onshore_wind" set to the minmal tolerable weighting
weight of "offshore_wind" set to the minmal tolerable weighting
weight of "demand_power" set to the minmal tolerable weighting
[TSA] successfully applied. Results saved to SoC_proxy_TSA/data/cluster_maps/4427f199edf48d7e6f5e.csv.
[TSA] cluster completed in 4.52
[Calliope] Validating and Configuring Calliope model: 4427f199edf48d7e6f5e
[Calliope] Building Calliope model: 4427f199edf48d7e6f5e
[Calliope] Solving Calliope model: 4427f199edf48d7e6f5e
[Calliope] Solution saved to: SoC_proxy_TSA/data/calliope_models/4427f199edf48d7e6f5e.nc
[Dispatch] Instance Runtime:  3861.949375152588
[SoC Proxy] Tuner: c*=0.777934 lost=0.000e+00 | margin=4.000% -> curtailment=0.746816
[SoC Proxy] curtailment forecast: 74.68%
 ------------------------------------------------------- 
  
[Dispatch] running scenario Sensitivity_W_reps365
   
 ------------------------------------------------------- 
 ------------------------------------------------------- 
 ----- K-Medoid, reps=365, W_proxy=0.0  -----
 -----      41f0bdaa443c6b79a0f3      ----- 
 ------------------------------------------------------- 
[Model] Parameter json saved to SoC_proxy_TSA/data/parameters/41f0bdaa443c6b79a0f3.json
> Model: SoC_proxy_TSA/data/calliope_models/41f0bdaa443c6b79a0f3.nc already exists. Reading file...
 ------------------------------------------------------- 
 ----- K-Medoid, reps=365, SocDelta, W_proxy=0.75  -----
 -----      6f28773052445560741b      ----- 
 ------------------------------------------------------- 
[Model] Parameter json saved to SoC_proxy_TSA/data/parameters/6f28773052445560741b.json
> Model: SoC_proxy_TSA/data/calliope_models/6f28773052445560741b.nc already exists. Reading file...
[SoC Proxy] Tuner: c*=0.781550 lost=0.000e+00 | margin=4.000% -> curtailment=0.750288
[SoC Proxy] curtailment forecast: 75.03%
 ------------------------------------------------------- 
 ----- K-Medoid, reps=365, SocDelta, W_proxy=1  -----
 -----      ebe4264b668c9b6fea0b      ----- 
 ------------------------------------------------------- 
[Model] Parameter json saved to SoC_proxy_TSA/data/parameters/ebe4264b668c9b6fea0b.json
> Model: SoC_proxy_TSA/data/calliope_models/ebe4264b668c9b6fea0b.nc already exists. Reading file...
[SoC Proxy] Tuner: c*=0.775059 lost=0.000e+00 | margin=4.000% -> curtailment=0.744056
[SoC Proxy] curtailment forecast: 74.41%
