Running on host: cmp188
 ------------------------------------------------------- 
[Dispatch] Scenarios include...
['Sensitivity_W_reps30', 'Sensitivity_W_reps45', 'Sensitivity_W_reps60', 'Sensitivity_W_reps90', 'Sensitivity_W_reps180']
[['SoC_proxy_TSA/data/timeseries/time_varying_parameters_BE.csv', [2014, 2023]]]
 ------------------------------------------------------- 
 ------------------------------------------------------- 
  
[Dispatch] running scenario Sensitivity_W_reps30
   
 ------------------------------------------------------- 
 ------------------------------------------------------- 
 ----- K-Medoid, reps=30, W_proxy=0.0  -----
 -----      04a4baac650d9397d0ee      ----- 
 ------------------------------------------------------- 
[Model] Parameter json saved to SoC_proxy_TSA/data/parameters/04a4baac650d9397d0ee.json
[TSA] Skipping TSA as cluster map already exists at SoC_proxy_TSA/data/cluster_maps/04a4baac650d9397d0ee.csv
[Calliope] Validating and Configuring Calliope model: 04a4baac650d9397d0ee
[Calliope] Building Calliope model: 04a4baac650d9397d0ee
[Calliope] Solving Calliope model: 04a4baac650d9397d0ee
[Calliope] Solution saved to: SoC_proxy_TSA/data/calliope_models/04a4baac650d9397d0ee.nc
[Dispatch] Instance Runtime:  27.358046531677246
 ------------------------------------------------------- 
 ----- K-Medoid, reps=30, SocDelta, W_proxy=0.25  -----
 -----      788321b7a425d242a635      ----- 
 ------------------------------------------------------- 
[Model] Parameter json saved to SoC_proxy_TSA/data/parameters/788321b7a425d242a635.json
[TSA] Extracting features dataframe for 788321b7a425d242a635
[SoC Proxy] Tuner: c*=0.752282 lost=0.000e+00 | margin=4.000% -> curtailment=0.722191
[SoC Proxy] curtailment forecast: 72.22%
[TSA]: Applying hierarchical clustering method, with medoidRepresentation representation.
[TSA] Warning: dropping 10 duplicated timesteps in matched_indices.
[TSA] successfully applied. Results saved to SoC_proxy_TSA/data/cluster_maps/788321b7a425d242a635.csv.
[TSA] cluster completed in 4.45
[Calliope] Validating and Configuring Calliope model: 788321b7a425d242a635
[Calliope] Building Calliope model: 788321b7a425d242a635
[Calliope] Solving Calliope model: 788321b7a425d242a635
[Calliope] Solution saved to: SoC_proxy_TSA/data/calliope_models/788321b7a425d242a635.nc
[Dispatch] Instance Runtime:  33.665711641311646
[SoC Proxy] Tuner: c*=0.764839 lost=0.000e+00 | margin=4.000% -> curtailment=0.734246
[SoC Proxy] curtailment forecast: 73.42%
 ------------------------------------------------------- 
 ----- K-Medoid, reps=30, SocDelta, W_proxy=0.5  -----
 -----      ff2c4e1f0bbd49bf7ef6      ----- 
 ------------------------------------------------------- 
[Model] Parameter json saved to SoC_proxy_TSA/data/parameters/ff2c4e1f0bbd49bf7ef6.json
[TSA] Extracting features dataframe for ff2c4e1f0bbd49bf7ef6
[SoC Proxy] Tuner: c*=0.752282 lost=0.000e+00 | margin=4.000% -> curtailment=0.722191
[SoC Proxy] curtailment forecast: 72.22%
[TSA]: Applying hierarchical clustering method, with medoidRepresentation representation.
[TSA] Warning: dropping 10 duplicated timesteps in matched_indices.
[TSA] successfully applied. Results saved to SoC_proxy_TSA/data/cluster_maps/ff2c4e1f0bbd49bf7ef6.csv.
[TSA] cluster completed in 3.33
[Calliope] Validating and Configuring Calliope model: ff2c4e1f0bbd49bf7ef6
[Calliope] Building Calliope model: ff2c4e1f0bbd49bf7ef6
[Calliope] Solving Calliope model: ff2c4e1f0bbd49bf7ef6
[Calliope] Solution saved to: SoC_proxy_TSA/data/calliope_models/ff2c4e1f0bbd49bf7ef6.nc
[Dispatch] Instance Runtime:  28.595829248428345
[SoC Proxy] Tuner: c*=0.774193 lost=0.000e+00 | margin=4.000% -> curtailment=0.743225
[SoC Proxy] curtailment forecast: 74.32%
 ------------------------------------------------------- 
 ----- K-Medoid, reps=30, SocDelta, W_proxy=0.75  -----
 -----      f1b71fc1592e1f0d0e7f      ----- 
 ------------------------------------------------------- 
[Model] Parameter json saved to SoC_proxy_TSA/data/parameters/f1b71fc1592e1f0d0e7f.json
[TSA] Extracting features dataframe for f1b71fc1592e1f0d0e7f
[SoC Proxy] Tuner: c*=0.752282 lost=0.000e+00 | margin=4.000% -> curtailment=0.722191
[SoC Proxy] curtailment forecast: 72.22%
[TSA]: Applying hierarchical clustering method, with medoidRepresentation representation.
[TSA] Warning: dropping 10 duplicated timesteps in matched_indices.
[TSA] successfully applied. Results saved to SoC_proxy_TSA/data/cluster_maps/f1b71fc1592e1f0d0e7f.csv.
[TSA] cluster completed in 3.38
[Calliope] Validating and Configuring Calliope model: f1b71fc1592e1f0d0e7f
[Calliope] Building Calliope model: f1b71fc1592e1f0d0e7f
[Calliope] Solving Calliope model: f1b71fc1592e1f0d0e7f
[Calliope] Solution saved to: SoC_proxy_TSA/data/calliope_models/f1b71fc1592e1f0d0e7f.nc
[Dispatch] Instance Runtime:  27.027263402938843
[SoC Proxy] Tuner: c*=0.774226 lost=0.000e+00 | margin=4.000% -> curtailment=0.743257
[SoC Proxy] curtailment forecast: 74.33%
 ------------------------------------------------------- 
 ----- K-Medoid, reps=30, SocDelta, W_proxy=1  -----
 -----      6ee647666004f0267e7a      ----- 
 ------------------------------------------------------- 
[Model] Parameter json saved to SoC_proxy_TSA/data/parameters/6ee647666004f0267e7a.json
[TSA] Extracting features dataframe for 6ee647666004f0267e7a
[SoC Proxy] Tuner: c*=0.752282 lost=0.000e+00 | margin=4.000% -> curtailment=0.722191
[SoC Proxy] curtailment forecast: 72.22%
[TSA]: Applying hierarchical clustering method, with medoidRepresentation representation.
weight of "solar" set to the minmal tolerable weighting
weight of "onshore_wind" set to the minmal tolerable weighting
weight of "offshore_wind" set to the minmal tolerable weighting
weight of "demand_power" set to the minmal tolerable weighting
[TSA] Warning: dropping 10 duplicated timesteps in matched_indices.
[TSA] successfully applied. Results saved to SoC_proxy_TSA/data/cluster_maps/6ee647666004f0267e7a.csv.
[TSA] cluster completed in 3.44
[Calliope] Validating and Configuring Calliope model: 6ee647666004f0267e7a
[Calliope] Building Calliope model: 6ee647666004f0267e7a
[Calliope] Solving Calliope model: 6ee647666004f0267e7a
[Calliope] Solution saved to: SoC_proxy_TSA/data/calliope_models/6ee647666004f0267e7a.nc
[Dispatch] Instance Runtime:  34.434353828430176
[SoC Proxy] Tuner: c*=0.747233 lost=0.000e+00 | margin=4.000% -> curtailment=0.717344
[SoC Proxy] curtailment forecast: 71.73%
 ------------------------------------------------------- 
  
[Dispatch] running scenario Sensitivity_W_reps45
   
 ------------------------------------------------------- 
 ------------------------------------------------------- 
 ----- K-Medoid, reps=45, W_proxy=0.0  -----
 -----      586caad73094a8821c31      ----- 
 ------------------------------------------------------- 
[Model] Parameter json saved to SoC_proxy_TSA/data/parameters/586caad73094a8821c31.json
[TSA] Extracting features dataframe for 586caad73094a8821c31
[TSA]: Applying hierarchical clustering method, with medoidRepresentation representation.
[TSA] Warning: dropping 10 duplicated timesteps in matched_indices.
[TSA] successfully applied. Results saved to SoC_proxy_TSA/data/cluster_maps/586caad73094a8821c31.csv.
[TSA] cluster completed in 2.06
[Calliope] Validating and Configuring Calliope model: 586caad73094a8821c31
[Calliope] Building Calliope model: 586caad73094a8821c31
[Calliope] Solving Calliope model: 586caad73094a8821c31
[Calliope] Solution saved to: SoC_proxy_TSA/data/calliope_models/586caad73094a8821c31.nc
[Dispatch] Instance Runtime:  40.56718730926514
 ------------------------------------------------------- 
 ----- K-Medoid, reps=45, SocDelta, W_proxy=0.25  -----
 -----      4188dd454dfaf681a14d      ----- 
 ------------------------------------------------------- 
[Model] Parameter json saved to SoC_proxy_TSA/data/parameters/4188dd454dfaf681a14d.json
[TSA] Extracting features dataframe for 4188dd454dfaf681a14d
[SoC Proxy] Tuner: c*=0.752282 lost=0.000e+00 | margin=4.000% -> curtailment=0.722191
[SoC Proxy] curtailment forecast: 72.22%
[TSA]: Applying hierarchical clustering method, with medoidRepresentation representation.
[TSA] Warning: dropping 10 duplicated timesteps in matched_indices.
[TSA] successfully applied. Results saved to SoC_proxy_TSA/data/cluster_maps/4188dd454dfaf681a14d.csv.
[TSA] cluster completed in 3.52
[Calliope] Validating and Configuring Calliope model: 4188dd454dfaf681a14d
[Calliope] Building Calliope model: 4188dd454dfaf681a14d
[Calliope] Solving Calliope model: 4188dd454dfaf681a14d
[Calliope] Solution saved to: SoC_proxy_TSA/data/calliope_models/4188dd454dfaf681a14d.nc
[Dispatch] Instance Runtime:  52.50055432319641
[SoC Proxy] Tuner: c*=0.765421 lost=0.000e+00 | margin=4.000% -> curtailment=0.734804
[SoC Proxy] curtailment forecast: 73.48%
 ------------------------------------------------------- 
 ----- K-Medoid, reps=45, SocDelta, W_proxy=0.5  -----
 -----      3a8ee62d0ccaa641c3db      ----- 
 ------------------------------------------------------- 
[Model] Parameter json saved to SoC_proxy_TSA/data/parameters/3a8ee62d0ccaa641c3db.json
[TSA] Extracting features dataframe for 3a8ee62d0ccaa641c3db
[SoC Proxy] Tuner: c*=0.752282 lost=0.000e+00 | margin=4.000% -> curtailment=0.722191
[SoC Proxy] curtailment forecast: 72.22%
[TSA]: Applying hierarchical clustering method, with medoidRepresentation representation.
[TSA] Warning: dropping 10 duplicated timesteps in matched_indices.
[TSA] successfully applied. Results saved to SoC_proxy_TSA/data/cluster_maps/3a8ee62d0ccaa641c3db.csv.
[TSA] cluster completed in 3.42
[Calliope] Validating and Configuring Calliope model: 3a8ee62d0ccaa641c3db
[Calliope] Building Calliope model: 3a8ee62d0ccaa641c3db
[Calliope] Solving Calliope model: 3a8ee62d0ccaa641c3db
[Calliope] Solution saved to: SoC_proxy_TSA/data/calliope_models/3a8ee62d0ccaa641c3db.nc
[Dispatch] Instance Runtime:  36.23148727416992
[SoC Proxy] Tuner: c*=0.760763 lost=0.000e+00 | margin=4.000% -> curtailment=0.730332
[SoC Proxy] curtailment forecast: 73.03%
 ------------------------------------------------------- 
 ----- K-Medoid, reps=45, SocDelta, W_proxy=0.75  -----
 -----      21a46675ab1651577451      ----- 
 ------------------------------------------------------- 
[Model] Parameter json saved to SoC_proxy_TSA/data/parameters/21a46675ab1651577451.json
[TSA] Extracting features dataframe for 21a46675ab1651577451
[SoC Proxy] Tuner: c*=0.752282 lost=0.000e+00 | margin=4.000% -> curtailment=0.722191
[SoC Proxy] curtailment forecast: 72.22%
[TSA]: Applying hierarchical clustering method, with medoidRepresentation representation.
[TSA] Warning: dropping 10 duplicated timesteps in matched_indices.
[TSA] successfully applied. Results saved to SoC_proxy_TSA/data/cluster_maps/21a46675ab1651577451.csv.
[TSA] cluster completed in 3.50
[Calliope] Validating and Configuring Calliope model: 21a46675ab1651577451
[Calliope] Building Calliope model: 21a46675ab1651577451
[Calliope] Solving Calliope model: 21a46675ab1651577451
[Calliope] Solution saved to: SoC_proxy_TSA/data/calliope_models/21a46675ab1651577451.nc
[Dispatch] Instance Runtime:  40.26236820220947
[SoC Proxy] Tuner: c*=0.768901 lost=0.000e+00 | margin=4.000% -> curtailment=0.738145
[SoC Proxy] curtailment forecast: 73.81%
 ------------------------------------------------------- 
 ----- K-Medoid, reps=45, SocDelta, W_proxy=1  -----
 -----      6e2bc070bf87343600d6      ----- 
 ------------------------------------------------------- 
[Model] Parameter json saved to SoC_proxy_TSA/data/parameters/6e2bc070bf87343600d6.json
[TSA] Extracting features dataframe for 6e2bc070bf87343600d6
[SoC Proxy] Tuner: c*=0.752282 lost=0.000e+00 | margin=4.000% -> curtailment=0.722191
[SoC Proxy] curtailment forecast: 72.22%
[TSA]: Applying hierarchical clustering method, with medoidRepresentation representation.
weight of "solar" set to the minmal tolerable weighting
weight of "onshore_wind" set to the minmal tolerable weighting
weight of "offshore_wind" set to the minmal tolerable weighting
weight of "demand_power" set to the minmal tolerable weighting
[TSA] Warning: dropping 10 duplicated timesteps in matched_indices.
[TSA] successfully applied. Results saved to SoC_proxy_TSA/data/cluster_maps/6e2bc070bf87343600d6.csv.
[TSA] cluster completed in 3.56
[Calliope] Validating and Configuring Calliope model: 6e2bc070bf87343600d6
[Calliope] Building Calliope model: 6e2bc070bf87343600d6
[Calliope] Solving Calliope model: 6e2bc070bf87343600d6
[Calliope] Solution saved to: SoC_proxy_TSA/data/calliope_models/6e2bc070bf87343600d6.nc
[Dispatch] Instance Runtime:  37.379865646362305
[SoC Proxy] Tuner: c*=0.747991 lost=0.000e+00 | margin=4.000% -> curtailment=0.718072
[SoC Proxy] curtailment forecast: 71.81%
 ------------------------------------------------------- 
  
[Dispatch] running scenario Sensitivity_W_reps60
   
 ------------------------------------------------------- 
 ------------------------------------------------------- 
 ----- K-Medoid, reps=60, W_proxy=0.0  -----
 -----      6cf1b9e16db7b1652228      ----- 
 ------------------------------------------------------- 
[Model] Parameter json saved to SoC_proxy_TSA/data/parameters/6cf1b9e16db7b1652228.json
[TSA] Extracting features dataframe for 6cf1b9e16db7b1652228
[TSA]: Applying hierarchical clustering method, with medoidRepresentation representation.
[TSA] Warning: dropping 10 duplicated timesteps in matched_indices.
[TSA] successfully applied. Results saved to SoC_proxy_TSA/data/cluster_maps/6cf1b9e16db7b1652228.csv.
[TSA] cluster completed in 2.05
[Calliope] Validating and Configuring Calliope model: 6cf1b9e16db7b1652228
[Calliope] Building Calliope model: 6cf1b9e16db7b1652228
[Calliope] Solving Calliope model: 6cf1b9e16db7b1652228
[Calliope] Solution saved to: SoC_proxy_TSA/data/calliope_models/6cf1b9e16db7b1652228.nc
[Dispatch] Instance Runtime:  47.895190477371216
 ------------------------------------------------------- 
 ----- K-Medoid, reps=60, SocDelta, W_proxy=0.25  -----
 -----      7e6efbee4400b59425cf      ----- 
 ------------------------------------------------------- 
[Model] Parameter json saved to SoC_proxy_TSA/data/parameters/7e6efbee4400b59425cf.json
[TSA] Extracting features dataframe for 7e6efbee4400b59425cf
[SoC Proxy] Tuner: c*=0.752282 lost=0.000e+00 | margin=4.000% -> curtailment=0.722191
[SoC Proxy] curtailment forecast: 72.22%
[TSA]: Applying hierarchical clustering method, with medoidRepresentation representation.
[TSA] Warning: dropping 10 duplicated timesteps in matched_indices.
[TSA] successfully applied. Results saved to SoC_proxy_TSA/data/cluster_maps/7e6efbee4400b59425cf.csv.
[TSA] cluster completed in 3.50
[Calliope] Validating and Configuring Calliope model: 7e6efbee4400b59425cf
[Calliope] Building Calliope model: 7e6efbee4400b59425cf
[Calliope] Solving Calliope model: 7e6efbee4400b59425cf
[Calliope] Solution saved to: SoC_proxy_TSA/data/calliope_models/7e6efbee4400b59425cf.nc
[Dispatch] Instance Runtime:  50.00615882873535
[SoC Proxy] Tuner: c*=0.761212 lost=0.000e+00 | margin=4.000% -> curtailment=0.730763
[SoC Proxy] curtailment forecast: 73.08%
 ------------------------------------------------------- 
 ----- K-Medoid, reps=60, SocDelta, W_proxy=0.5  -----
 -----      3cdf548d85468a97d9dd      ----- 
 ------------------------------------------------------- 
[Model] Parameter json saved to SoC_proxy_TSA/data/parameters/3cdf548d85468a97d9dd.json
[TSA] Extracting features dataframe for 3cdf548d85468a97d9dd
[SoC Proxy] Tuner: c*=0.752282 lost=0.000e+00 | margin=4.000% -> curtailment=0.722191
[SoC Proxy] curtailment forecast: 72.22%
[TSA]: Applying hierarchical clustering method, with medoidRepresentation representation.
[TSA] Warning: dropping 10 duplicated timesteps in matched_indices.
[TSA] successfully applied. Results saved to SoC_proxy_TSA/data/cluster_maps/3cdf548d85468a97d9dd.csv.
[TSA] cluster completed in 3.57
[Calliope] Validating and Configuring Calliope model: 3cdf548d85468a97d9dd
[Calliope] Building Calliope model: 3cdf548d85468a97d9dd
[Calliope] Solving Calliope model: 3cdf548d85468a97d9dd
[Calliope] Solution saved to: SoC_proxy_TSA/data/calliope_models/3cdf548d85468a97d9dd.nc
[Dispatch] Instance Runtime:  45.128302335739136
[SoC Proxy] Tuner: c*=0.760057 lost=0.000e+00 | margin=4.000% -> curtailment=0.729655
[SoC Proxy] curtailment forecast: 72.97%
 ------------------------------------------------------- 
 ----- K-Medoid, reps=60, SocDelta, W_proxy=0.75  -----
 -----      86da79c7bb5eaa08fa8e      ----- 
 ------------------------------------------------------- 
[Model] Parameter json saved to SoC_proxy_TSA/data/parameters/86da79c7bb5eaa08fa8e.json
[TSA] Extracting features dataframe for 86da79c7bb5eaa08fa8e
[SoC Proxy] Tuner: c*=0.752282 lost=0.000e+00 | margin=4.000% -> curtailment=0.722191
[SoC Proxy] curtailment forecast: 72.22%
[TSA]: Applying hierarchical clustering method, with medoidRepresentation representation.
[TSA] Warning: dropping 10 duplicated timesteps in matched_indices.
[TSA] successfully applied. Results saved to SoC_proxy_TSA/data/cluster_maps/86da79c7bb5eaa08fa8e.csv.
[TSA] cluster completed in 3.46
[Calliope] Validating and Configuring Calliope model: 86da79c7bb5eaa08fa8e
[Calliope] Building Calliope model: 86da79c7bb5eaa08fa8e
[Calliope] Solving Calliope model: 86da79c7bb5eaa08fa8e
[Calliope] Solution saved to: SoC_proxy_TSA/data/calliope_models/86da79c7bb5eaa08fa8e.nc
[Dispatch] Instance Runtime:  88.83497977256775
[SoC Proxy] Tuner: c*=0.761460 lost=0.000e+00 | margin=4.000% -> curtailment=0.731002
[SoC Proxy] ⚠ Warning: SoC Proxy severely non-cyclical (end-start = -1.005e+04)
[SoC Proxy] curtailment forecast: 73.10%
 ------------------------------------------------------- 
 ----- K-Medoid, reps=60, SocDelta, W_proxy=1  -----
 -----      05f745dc240d4563630e      ----- 
 ------------------------------------------------------- 
[Model] Parameter json saved to SoC_proxy_TSA/data/parameters/05f745dc240d4563630e.json
[TSA] Extracting features dataframe for 05f745dc240d4563630e
[SoC Proxy] Tuner: c*=0.752282 lost=0.000e+00 | margin=4.000% -> curtailment=0.722191
[SoC Proxy] curtailment forecast: 72.22%
[TSA]: Applying hierarchical clustering method, with medoidRepresentation representation.
weight of "solar" set to the minmal tolerable weighting
weight of "onshore_wind" set to the minmal tolerable weighting
weight of "offshore_wind" set to the minmal tolerable weighting
weight of "demand_power" set to the minmal tolerable weighting
[TSA] Warning: dropping 10 duplicated timesteps in matched_indices.
[TSA] successfully applied. Results saved to SoC_proxy_TSA/data/cluster_maps/05f745dc240d4563630e.csv.
[TSA] cluster completed in 3.40
[Calliope] Validating and Configuring Calliope model: 05f745dc240d4563630e
[Calliope] Building Calliope model: 05f745dc240d4563630e
[Calliope] Solving Calliope model: 05f745dc240d4563630e
[Calliope] Solution saved to: SoC_proxy_TSA/data/calliope_models/05f745dc240d4563630e.nc
[Dispatch] Instance Runtime:  49.66681146621704
[SoC Proxy] Tuner: c*=0.752034 lost=0.000e+00 | margin=4.000% -> curtailment=0.721952
[SoC Proxy] curtailment forecast: 72.20%
 ------------------------------------------------------- 
  
[Dispatch] running scenario Sensitivity_W_reps90
   
 ------------------------------------------------------- 
 ------------------------------------------------------- 
 ----- K-Medoid, reps=90, W_proxy=0.0  -----
 -----      b1824e36dbb37c591128      ----- 
 ------------------------------------------------------- 
[Model] Parameter json saved to SoC_proxy_TSA/data/parameters/b1824e36dbb37c591128.json
[TSA] Extracting features dataframe for b1824e36dbb37c591128
[TSA]: Applying hierarchical clustering method, with medoidRepresentation representation.
[TSA] Warning: dropping 10 duplicated timesteps in matched_indices.
[TSA] successfully applied. Results saved to SoC_proxy_TSA/data/cluster_maps/b1824e36dbb37c591128.csv.
[TSA] cluster completed in 1.98
[Calliope] Validating and Configuring Calliope model: b1824e36dbb37c591128
[Calliope] Building Calliope model: b1824e36dbb37c591128
[Calliope] Solving Calliope model: b1824e36dbb37c591128
[Calliope] Solution saved to: SoC_proxy_TSA/data/calliope_models/b1824e36dbb37c591128.nc
[Dispatch] Instance Runtime:  101.2152841091156
 ------------------------------------------------------- 
 ----- K-Medoid, reps=90, SocDelta, W_proxy=0.25  -----
 -----      d532b662ecabda01fa4b      ----- 
 ------------------------------------------------------- 
[Model] Parameter json saved to SoC_proxy_TSA/data/parameters/d532b662ecabda01fa4b.json
[TSA] Extracting features dataframe for d532b662ecabda01fa4b
[SoC Proxy] Tuner: c*=0.752282 lost=0.000e+00 | margin=4.000% -> curtailment=0.722191
[SoC Proxy] curtailment forecast: 72.22%
[TSA]: Applying hierarchical clustering method, with medoidRepresentation representation.
[TSA] Warning: dropping 10 duplicated timesteps in matched_indices.
[TSA] successfully applied. Results saved to SoC_proxy_TSA/data/cluster_maps/d532b662ecabda01fa4b.csv.
[TSA] cluster completed in 4.21
[Calliope] Validating and Configuring Calliope model: d532b662ecabda01fa4b
[Calliope] Building Calliope model: d532b662ecabda01fa4b
[Calliope] Solving Calliope model: d532b662ecabda01fa4b
[Calliope] Solution saved to: SoC_proxy_TSA/data/calliope_models/d532b662ecabda01fa4b.nc
[Dispatch] Instance Runtime:  115.94423007965088
[SoC Proxy] Tuner: c*=0.757911 lost=0.000e+00 | margin=4.000% -> curtailment=0.727595
[SoC Proxy] curtailment forecast: 72.76%
 ------------------------------------------------------- 
 ----- K-Medoid, reps=90, SocDelta, W_proxy=0.5  -----
 -----      dacc0dbf864151ffb7a2      ----- 
 ------------------------------------------------------- 
[Model] Parameter json saved to SoC_proxy_TSA/data/parameters/dacc0dbf864151ffb7a2.json
[TSA] Extracting features dataframe for dacc0dbf864151ffb7a2
[SoC Proxy] Tuner: c*=0.752282 lost=0.000e+00 | margin=4.000% -> curtailment=0.722191
[SoC Proxy] curtailment forecast: 72.22%
[TSA]: Applying hierarchical clustering method, with medoidRepresentation representation.
[TSA] Warning: dropping 10 duplicated timesteps in matched_indices.
[TSA] successfully applied. Results saved to SoC_proxy_TSA/data/cluster_maps/dacc0dbf864151ffb7a2.csv.
[TSA] cluster completed in 4.20
[Calliope] Validating and Configuring Calliope model: dacc0dbf864151ffb7a2
[Calliope] Building Calliope model: dacc0dbf864151ffb7a2
[Calliope] Solving Calliope model: dacc0dbf864151ffb7a2
[Calliope] Solution saved to: SoC_proxy_TSA/data/calliope_models/dacc0dbf864151ffb7a2.nc
[Dispatch] Instance Runtime:  130.73599410057068
[SoC Proxy] Tuner: c*=0.758989 lost=0.000e+00 | margin=4.000% -> curtailment=0.728629
[SoC Proxy] curtailment forecast: 72.86%
 ------------------------------------------------------- 
 ----- K-Medoid, reps=90, SocDelta, W_proxy=0.75  -----
 -----      c0e4e629c8f960f65abb      ----- 
 ------------------------------------------------------- 
[Model] Parameter json saved to SoC_proxy_TSA/data/parameters/c0e4e629c8f960f65abb.json
[TSA] Extracting features dataframe for c0e4e629c8f960f65abb
[SoC Proxy] Tuner: c*=0.752282 lost=0.000e+00 | margin=4.000% -> curtailment=0.722191
[SoC Proxy] curtailment forecast: 72.22%
[TSA]: Applying hierarchical clustering method, with medoidRepresentation representation.
[TSA] Warning: dropping 10 duplicated timesteps in matched_indices.
[TSA] successfully applied. Results saved to SoC_proxy_TSA/data/cluster_maps/c0e4e629c8f960f65abb.csv.
[TSA] cluster completed in 4.27
[Calliope] Validating and Configuring Calliope model: c0e4e629c8f960f65abb
[Calliope] Building Calliope model: c0e4e629c8f960f65abb
[Calliope] Solving Calliope model: c0e4e629c8f960f65abb
[Calliope] Solution saved to: SoC_proxy_TSA/data/calliope_models/c0e4e629c8f960f65abb.nc
[Dispatch] Instance Runtime:  192.68721961975098
[SoC Proxy] Tuner: c*=0.761028 lost=0.000e+00 | margin=4.000% -> curtailment=0.730587
[SoC Proxy] curtailment forecast: 73.06%
 ------------------------------------------------------- 
 ----- K-Medoid, reps=90, SocDelta, W_proxy=1  -----
 -----      19d3a7999f4ab53d4e8b      ----- 
 ------------------------------------------------------- 
[Model] Parameter json saved to SoC_proxy_TSA/data/parameters/19d3a7999f4ab53d4e8b.json
[TSA] Extracting features dataframe for 19d3a7999f4ab53d4e8b
[SoC Proxy] Tuner: c*=0.752282 lost=0.000e+00 | margin=4.000% -> curtailment=0.722191
[SoC Proxy] curtailment forecast: 72.22%
[TSA]: Applying hierarchical clustering method, with medoidRepresentation representation.
weight of "solar" set to the minmal tolerable weighting
weight of "onshore_wind" set to the minmal tolerable weighting
weight of "offshore_wind" set to the minmal tolerable weighting
weight of "demand_power" set to the minmal tolerable weighting
[TSA] Warning: dropping 10 duplicated timesteps in matched_indices.
[TSA] successfully applied. Results saved to SoC_proxy_TSA/data/cluster_maps/19d3a7999f4ab53d4e8b.csv.
[TSA] cluster completed in 4.33
[Calliope] Validating and Configuring Calliope model: 19d3a7999f4ab53d4e8b
[Calliope] Building Calliope model: 19d3a7999f4ab53d4e8b
[Calliope] Solving Calliope model: 19d3a7999f4ab53d4e8b
[Calliope] Solution saved to: SoC_proxy_TSA/data/calliope_models/19d3a7999f4ab53d4e8b.nc
[Dispatch] Instance Runtime:  137.66691327095032
[SoC Proxy] Tuner: c*=0.753912 lost=0.000e+00 | margin=4.000% -> curtailment=0.723756
[SoC Proxy] curtailment forecast: 72.38%
 ------------------------------------------------------- 
  
[Dispatch] running scenario Sensitivity_W_reps180
   
 ------------------------------------------------------- 
 ------------------------------------------------------- 
 ----- K-Medoid, reps=180, W_proxy=0.0  -----
 -----      6d1944674dd92d8709df      ----- 
 ------------------------------------------------------- 
[Model] Parameter json saved to SoC_proxy_TSA/data/parameters/6d1944674dd92d8709df.json
[TSA] Extracting features dataframe for 6d1944674dd92d8709df
[TSA]: Applying hierarchical clustering method, with medoidRepresentation representation.
[TSA] Warning: dropping 10 duplicated timesteps in matched_indices.
[TSA] successfully applied. Results saved to SoC_proxy_TSA/data/cluster_maps/6d1944674dd92d8709df.csv.
[TSA] cluster completed in 2.62
[Calliope] Validating and Configuring Calliope model: 6d1944674dd92d8709df
[Calliope] Building Calliope model: 6d1944674dd92d8709df
[Calliope] Solving Calliope model: 6d1944674dd92d8709df
[Calliope] Solution saved to: SoC_proxy_TSA/data/calliope_models/6d1944674dd92d8709df.nc
[Dispatch] Instance Runtime:  748.157719373703
 ------------------------------------------------------- 
 ----- K-Medoid, reps=180, SocDelta, W_proxy=0.25  -----
 -----      ff0a857622cf16b4f656      ----- 
 ------------------------------------------------------- 
[Model] Parameter json saved to SoC_proxy_TSA/data/parameters/ff0a857622cf16b4f656.json
[TSA] Extracting features dataframe for ff0a857622cf16b4f656
[SoC Proxy] Tuner: c*=0.752282 lost=0.000e+00 | margin=4.000% -> curtailment=0.722191
[SoC Proxy] curtailment forecast: 72.22%
[TSA]: Applying hierarchical clustering method, with medoidRepresentation representation.
[TSA] Warning: dropping 10 duplicated timesteps in matched_indices.
[TSA] successfully applied. Results saved to SoC_proxy_TSA/data/cluster_maps/ff0a857622cf16b4f656.csv.
[TSA] cluster completed in 4.23
[Calliope] Validating and Configuring Calliope model: ff0a857622cf16b4f656
[Calliope] Building Calliope model: ff0a857622cf16b4f656
[Calliope] Solving Calliope model: ff0a857622cf16b4f656
[Calliope] Solution saved to: SoC_proxy_TSA/data/calliope_models/ff0a857622cf16b4f656.nc
[Dispatch] Instance Runtime:  1643.3253636360168
[SoC Proxy] Tuner: c*=0.760453 lost=0.000e+00 | margin=4.000% -> curtailment=0.730035
[SoC Proxy] curtailment forecast: 73.00%
 ------------------------------------------------------- 
 ----- K-Medoid, reps=180, SocDelta, W_proxy=0.5  -----
 -----      4f5693f0b040652e430b      ----- 
 ------------------------------------------------------- 
[Model] Parameter json saved to SoC_proxy_TSA/data/parameters/4f5693f0b040652e430b.json
[TSA] Extracting features dataframe for 4f5693f0b040652e430b
[SoC Proxy] Tuner: c*=0.752282 lost=0.000e+00 | margin=4.000% -> curtailment=0.722191
[SoC Proxy] curtailment forecast: 72.22%
[TSA]: Applying hierarchical clustering method, with medoidRepresentation representation.
[TSA] Warning: dropping 10 duplicated timesteps in matched_indices.
[TSA] successfully applied. Results saved to SoC_proxy_TSA/data/cluster_maps/4f5693f0b040652e430b.csv.
[TSA] cluster completed in 4.29
[Calliope] Validating and Configuring Calliope model: 4f5693f0b040652e430b
[Calliope] Building Calliope model: 4f5693f0b040652e430b
[Calliope] Solving Calliope model: 4f5693f0b040652e430b
[Calliope] Solution saved to: SoC_proxy_TSA/data/calliope_models/4f5693f0b040652e430b.nc
[Dispatch] Instance Runtime:  670.1893312931061
[SoC Proxy] Tuner: c*=0.761180 lost=0.000e+00 | margin=4.000% -> curtailment=0.730733
[SoC Proxy] curtailment forecast: 73.07%
 ------------------------------------------------------- 
 ----- K-Medoid, reps=180, SocDelta, W_proxy=0.75  -----
 -----      09cf7f706d84a4e350e3      ----- 
 ------------------------------------------------------- 
[Model] Parameter json saved to SoC_proxy_TSA/data/parameters/09cf7f706d84a4e350e3.json
[TSA] Extracting features dataframe for 09cf7f706d84a4e350e3
[SoC Proxy] Tuner: c*=0.752282 lost=0.000e+00 | margin=4.000% -> curtailment=0.722191
[SoC Proxy] curtailment forecast: 72.22%
[TSA]: Applying hierarchical clustering method, with medoidRepresentation representation.
[TSA] Warning: dropping 10 duplicated timesteps in matched_indices.
[TSA] successfully applied. Results saved to SoC_proxy_TSA/data/cluster_maps/09cf7f706d84a4e350e3.csv.
[TSA] cluster completed in 4.34
[Calliope] Validating and Configuring Calliope model: 09cf7f706d84a4e350e3
[Calliope] Building Calliope model: 09cf7f706d84a4e350e3
[Calliope] Solving Calliope model: 09cf7f706d84a4e350e3
[Calliope] Solution saved to: SoC_proxy_TSA/data/calliope_models/09cf7f706d84a4e350e3.nc
[Dispatch] Instance Runtime:  983.3111391067505
[SoC Proxy] Tuner: c*=0.762275 lost=0.000e+00 | margin=4.000% -> curtailment=0.731784
[SoC Proxy] curtailment forecast: 73.18%
 ------------------------------------------------------- 
 ----- K-Medoid, reps=180, SocDelta, W_proxy=1  -----
 -----      eb049c36bd674cbd65b1      ----- 
 ------------------------------------------------------- 
[Model] Parameter json saved to SoC_proxy_TSA/data/parameters/eb049c36bd674cbd65b1.json
[TSA] Extracting features dataframe for eb049c36bd674cbd65b1
[SoC Proxy] Tuner: c*=0.752282 lost=0.000e+00 | margin=4.000% -> curtailment=0.722191
[SoC Proxy] curtailment forecast: 72.22%
[TSA]: Applying hierarchical clustering method, with medoidRepresentation representation.
weight of "solar" set to the minmal tolerable weighting
weight of "onshore_wind" set to the minmal tolerable weighting
weight of "offshore_wind" set to the minmal tolerable weighting
weight of "demand_power" set to the minmal tolerable weighting
[TSA] Warning: dropping 10 duplicated timesteps in matched_indices.
[TSA] successfully applied. Results saved to SoC_proxy_TSA/data/cluster_maps/eb049c36bd674cbd65b1.csv.
[TSA] cluster completed in 3.38
[Calliope] Validating and Configuring Calliope model: eb049c36bd674cbd65b1
[Calliope] Building Calliope model: eb049c36bd674cbd65b1
[Calliope] Solving Calliope model: eb049c36bd674cbd65b1
[Calliope] Solution saved to: SoC_proxy_TSA/data/calliope_models/eb049c36bd674cbd65b1.nc
[Dispatch] Instance Runtime:  519.0149347782135
[SoC Proxy] Tuner: c*=0.749377 lost=0.000e+00 | margin=4.000% -> curtailment=0.719402
[SoC Proxy] curtailment forecast: 71.94%
[Dispatch] Loading reference standard_2014_2023_reference.nc
> Dispatch: Visualising results
Traceback (most recent call last):
  File "/home/dhawkins/projects/energy-system-modelling-with-LDES/SoC_proxy_TSA/python/post_optimised_cluster_tsa_dispatcher.py", line 277, in <module>
    from utility_functions.helper_visualise import visualise
  File "/home/dhawkins/projects/energy-system-modelling-with-LDES/SoC_proxy_TSA/python/utility_functions/helper_visualise.py", line 15, in <module>
    matplotlib.use("TkAgg")
  File "/scratch/dhawkins/conda/envs/py312/lib/python3.12/site-packages/matplotlib/__init__.py", line 1284, in use
    plt.switch_backend(name)
  File "/scratch/dhawkins/conda/envs/py312/lib/python3.12/site-packages/matplotlib/pyplot.py", line 432, in switch_backend
    raise ImportError(
ImportError: Cannot load backend 'TkAgg' which requires the 'tk' interactive framework, as 'headless' is currently running
srun: error: cmp188: task 0: Exited with exit code 1
srun: launch/slurm: _step_signal: Terminating StepId=8662931.0
