Running on host: cmp177
 ------------------------------------------------------- 
[Dispatch] Scenarios include...
['Sensitivity_margin_W1_reps60']
[['SoC_proxy_TSA/data/timeseries/time_varying_parameters.csv', [2006, 2015]], ['SoC_proxy_TSA/data/timeseries/time_varying_parameters.csv', [2008, 2017]], ['SoC_proxy_TSA/data/timeseries/time_varying_parameters.csv', [2010, 2019]], ['SoC_proxy_TSA/data/timeseries/time_varying_parameters.csv', [2012, 2021]], ['SoC_proxy_TSA/data/timeseries/time_varying_parameters.csv', [2014, 2023]], ['SoC_proxy_TSA/data/timeseries/time_varying_parameters_GB.csv', [2006, 2015]], ['SoC_proxy_TSA/data/timeseries/time_varying_parameters_GB.csv', [2008, 2017]], ['SoC_proxy_TSA/data/timeseries/time_varying_parameters_GB.csv', [2010, 2019]], ['SoC_proxy_TSA/data/timeseries/time_varying_parameters_GB.csv', [2012, 2021]], ['SoC_proxy_TSA/data/timeseries/time_varying_parameters_GB.csv', [2014, 2023]]]
 ------------------------------------------------------- 
 ------------------------------------------------------- 
  
[Dispatch] running scenario Sensitivity_margin_W1_reps60
   
 ------------------------------------------------------- 
/home/dhawkins/projects/tsam-soc-proxy/src/tsam/timeseriesaggregation.py:1116: UserWarning: At least one maximal value of the aggregated time series exceeds the maximal value the input time series for: {'onshore_wind': 1.1102230246251565e-16}. To silence the warning set the 'numericalTolerance' to a higher value.
  warnings.warn(
 ------------------------------------------------------- 
 ----- K-Medoid, reps=60, W_proxy=1.0, m=0.00  -----
 -----      7b88da5b919f7126fc51      ----- 
 ------------------------------------------------------- 
[Model] Parameter json saved to SoC_proxy_TSA/data/parameters/7b88da5b919f7126fc51.json
[TSA] Extracting features dataframe for 7b88da5b919f7126fc51
[SoC Proxy] Tuner: c*=0.744894 lost=0.000e+00 | margin=0.000% -> curtailment=0.744894
[SoC Proxy] curtailment forecast: 74.49%
[TSA]: Applying hierarchical clustering method, with medoidRepresentation representation.
weight of "solar" set to the minmal tolerable weighting
weight of "onshore_wind" set to the minmal tolerable weighting
weight of "offshore_wind" set to the minmal tolerable weighting
weight of "demand_power" set to the minmal tolerable weighting
[TSA] successfully applied. Results saved to SoC_proxy_TSA/data/cluster_maps/7b88da5b919f7126fc51.csv.
[TSA] cluster completed in 7.20
[Calliope] Validating and Configuring Calliope model: 7b88da5b919f7126fc51
[Calliope] Building Calliope model: 7b88da5b919f7126fc51
[Calliope] Solving Calliope model: 7b88da5b919f7126fc51
[Calliope] Solution saved to: SoC_proxy_TSA/data/calliope_models/7b88da5b919f7126fc51.nc
[Dispatch] Instance Runtime:  53.98733353614807
[SoC Proxy] Tuner: c*=0.746189 lost=0.000e+00 | margin=0.000% -> curtailment=0.746189
[SoC Proxy] curtailment forecast: 74.62%
 ------------------------------------------------------- 
 ----- K-Medoid, reps=60, W_proxy=1.0, m=0.02  -----
 -----      9303e3786cebee8e9428      ----- 
 ------------------------------------------------------- 
[Model] Parameter json saved to SoC_proxy_TSA/data/parameters/9303e3786cebee8e9428.json
[TSA] Extracting features dataframe for 9303e3786cebee8e9428
[SoC Proxy] Tuner: c*=0.744894 lost=0.000e+00 | margin=2.000% -> curtailment=0.729996
[SoC Proxy] curtailment forecast: 73.00%
[TSA]: Applying hierarchical clustering method, with medoidRepresentation representation.
weight of "solar" set to the minmal tolerable weighting
weight of "onshore_wind" set to the minmal tolerable weighting
weight of "offshore_wind" set to the minmal tolerable weighting
weight of "demand_power" set to the minmal tolerable weighting
[TSA] successfully applied. Results saved to SoC_proxy_TSA/data/cluster_maps/9303e3786cebee8e9428.csv.
[TSA] cluster completed in 3.60
[Calliope] Validating and Configuring Calliope model: 9303e3786cebee8e9428
[Calliope] Building Calliope model: 9303e3786cebee8e9428
[Calliope] Solving Calliope model: 9303e3786cebee8e9428
[Calliope] Solution saved to: SoC_proxy_TSA/data/calliope_models/9303e3786cebee8e9428.nc
[Dispatch] Instance Runtime:  52.4728569984436
[SoC Proxy] Tuner: c*=0.745268 lost=0.000e+00 | margin=2.000% -> curtailment=0.730363
[SoC Proxy] curtailment forecast: 73.04%
 ------------------------------------------------------- 
 ----- K-Medoid, reps=60, W_proxy=1.0, m=0.04  -----
 -----      522aaea5a746ac7f6c77      ----- 
 ------------------------------------------------------- 
[Model] Parameter json saved to SoC_proxy_TSA/data/parameters/522aaea5a746ac7f6c77.json
[TSA] Extracting features dataframe for 522aaea5a746ac7f6c77
[SoC Proxy] Tuner: c*=0.744894 lost=0.000e+00 | margin=4.000% -> curtailment=0.715099
[SoC Proxy] curtailment forecast: 71.51%
[TSA]: Applying hierarchical clustering method, with medoidRepresentation representation.
weight of "solar" set to the minmal tolerable weighting
weight of "onshore_wind" set to the minmal tolerable weighting
weight of "offshore_wind" set to the minmal tolerable weighting
weight of "demand_power" set to the minmal tolerable weighting
[TSA] successfully applied. Results saved to SoC_proxy_TSA/data/cluster_maps/522aaea5a746ac7f6c77.csv.
[TSA] cluster completed in 3.78
[Calliope] Validating and Configuring Calliope model: 522aaea5a746ac7f6c77
[Calliope] Building Calliope model: 522aaea5a746ac7f6c77
[Calliope] Solving Calliope model: 522aaea5a746ac7f6c77
[Calliope] Solution saved to: SoC_proxy_TSA/data/calliope_models/522aaea5a746ac7f6c77.nc
[Dispatch] Instance Runtime:  78.97655129432678
[SoC Proxy] Tuner: c*=0.743361 lost=0.000e+00 | margin=4.000% -> curtailment=0.713627
[SoC Proxy] curtailment forecast: 71.36%
 ------------------------------------------------------- 
 ----- K-Medoid, reps=60, W_proxy=1.0, m=0.06  -----
 -----      1870ec3b3725b761a97a      ----- 
 ------------------------------------------------------- 
[Model] Parameter json saved to SoC_proxy_TSA/data/parameters/1870ec3b3725b761a97a.json
[TSA] Extracting features dataframe for 1870ec3b3725b761a97a
[SoC Proxy] Tuner: c*=0.744894 lost=0.000e+00 | margin=6.000% -> curtailment=0.700201
[SoC Proxy] curtailment forecast: 70.02%
[TSA]: Applying hierarchical clustering method, with medoidRepresentation representation.
weight of "solar" set to the minmal tolerable weighting
weight of "onshore_wind" set to the minmal tolerable weighting
weight of "offshore_wind" set to the minmal tolerable weighting
weight of "demand_power" set to the minmal tolerable weighting
[TSA] successfully applied. Results saved to SoC_proxy_TSA/data/cluster_maps/1870ec3b3725b761a97a.csv.
[TSA] cluster completed in 3.62
[Calliope] Validating and Configuring Calliope model: 1870ec3b3725b761a97a
[Calliope] Building Calliope model: 1870ec3b3725b761a97a
[Calliope] Solving Calliope model: 1870ec3b3725b761a97a
[Calliope] Solution saved to: SoC_proxy_TSA/data/calliope_models/1870ec3b3725b761a97a.nc
[Dispatch] Instance Runtime:  45.29450750350952
[SoC Proxy] Tuner: c*=0.739889 lost=0.000e+00 | margin=6.000% -> curtailment=0.695495
[SoC Proxy] curtailment forecast: 69.55%
 ------------------------------------------------------- 
 ----- K-Medoid, reps=60, W_proxy=1.0, m=0.08  -----
 -----      57d6bc94af20fe639fad      ----- 
 ------------------------------------------------------- 
[Model] Parameter json saved to SoC_proxy_TSA/data/parameters/57d6bc94af20fe639fad.json
[TSA] Extracting features dataframe for 57d6bc94af20fe639fad
[SoC Proxy] Tuner: c*=0.744894 lost=0.000e+00 | margin=8.000% -> curtailment=0.685303
[SoC Proxy] curtailment forecast: 68.53%
[TSA]: Applying hierarchical clustering method, with medoidRepresentation representation.
weight of "solar" set to the minmal tolerable weighting
weight of "onshore_wind" set to the minmal tolerable weighting
weight of "offshore_wind" set to the minmal tolerable weighting
weight of "demand_power" set to the minmal tolerable weighting
[TSA] successfully applied. Results saved to SoC_proxy_TSA/data/cluster_maps/57d6bc94af20fe639fad.csv.
[TSA] cluster completed in 3.55
[Calliope] Validating and Configuring Calliope model: 57d6bc94af20fe639fad
[Calliope] Building Calliope model: 57d6bc94af20fe639fad
[Calliope] Solving Calliope model: 57d6bc94af20fe639fad
[Calliope] Solution saved to: SoC_proxy_TSA/data/calliope_models/57d6bc94af20fe639fad.nc
[Dispatch] Instance Runtime:  45.04498815536499
[SoC Proxy] Tuner: c*=0.753298 lost=0.000e+00 | margin=8.000% -> curtailment=0.693034
[SoC Proxy] curtailment forecast: 69.30%
 ------------------------------------------------------- 
  
[Dispatch] running scenario Sensitivity_margin_W1_reps60
   
 ------------------------------------------------------- 
 ------------------------------------------------------- 
 ----- K-Medoid, reps=60, W_proxy=1.0, m=0.00  -----
 -----      79f65c50a38378047924      ----- 
 ------------------------------------------------------- 
[Model] Parameter json saved to SoC_proxy_TSA/data/parameters/79f65c50a38378047924.json
[TSA] Extracting features dataframe for 79f65c50a38378047924
[SoC Proxy] Tuner: c*=0.743119 lost=0.000e+00 | margin=0.000% -> curtailment=0.743119
[SoC Proxy] curtailment forecast: 74.31%
[TSA]: Applying hierarchical clustering method, with medoidRepresentation representation.
weight of "solar" set to the minmal tolerable weighting
weight of "onshore_wind" set to the minmal tolerable weighting
weight of "offshore_wind" set to the minmal tolerable weighting
weight of "demand_power" set to the minmal tolerable weighting
[TSA] successfully applied. Results saved to SoC_proxy_TSA/data/cluster_maps/79f65c50a38378047924.csv.
[TSA] cluster completed in 3.64
[Calliope] Validating and Configuring Calliope model: 79f65c50a38378047924
[Calliope] Building Calliope model: 79f65c50a38378047924
[Calliope] Solving Calliope model: 79f65c50a38378047924
[Calliope] Solution saved to: SoC_proxy_TSA/data/calliope_models/79f65c50a38378047924.nc
[Dispatch] Instance Runtime:  47.86567687988281
[SoC Proxy] Tuner: c*=0.746634 lost=0.000e+00 | margin=0.000% -> curtailment=0.746634
[SoC Proxy] curtailment forecast: 74.66%
 ------------------------------------------------------- 
 ----- K-Medoid, reps=60, W_proxy=1.0, m=0.02  -----
 -----      47ff52cbd1575971edec      ----- 
 ------------------------------------------------------- 
[Model] Parameter json saved to SoC_proxy_TSA/data/parameters/47ff52cbd1575971edec.json
[TSA] Extracting features dataframe for 47ff52cbd1575971edec
[SoC Proxy] Tuner: c*=0.743119 lost=0.000e+00 | margin=2.000% -> curtailment=0.728257
[SoC Proxy] curtailment forecast: 72.83%
[TSA]: Applying hierarchical clustering method, with medoidRepresentation representation.
weight of "solar" set to the minmal tolerable weighting
weight of "onshore_wind" set to the minmal tolerable weighting
weight of "offshore_wind" set to the minmal tolerable weighting
weight of "demand_power" set to the minmal tolerable weighting
[TSA] successfully applied. Results saved to SoC_proxy_TSA/data/cluster_maps/47ff52cbd1575971edec.csv.
[TSA] cluster completed in 3.60
[Calliope] Validating and Configuring Calliope model: 47ff52cbd1575971edec
[Calliope] Building Calliope model: 47ff52cbd1575971edec
[Calliope] Solving Calliope model: 47ff52cbd1575971edec
[Calliope] Solution saved to: SoC_proxy_TSA/data/calliope_models/47ff52cbd1575971edec.nc
[Dispatch] Instance Runtime:  80.6995747089386
[SoC Proxy] Tuner: c*=0.738118 lost=0.000e+00 | margin=2.000% -> curtailment=0.723355
[SoC Proxy] curtailment forecast: 72.34%
 ------------------------------------------------------- 
 ----- K-Medoid, reps=60, W_proxy=1.0, m=0.04  -----
 -----      051cf313e6c207f6cfc5      ----- 
 ------------------------------------------------------- 
[Model] Parameter json saved to SoC_proxy_TSA/data/parameters/051cf313e6c207f6cfc5.json
[TSA] Extracting features dataframe for 051cf313e6c207f6cfc5
[SoC Proxy] Tuner: c*=0.743119 lost=0.000e+00 | margin=4.000% -> curtailment=0.713395
[SoC Proxy] curtailment forecast: 71.34%
[TSA]: Applying hierarchical clustering method, with medoidRepresentation representation.
weight of "solar" set to the minmal tolerable weighting
weight of "onshore_wind" set to the minmal tolerable weighting
weight of "offshore_wind" set to the minmal tolerable weighting
weight of "demand_power" set to the minmal tolerable weighting
[TSA] successfully applied. Results saved to SoC_proxy_TSA/data/cluster_maps/051cf313e6c207f6cfc5.csv.
[TSA] cluster completed in 3.59
[Calliope] Validating and Configuring Calliope model: 051cf313e6c207f6cfc5
[Calliope] Building Calliope model: 051cf313e6c207f6cfc5
[Calliope] Solving Calliope model: 051cf313e6c207f6cfc5
[Calliope] Solution saved to: SoC_proxy_TSA/data/calliope_models/051cf313e6c207f6cfc5.nc
[Dispatch] Instance Runtime:  81.2040765285492
[SoC Proxy] Tuner: c*=0.735143 lost=0.000e+00 | margin=4.000% -> curtailment=0.705737
[SoC Proxy] curtailment forecast: 70.57%
 ------------------------------------------------------- 
 ----- K-Medoid, reps=60, W_proxy=1.0, m=0.06  -----
 -----      d4852031aa6ee48e228e      ----- 
 ------------------------------------------------------- 
[Model] Parameter json saved to SoC_proxy_TSA/data/parameters/d4852031aa6ee48e228e.json
[TSA] Extracting features dataframe for d4852031aa6ee48e228e
[SoC Proxy] Tuner: c*=0.743119 lost=0.000e+00 | margin=6.000% -> curtailment=0.698532
[SoC Proxy] curtailment forecast: 69.85%
[TSA]: Applying hierarchical clustering method, with medoidRepresentation representation.
weight of "solar" set to the minmal tolerable weighting
weight of "onshore_wind" set to the minmal tolerable weighting
weight of "offshore_wind" set to the minmal tolerable weighting
weight of "demand_power" set to the minmal tolerable weighting
[TSA] successfully applied. Results saved to SoC_proxy_TSA/data/cluster_maps/d4852031aa6ee48e228e.csv.
[TSA] cluster completed in 3.88
[Calliope] Validating and Configuring Calliope model: d4852031aa6ee48e228e
[Calliope] Building Calliope model: d4852031aa6ee48e228e
[Calliope] Solving Calliope model: d4852031aa6ee48e228e
[Calliope] Solution saved to: SoC_proxy_TSA/data/calliope_models/d4852031aa6ee48e228e.nc
[Dispatch] Instance Runtime:  68.3578131198883
[SoC Proxy] Tuner: c*=0.738105 lost=0.000e+00 | margin=6.000% -> curtailment=0.693819
[SoC Proxy] curtailment forecast: 69.38%
 ------------------------------------------------------- 
 ----- K-Medoid, reps=60, W_proxy=1.0, m=0.08  -----
 -----      5aafdbf88d8b5888e882      ----- 
 ------------------------------------------------------- 
[Model] Parameter json saved to SoC_proxy_TSA/data/parameters/5aafdbf88d8b5888e882.json
[TSA] Extracting features dataframe for 5aafdbf88d8b5888e882
[SoC Proxy] Tuner: c*=0.743119 lost=0.000e+00 | margin=8.000% -> curtailment=0.683670
[SoC Proxy] curtailment forecast: 68.37%
[TSA]: Applying hierarchical clustering method, with medoidRepresentation representation.
weight of "solar" set to the minmal tolerable weighting
weight of "onshore_wind" set to the minmal tolerable weighting
weight of "offshore_wind" set to the minmal tolerable weighting
weight of "demand_power" set to the minmal tolerable weighting
[TSA] successfully applied. Results saved to SoC_proxy_TSA/data/cluster_maps/5aafdbf88d8b5888e882.csv.
[TSA] cluster completed in 4.12
[Calliope] Validating and Configuring Calliope model: 5aafdbf88d8b5888e882
[Calliope] Building Calliope model: 5aafdbf88d8b5888e882
[Calliope] Solving Calliope model: 5aafdbf88d8b5888e882
[Calliope] Solution saved to: SoC_proxy_TSA/data/calliope_models/5aafdbf88d8b5888e882.nc
[Dispatch] Instance Runtime:  89.11100339889526
[SoC Proxy] Tuner: c*=0.757596 lost=0.000e+00 | margin=8.000% -> curtailment=0.696988
[SoC Proxy] curtailment forecast: 69.70%
 ------------------------------------------------------- 
  
[Dispatch] running scenario Sensitivity_margin_W1_reps60
   
 ------------------------------------------------------- 
 ------------------------------------------------------- 
 ----- K-Medoid, reps=60, W_proxy=1.0, m=0.00  -----
 -----      4f216442df515b866db0      ----- 
 ------------------------------------------------------- 
[Model] Parameter json saved to SoC_proxy_TSA/data/parameters/4f216442df515b866db0.json
[TSA] Extracting features dataframe for 4f216442df515b866db0
[SoC Proxy] Tuner: c*=0.742054 lost=0.000e+00 | margin=0.000% -> curtailment=0.742054
[SoC Proxy] curtailment forecast: 74.21%
[TSA]: Applying hierarchical clustering method, with medoidRepresentation representation.
weight of "solar" set to the minmal tolerable weighting
weight of "onshore_wind" set to the minmal tolerable weighting
weight of "offshore_wind" set to the minmal tolerable weighting
weight of "demand_power" set to the minmal tolerable weighting
[TSA] successfully applied. Results saved to SoC_proxy_TSA/data/cluster_maps/4f216442df515b866db0.csv.
[TSA] cluster completed in 4.16
[Calliope] Validating and Configuring Calliope model: 4f216442df515b866db0
[Calliope] Building Calliope model: 4f216442df515b866db0
[Calliope] Solving Calliope model: 4f216442df515b866db0
[Calliope] Solution saved to: SoC_proxy_TSA/data/calliope_models/4f216442df515b866db0.nc
[Dispatch] Instance Runtime:  92.95129704475403
[SoC Proxy] Tuner: c*=0.745591 lost=0.000e+00 | margin=0.000% -> curtailment=0.745591
[SoC Proxy] curtailment forecast: 74.56%
 ------------------------------------------------------- 
 ----- K-Medoid, reps=60, W_proxy=1.0, m=0.02  -----
 -----      bd5ebd91bbc1502dab65      ----- 
 ------------------------------------------------------- 
[Model] Parameter json saved to SoC_proxy_TSA/data/parameters/bd5ebd91bbc1502dab65.json
[TSA] Extracting features dataframe for bd5ebd91bbc1502dab65
[SoC Proxy] Tuner: c*=0.742054 lost=0.000e+00 | margin=2.000% -> curtailment=0.727213
[SoC Proxy] curtailment forecast: 72.72%
[TSA]: Applying hierarchical clustering method, with medoidRepresentation representation.
weight of "solar" set to the minmal tolerable weighting
weight of "onshore_wind" set to the minmal tolerable weighting
weight of "offshore_wind" set to the minmal tolerable weighting
weight of "demand_power" set to the minmal tolerable weighting
[TSA] successfully applied. Results saved to SoC_proxy_TSA/data/cluster_maps/bd5ebd91bbc1502dab65.csv.
[TSA] cluster completed in 4.06
[Calliope] Validating and Configuring Calliope model: bd5ebd91bbc1502dab65
[Calliope] Building Calliope model: bd5ebd91bbc1502dab65
[Calliope] Solving Calliope model: bd5ebd91bbc1502dab65
[Calliope] Solution saved to: SoC_proxy_TSA/data/calliope_models/bd5ebd91bbc1502dab65.nc
[Dispatch] Instance Runtime:  64.44248151779175
[SoC Proxy] Tuner: c*=0.741055 lost=0.000e+00 | margin=2.000% -> curtailment=0.726234
[SoC Proxy] curtailment forecast: 72.62%
 ------------------------------------------------------- 
 ----- K-Medoid, reps=60, W_proxy=1.0, m=0.04  -----
 -----      34f80f180068c4250d62      ----- 
 ------------------------------------------------------- 
[Model] Parameter json saved to SoC_proxy_TSA/data/parameters/34f80f180068c4250d62.json
[TSA] Extracting features dataframe for 34f80f180068c4250d62
[SoC Proxy] Tuner: c*=0.742054 lost=0.000e+00 | margin=4.000% -> curtailment=0.712372
[SoC Proxy] curtailment forecast: 71.24%
[TSA]: Applying hierarchical clustering method, with medoidRepresentation representation.
weight of "solar" set to the minmal tolerable weighting
weight of "onshore_wind" set to the minmal tolerable weighting
weight of "offshore_wind" set to the minmal tolerable weighting
weight of "demand_power" set to the minmal tolerable weighting
[TSA] successfully applied. Results saved to SoC_proxy_TSA/data/cluster_maps/34f80f180068c4250d62.csv.
[TSA] cluster completed in 4.24
[Calliope] Validating and Configuring Calliope model: 34f80f180068c4250d62
[Calliope] Building Calliope model: 34f80f180068c4250d62
[Calliope] Solving Calliope model: 34f80f180068c4250d62
[Calliope] Solution saved to: SoC_proxy_TSA/data/calliope_models/34f80f180068c4250d62.nc
[Dispatch] Instance Runtime:  72.63570880889893
[SoC Proxy] Tuner: c*=0.741936 lost=0.000e+00 | margin=4.000% -> curtailment=0.712258
[SoC Proxy] curtailment forecast: 71.23%
 ------------------------------------------------------- 
 ----- K-Medoid, reps=60, W_proxy=1.0, m=0.06  -----
 -----      13472f5d8d5236a90759      ----- 
 ------------------------------------------------------- 
[Model] Parameter json saved to SoC_proxy_TSA/data/parameters/13472f5d8d5236a90759.json
[TSA] Extracting features dataframe for 13472f5d8d5236a90759
[SoC Proxy] Tuner: c*=0.742054 lost=0.000e+00 | margin=6.000% -> curtailment=0.697530
[SoC Proxy] curtailment forecast: 69.75%
[TSA]: Applying hierarchical clustering method, with medoidRepresentation representation.
weight of "solar" set to the minmal tolerable weighting
weight of "onshore_wind" set to the minmal tolerable weighting
weight of "offshore_wind" set to the minmal tolerable weighting
weight of "demand_power" set to the minmal tolerable weighting
[TSA] successfully applied. Results saved to SoC_proxy_TSA/data/cluster_maps/13472f5d8d5236a90759.csv.
[TSA] cluster completed in 4.08
[Calliope] Validating and Configuring Calliope model: 13472f5d8d5236a90759
[Calliope] Building Calliope model: 13472f5d8d5236a90759
[Calliope] Solving Calliope model: 13472f5d8d5236a90759
[Calliope] Solution saved to: SoC_proxy_TSA/data/calliope_models/13472f5d8d5236a90759.nc
[Dispatch] Instance Runtime:  68.32685160636902
[SoC Proxy] Tuner: c*=0.740523 lost=0.000e+00 | margin=6.000% -> curtailment=0.696092
[SoC Proxy] curtailment forecast: 69.61%
 ------------------------------------------------------- 
 ----- K-Medoid, reps=60, W_proxy=1.0, m=0.08  -----
 -----      fb151117eb6ced269a38      ----- 
 ------------------------------------------------------- 
[Model] Parameter json saved to SoC_proxy_TSA/data/parameters/fb151117eb6ced269a38.json
[TSA] Extracting features dataframe for fb151117eb6ced269a38
[SoC Proxy] Tuner: c*=0.742054 lost=0.000e+00 | margin=8.000% -> curtailment=0.682689
[SoC Proxy] curtailment forecast: 68.27%
[TSA]: Applying hierarchical clustering method, with medoidRepresentation representation.
weight of "solar" set to the minmal tolerable weighting
weight of "onshore_wind" set to the minmal tolerable weighting
weight of "offshore_wind" set to the minmal tolerable weighting
weight of "demand_power" set to the minmal tolerable weighting
[TSA] successfully applied. Results saved to SoC_proxy_TSA/data/cluster_maps/fb151117eb6ced269a38.csv.
[TSA] cluster completed in 4.19
[Calliope] Validating and Configuring Calliope model: fb151117eb6ced269a38
[Calliope] Building Calliope model: fb151117eb6ced269a38
[Calliope] Solving Calliope model: fb151117eb6ced269a38
[Calliope] Solution saved to: SoC_proxy_TSA/data/calliope_models/fb151117eb6ced269a38.nc
[Dispatch] Instance Runtime:  63.51782011985779
[SoC Proxy] Tuner: c*=0.741763 lost=0.000e+00 | margin=8.000% -> curtailment=0.682422
[SoC Proxy] curtailment forecast: 68.24%
 ------------------------------------------------------- 
  
[Dispatch] running scenario Sensitivity_margin_W1_reps60
   
 ------------------------------------------------------- 
 ------------------------------------------------------- 
 ----- K-Medoid, reps=60, W_proxy=1.0, m=0.00  -----
 -----      2a6aae322221319cc430      ----- 
 ------------------------------------------------------- 
[Model] Parameter json saved to SoC_proxy_TSA/data/parameters/2a6aae322221319cc430.json
[TSA] Extracting features dataframe for 2a6aae322221319cc430
[SoC Proxy] Tuner: c*=0.741329 lost=0.000e+00 | margin=0.000% -> curtailment=0.741329
[SoC Proxy] curtailment forecast: 74.13%
[TSA]: Applying hierarchical clustering method, with medoidRepresentation representation.
weight of "solar" set to the minmal tolerable weighting
weight of "onshore_wind" set to the minmal tolerable weighting
weight of "offshore_wind" set to the minmal tolerable weighting
weight of "demand_power" set to the minmal tolerable weighting
[TSA] successfully applied. Results saved to SoC_proxy_TSA/data/cluster_maps/2a6aae322221319cc430.csv.
[TSA] cluster completed in 4.26
[Calliope] Validating and Configuring Calliope model: 2a6aae322221319cc430
[Calliope] Building Calliope model: 2a6aae322221319cc430
[Calliope] Solving Calliope model: 2a6aae322221319cc430
[Calliope] Solution saved to: SoC_proxy_TSA/data/calliope_models/2a6aae322221319cc430.nc
[Dispatch] Instance Runtime:  133.64087986946106
[SoC Proxy] Tuner: c*=0.736363 lost=0.000e+00 | margin=0.000% -> curtailment=0.736363
[SoC Proxy] curtailment forecast: 73.64%
 ------------------------------------------------------- 
 ----- K-Medoid, reps=60, W_proxy=1.0, m=0.02  -----
 -----      7b5e45b7352cd4a57e1f      ----- 
 ------------------------------------------------------- 
[Model] Parameter json saved to SoC_proxy_TSA/data/parameters/7b5e45b7352cd4a57e1f.json
[TSA] Extracting features dataframe for 7b5e45b7352cd4a57e1f
[SoC Proxy] Tuner: c*=0.741329 lost=0.000e+00 | margin=2.000% -> curtailment=0.726503
[SoC Proxy] curtailment forecast: 72.65%
[TSA]: Applying hierarchical clustering method, with medoidRepresentation representation.
weight of "solar" set to the minmal tolerable weighting
weight of "onshore_wind" set to the minmal tolerable weighting
weight of "offshore_wind" set to the minmal tolerable weighting
weight of "demand_power" set to the minmal tolerable weighting
[TSA] successfully applied. Results saved to SoC_proxy_TSA/data/cluster_maps/7b5e45b7352cd4a57e1f.csv.
[TSA] cluster completed in 4.12
[Calliope] Validating and Configuring Calliope model: 7b5e45b7352cd4a57e1f
[Calliope] Building Calliope model: 7b5e45b7352cd4a57e1f
[Calliope] Solving Calliope model: 7b5e45b7352cd4a57e1f
[Calliope] Solution saved to: SoC_proxy_TSA/data/calliope_models/7b5e45b7352cd4a57e1f.nc
[Dispatch] Instance Runtime:  70.03063726425171
[SoC Proxy] Tuner: c*=0.746242 lost=0.000e+00 | margin=2.000% -> curtailment=0.731317
[SoC Proxy] curtailment forecast: 73.13%
 ------------------------------------------------------- 
 ----- K-Medoid, reps=60, W_proxy=1.0, m=0.04  -----
 -----      9de55d2628486fa4d170      ----- 
 ------------------------------------------------------- 
[Model] Parameter json saved to SoC_proxy_TSA/data/parameters/9de55d2628486fa4d170.json
[TSA] Extracting features dataframe for 9de55d2628486fa4d170
[SoC Proxy] Tuner: c*=0.741329 lost=0.000e+00 | margin=4.000% -> curtailment=0.711676
[SoC Proxy] curtailment forecast: 71.17%
[TSA]: Applying hierarchical clustering method, with medoidRepresentation representation.
weight of "solar" set to the minmal tolerable weighting
weight of "onshore_wind" set to the minmal tolerable weighting
weight of "offshore_wind" set to the minmal tolerable weighting
weight of "demand_power" set to the minmal tolerable weighting
[TSA] successfully applied. Results saved to SoC_proxy_TSA/data/cluster_maps/9de55d2628486fa4d170.csv.
[TSA] cluster completed in 4.05
[Calliope] Validating and Configuring Calliope model: 9de55d2628486fa4d170
[Calliope] Building Calliope model: 9de55d2628486fa4d170
[Calliope] Solving Calliope model: 9de55d2628486fa4d170
[Calliope] Solution saved to: SoC_proxy_TSA/data/calliope_models/9de55d2628486fa4d170.nc
[Dispatch] Instance Runtime:  70.32601547241211
[SoC Proxy] Tuner: c*=0.743379 lost=0.000e+00 | margin=4.000% -> curtailment=0.713644
[SoC Proxy] curtailment forecast: 71.36%
 ------------------------------------------------------- 
 ----- K-Medoid, reps=60, W_proxy=1.0, m=0.06  -----
 -----      1d75a352dd7648ad8442      ----- 
 ------------------------------------------------------- 
[Model] Parameter json saved to SoC_proxy_TSA/data/parameters/1d75a352dd7648ad8442.json
[TSA] Extracting features dataframe for 1d75a352dd7648ad8442
[SoC Proxy] Tuner: c*=0.741329 lost=0.000e+00 | margin=6.000% -> curtailment=0.696850
[SoC Proxy] curtailment forecast: 69.68%
[TSA]: Applying hierarchical clustering method, with medoidRepresentation representation.
weight of "solar" set to the minmal tolerable weighting
weight of "onshore_wind" set to the minmal tolerable weighting
weight of "offshore_wind" set to the minmal tolerable weighting
weight of "demand_power" set to the minmal tolerable weighting
[TSA] successfully applied. Results saved to SoC_proxy_TSA/data/cluster_maps/1d75a352dd7648ad8442.csv.
[TSA] cluster completed in 4.06
[Calliope] Validating and Configuring Calliope model: 1d75a352dd7648ad8442
[Calliope] Building Calliope model: 1d75a352dd7648ad8442
[Calliope] Solving Calliope model: 1d75a352dd7648ad8442
[Calliope] Solution saved to: SoC_proxy_TSA/data/calliope_models/1d75a352dd7648ad8442.nc
[Dispatch] Instance Runtime:  80.55930590629578
[SoC Proxy] Tuner: c*=0.746174 lost=0.000e+00 | margin=6.000% -> curtailment=0.701404
[SoC Proxy] curtailment forecast: 70.14%
 ------------------------------------------------------- 
 ----- K-Medoid, reps=60, W_proxy=1.0, m=0.08  -----
 -----      332b9c399e860b53e577      ----- 
 ------------------------------------------------------- 
[Model] Parameter json saved to SoC_proxy_TSA/data/parameters/332b9c399e860b53e577.json
[TSA] Extracting features dataframe for 332b9c399e860b53e577
[SoC Proxy] Tuner: c*=0.741329 lost=0.000e+00 | margin=8.000% -> curtailment=0.682023
[SoC Proxy] curtailment forecast: 68.20%
[TSA]: Applying hierarchical clustering method, with medoidRepresentation representation.
weight of "solar" set to the minmal tolerable weighting
weight of "onshore_wind" set to the minmal tolerable weighting
weight of "offshore_wind" set to the minmal tolerable weighting
weight of "demand_power" set to the minmal tolerable weighting
[TSA] successfully applied. Results saved to SoC_proxy_TSA/data/cluster_maps/332b9c399e860b53e577.csv.
[TSA] cluster completed in 4.24
[Calliope] Validating and Configuring Calliope model: 332b9c399e860b53e577
[Calliope] Building Calliope model: 332b9c399e860b53e577
[Calliope] Solving Calliope model: 332b9c399e860b53e577
[Calliope] Solution saved to: SoC_proxy_TSA/data/calliope_models/332b9c399e860b53e577.nc
[Dispatch] Instance Runtime:  69.78925275802612
[SoC Proxy] Tuner: c*=0.742141 lost=0.000e+00 | margin=8.000% -> curtailment=0.682770
[SoC Proxy] curtailment forecast: 68.28%
 ------------------------------------------------------- 
  
[Dispatch] running scenario Sensitivity_margin_W1_reps60
   
 ------------------------------------------------------- 
 ------------------------------------------------------- 
 ----- K-Medoid, reps=60, W_proxy=1.0, m=0.00  -----
 -----      3db802cb05d53288b9c1      ----- 
 ------------------------------------------------------- 
[Model] Parameter json saved to SoC_proxy_TSA/data/parameters/3db802cb05d53288b9c1.json
[TSA] Extracting features dataframe for 3db802cb05d53288b9c1
[SoC Proxy] Tuner: c*=0.740200 lost=0.000e+00 | margin=0.000% -> curtailment=0.740200
[SoC Proxy] curtailment forecast: 74.02%
[TSA]: Applying hierarchical clustering method, with medoidRepresentation representation.
weight of "solar" set to the minmal tolerable weighting
weight of "onshore_wind" set to the minmal tolerable weighting
weight of "offshore_wind" set to the minmal tolerable weighting
weight of "demand_power" set to the minmal tolerable weighting
[TSA] successfully applied. Results saved to SoC_proxy_TSA/data/cluster_maps/3db802cb05d53288b9c1.csv.
[TSA] cluster completed in 4.21
[Calliope] Validating and Configuring Calliope model: 3db802cb05d53288b9c1
[Calliope] Building Calliope model: 3db802cb05d53288b9c1
[Calliope] Solving Calliope model: 3db802cb05d53288b9c1
[Calliope] Solution saved to: SoC_proxy_TSA/data/calliope_models/3db802cb05d53288b9c1.nc
[Dispatch] Instance Runtime:  71.30870962142944
[SoC Proxy] Tuner: c*=0.729981 lost=0.000e+00 | margin=0.000% -> curtailment=0.729981
[SoC Proxy] ⚠ Warning: SoC Proxy severely non-cyclical (end-start = -1.157e+04)
[SoC Proxy] curtailment forecast: 73.00%
 ------------------------------------------------------- 
 ----- K-Medoid, reps=60, W_proxy=1.0, m=0.02  -----
 -----      e86cd7867f6cbf222eea      ----- 
 ------------------------------------------------------- 
[Model] Parameter json saved to SoC_proxy_TSA/data/parameters/e86cd7867f6cbf222eea.json
[TSA] Extracting features dataframe for e86cd7867f6cbf222eea
[SoC Proxy] Tuner: c*=0.740200 lost=0.000e+00 | margin=2.000% -> curtailment=0.725396
[SoC Proxy] curtailment forecast: 72.54%
[TSA]: Applying hierarchical clustering method, with medoidRepresentation representation.
weight of "solar" set to the minmal tolerable weighting
weight of "onshore_wind" set to the minmal tolerable weighting
weight of "offshore_wind" set to the minmal tolerable weighting
weight of "demand_power" set to the minmal tolerable weighting
[TSA] successfully applied. Results saved to SoC_proxy_TSA/data/cluster_maps/e86cd7867f6cbf222eea.csv.
[TSA] cluster completed in 4.17
[Calliope] Validating and Configuring Calliope model: e86cd7867f6cbf222eea
[Calliope] Building Calliope model: e86cd7867f6cbf222eea
[Calliope] Solving Calliope model: e86cd7867f6cbf222eea
[Calliope] Solution saved to: SoC_proxy_TSA/data/calliope_models/e86cd7867f6cbf222eea.nc
[Dispatch] Instance Runtime:  76.8077654838562
[SoC Proxy] Tuner: c*=0.748932 lost=0.000e+00 | margin=2.000% -> curtailment=0.733954
[SoC Proxy] curtailment forecast: 73.40%
 ------------------------------------------------------- 
 ----- K-Medoid, reps=60, W_proxy=1.0, m=0.04  -----
 -----      da497fb80c5fbadb0acb      ----- 
 ------------------------------------------------------- 
[Model] Parameter json saved to SoC_proxy_TSA/data/parameters/da497fb80c5fbadb0acb.json
[TSA] Extracting features dataframe for da497fb80c5fbadb0acb
[SoC Proxy] Tuner: c*=0.740200 lost=0.000e+00 | margin=4.000% -> curtailment=0.710592
[SoC Proxy] ⚠ Warning: SoC Proxy severely non-cyclical (end-start = -1.000e+04)
[SoC Proxy] curtailment forecast: 71.06%
[TSA]: Applying hierarchical clustering method, with medoidRepresentation representation.
weight of "solar" set to the minmal tolerable weighting
weight of "onshore_wind" set to the minmal tolerable weighting
weight of "offshore_wind" set to the minmal tolerable weighting
weight of "demand_power" set to the minmal tolerable weighting
[TSA] successfully applied. Results saved to SoC_proxy_TSA/data/cluster_maps/da497fb80c5fbadb0acb.csv.
[TSA] cluster completed in 4.17
[Calliope] Validating and Configuring Calliope model: da497fb80c5fbadb0acb
[Calliope] Building Calliope model: da497fb80c5fbadb0acb
[Calliope] Solving Calliope model: da497fb80c5fbadb0acb
[Calliope] Solution saved to: SoC_proxy_TSA/data/calliope_models/da497fb80c5fbadb0acb.nc
[Dispatch] Instance Runtime:  74.46403741836548
[SoC Proxy] Tuner: c*=0.734619 lost=0.000e+00 | margin=4.000% -> curtailment=0.705234
[SoC Proxy] curtailment forecast: 70.52%
 ------------------------------------------------------- 
 ----- K-Medoid, reps=60, W_proxy=1.0, m=0.06  -----
 -----      e6ca277c0f60a19aa311      ----- 
 ------------------------------------------------------- 
[Model] Parameter json saved to SoC_proxy_TSA/data/parameters/e6ca277c0f60a19aa311.json
[TSA] Extracting features dataframe for e6ca277c0f60a19aa311
[SoC Proxy] Tuner: c*=0.740200 lost=0.000e+00 | margin=6.000% -> curtailment=0.695788
[SoC Proxy] ⚠ Warning: SoC Proxy severely non-cyclical (end-start = -1.029e+04)
[SoC Proxy] curtailment forecast: 69.58%
[TSA]: Applying hierarchical clustering method, with medoidRepresentation representation.
weight of "solar" set to the minmal tolerable weighting
weight of "onshore_wind" set to the minmal tolerable weighting
weight of "offshore_wind" set to the minmal tolerable weighting
weight of "demand_power" set to the minmal tolerable weighting
[TSA] successfully applied. Results saved to SoC_proxy_TSA/data/cluster_maps/e6ca277c0f60a19aa311.csv.
[TSA] cluster completed in 4.15
[Calliope] Validating and Configuring Calliope model: e6ca277c0f60a19aa311
[Calliope] Building Calliope model: e6ca277c0f60a19aa311
[Calliope] Solving Calliope model: e6ca277c0f60a19aa311
[Calliope] Solution saved to: SoC_proxy_TSA/data/calliope_models/e6ca277c0f60a19aa311.nc
[Dispatch] Instance Runtime:  69.69676303863525
[SoC Proxy] Tuner: c*=0.743415 lost=0.000e+00 | margin=6.000% -> curtailment=0.698810
[SoC Proxy] curtailment forecast: 69.88%
 ------------------------------------------------------- 
 ----- K-Medoid, reps=60, W_proxy=1.0, m=0.08  -----
 -----      aced0e8195890be0ce99      ----- 
 ------------------------------------------------------- 
[Model] Parameter json saved to SoC_proxy_TSA/data/parameters/aced0e8195890be0ce99.json
[TSA] Extracting features dataframe for aced0e8195890be0ce99
[SoC Proxy] Tuner: c*=0.740200 lost=0.000e+00 | margin=8.000% -> curtailment=0.680984
[SoC Proxy] ⚠ Warning: SoC Proxy severely non-cyclical (end-start = -1.054e+04)
[SoC Proxy] curtailment forecast: 68.10%
[TSA]: Applying hierarchical clustering method, with medoidRepresentation representation.
weight of "solar" set to the minmal tolerable weighting
weight of "onshore_wind" set to the minmal tolerable weighting
weight of "offshore_wind" set to the minmal tolerable weighting
weight of "demand_power" set to the minmal tolerable weighting
[TSA] successfully applied. Results saved to SoC_proxy_TSA/data/cluster_maps/aced0e8195890be0ce99.csv.
[TSA] cluster completed in 4.11
[Calliope] Validating and Configuring Calliope model: aced0e8195890be0ce99
[Calliope] Building Calliope model: aced0e8195890be0ce99
[Calliope] Solving Calliope model: aced0e8195890be0ce99
[Calliope] Solution saved to: SoC_proxy_TSA/data/calliope_models/aced0e8195890be0ce99.nc
[Dispatch] Instance Runtime:  72.373530626297
[SoC Proxy] Tuner: c*=0.736003 lost=0.000e+00 | margin=8.000% -> curtailment=0.677123
[SoC Proxy] curtailment forecast: 67.71%
 ------------------------------------------------------- 
  
[Dispatch] running scenario Sensitivity_margin_W1_reps60
   
 ------------------------------------------------------- 
 ------------------------------------------------------- 
 ----- K-Medoid, reps=60, W_proxy=1.0, m=0.00  -----
 -----      d50be276a164fb38b815      ----- 
 ------------------------------------------------------- 
[Model] Parameter json saved to SoC_proxy_TSA/data/parameters/d50be276a164fb38b815.json
[TSA] Extracting features dataframe for d50be276a164fb38b815
[SoC Proxy] Tuner: c*=0.787528 lost=0.000e+00 | margin=0.000% -> curtailment=0.787528
[SoC Proxy] curtailment forecast: 78.75%
[TSA]: Applying hierarchical clustering method, with medoidRepresentation representation.
weight of "solar" set to the minmal tolerable weighting
weight of "onshore_wind" set to the minmal tolerable weighting
weight of "offshore_wind" set to the minmal tolerable weighting
weight of "demand_power" set to the minmal tolerable weighting
[TSA] successfully applied. Results saved to SoC_proxy_TSA/data/cluster_maps/d50be276a164fb38b815.csv.
[TSA] cluster completed in 4.21
[Calliope] Validating and Configuring Calliope model: d50be276a164fb38b815
[Calliope] Building Calliope model: d50be276a164fb38b815
[Calliope] Solving Calliope model: d50be276a164fb38b815
[Calliope] Solution saved to: SoC_proxy_TSA/data/calliope_models/d50be276a164fb38b815.nc
[Dispatch] Instance Runtime:  80.47507405281067
[SoC Proxy] Tuner: c*=0.784822 lost=0.000e+00 | margin=0.000% -> curtailment=0.784822
[SoC Proxy] curtailment forecast: 78.48%
 ------------------------------------------------------- 
 ----- K-Medoid, reps=60, W_proxy=1.0, m=0.02  -----
 -----      203deb8ff403c1f4db6f      ----- 
 ------------------------------------------------------- 
[Model] Parameter json saved to SoC_proxy_TSA/data/parameters/203deb8ff403c1f4db6f.json
[TSA] Extracting features dataframe for 203deb8ff403c1f4db6f
[SoC Proxy] Tuner: c*=0.787528 lost=0.000e+00 | margin=2.000% -> curtailment=0.771778
[SoC Proxy] curtailment forecast: 77.18%
[TSA]: Applying hierarchical clustering method, with medoidRepresentation representation.
weight of "solar" set to the minmal tolerable weighting
weight of "onshore_wind" set to the minmal tolerable weighting
weight of "offshore_wind" set to the minmal tolerable weighting
weight of "demand_power" set to the minmal tolerable weighting
[TSA] successfully applied. Results saved to SoC_proxy_TSA/data/cluster_maps/203deb8ff403c1f4db6f.csv.
[TSA] cluster completed in 4.48
[Calliope] Validating and Configuring Calliope model: 203deb8ff403c1f4db6f
[Calliope] Building Calliope model: 203deb8ff403c1f4db6f
[Calliope] Solving Calliope model: 203deb8ff403c1f4db6f
[Calliope] Solution saved to: SoC_proxy_TSA/data/calliope_models/203deb8ff403c1f4db6f.nc
[Dispatch] Instance Runtime:  70.75906205177307
[SoC Proxy] Tuner: c*=0.787945 lost=0.000e+00 | margin=2.000% -> curtailment=0.772186
[SoC Proxy] curtailment forecast: 77.22%
 ------------------------------------------------------- 
 ----- K-Medoid, reps=60, W_proxy=1.0, m=0.04  -----
 -----      34c6dc2f13dc277edd84      ----- 
 ------------------------------------------------------- 
[Model] Parameter json saved to SoC_proxy_TSA/data/parameters/34c6dc2f13dc277edd84.json
[TSA] Extracting features dataframe for 34c6dc2f13dc277edd84
[SoC Proxy] Tuner: c*=0.787528 lost=0.000e+00 | margin=4.000% -> curtailment=0.756027
[SoC Proxy] curtailment forecast: 75.60%
[TSA]: Applying hierarchical clustering method, with medoidRepresentation representation.
weight of "solar" set to the minmal tolerable weighting
weight of "onshore_wind" set to the minmal tolerable weighting
weight of "offshore_wind" set to the minmal tolerable weighting
weight of "demand_power" set to the minmal tolerable weighting
[TSA] successfully applied. Results saved to SoC_proxy_TSA/data/cluster_maps/34c6dc2f13dc277edd84.csv.
[TSA] cluster completed in 4.47
[Calliope] Validating and Configuring Calliope model: 34c6dc2f13dc277edd84
[Calliope] Building Calliope model: 34c6dc2f13dc277edd84
[Calliope] Solving Calliope model: 34c6dc2f13dc277edd84
[Calliope] Solution saved to: SoC_proxy_TSA/data/calliope_models/34c6dc2f13dc277edd84.nc
[Dispatch] Instance Runtime:  77.54270362854004
[SoC Proxy] Tuner: c*=0.794925 lost=0.000e+00 | margin=4.000% -> curtailment=0.763128
[SoC Proxy] curtailment forecast: 76.31%
 ------------------------------------------------------- 
 ----- K-Medoid, reps=60, W_proxy=1.0, m=0.06  -----
 -----      daf2fbd0410a97ebce81      ----- 
 ------------------------------------------------------- 
[Model] Parameter json saved to SoC_proxy_TSA/data/parameters/daf2fbd0410a97ebce81.json
[TSA] Extracting features dataframe for daf2fbd0410a97ebce81
[SoC Proxy] Tuner: c*=0.787528 lost=0.000e+00 | margin=6.000% -> curtailment=0.740276
[SoC Proxy] curtailment forecast: 74.03%
[TSA]: Applying hierarchical clustering method, with medoidRepresentation representation.
weight of "solar" set to the minmal tolerable weighting
weight of "onshore_wind" set to the minmal tolerable weighting
weight of "offshore_wind" set to the minmal tolerable weighting
weight of "demand_power" set to the minmal tolerable weighting
[TSA] successfully applied. Results saved to SoC_proxy_TSA/data/cluster_maps/daf2fbd0410a97ebce81.csv.
[TSA] cluster completed in 4.40
[Calliope] Validating and Configuring Calliope model: daf2fbd0410a97ebce81
[Calliope] Building Calliope model: daf2fbd0410a97ebce81
[Calliope] Solving Calliope model: daf2fbd0410a97ebce81
[Calliope] Solution saved to: SoC_proxy_TSA/data/calliope_models/daf2fbd0410a97ebce81.nc
[Dispatch] Instance Runtime:  76.58612728118896
[SoC Proxy] Tuner: c*=0.780870 lost=0.000e+00 | margin=6.000% -> curtailment=0.734018
[SoC Proxy] curtailment forecast: 73.40%
 ------------------------------------------------------- 
 ----- K-Medoid, reps=60, W_proxy=1.0, m=0.08  -----
 -----      470748ee0bc3d1040109      ----- 
 ------------------------------------------------------- 
[Model] Parameter json saved to SoC_proxy_TSA/data/parameters/470748ee0bc3d1040109.json
[TSA] Extracting features dataframe for 470748ee0bc3d1040109
[SoC Proxy] Tuner: c*=0.787528 lost=0.000e+00 | margin=8.000% -> curtailment=0.724526
[SoC Proxy] curtailment forecast: 72.45%
[TSA]: Applying hierarchical clustering method, with medoidRepresentation representation.
weight of "solar" set to the minmal tolerable weighting
weight of "onshore_wind" set to the minmal tolerable weighting
weight of "offshore_wind" set to the minmal tolerable weighting
weight of "demand_power" set to the minmal tolerable weighting
[TSA] successfully applied. Results saved to SoC_proxy_TSA/data/cluster_maps/470748ee0bc3d1040109.csv.
[TSA] cluster completed in 4.48
[Calliope] Validating and Configuring Calliope model: 470748ee0bc3d1040109
[Calliope] Building Calliope model: 470748ee0bc3d1040109
[Calliope] Solving Calliope model: 470748ee0bc3d1040109
[Calliope] Solution saved to: SoC_proxy_TSA/data/calliope_models/470748ee0bc3d1040109.nc
[Dispatch] Instance Runtime:  71.75636696815491
[SoC Proxy] Tuner: c*=0.796666 lost=0.000e+00 | margin=8.000% -> curtailment=0.732933
[SoC Proxy] curtailment forecast: 73.29%
 ------------------------------------------------------- 
  
[Dispatch] running scenario Sensitivity_margin_W1_reps60
   
 ------------------------------------------------------- 
 ------------------------------------------------------- 
 ----- K-Medoid, reps=60, W_proxy=1.0, m=0.00  -----
 -----      2e55cd7e7d4919c18bad      ----- 
 ------------------------------------------------------- 
[Model] Parameter json saved to SoC_proxy_TSA/data/parameters/2e55cd7e7d4919c18bad.json
[TSA] Extracting features dataframe for 2e55cd7e7d4919c18bad
[SoC Proxy] Tuner: c*=0.783823 lost=0.000e+00 | margin=0.000% -> curtailment=0.783823
[SoC Proxy] curtailment forecast: 78.38%
[TSA]: Applying hierarchical clustering method, with medoidRepresentation representation.
weight of "solar" set to the minmal tolerable weighting
weight of "onshore_wind" set to the minmal tolerable weighting
weight of "offshore_wind" set to the minmal tolerable weighting
weight of "demand_power" set to the minmal tolerable weighting
[TSA] successfully applied. Results saved to SoC_proxy_TSA/data/cluster_maps/2e55cd7e7d4919c18bad.csv.
[TSA] cluster completed in 4.35
[Calliope] Validating and Configuring Calliope model: 2e55cd7e7d4919c18bad
[Calliope] Building Calliope model: 2e55cd7e7d4919c18bad
[Calliope] Solving Calliope model: 2e55cd7e7d4919c18bad
[Calliope] Solution saved to: SoC_proxy_TSA/data/calliope_models/2e55cd7e7d4919c18bad.nc
[Dispatch] Instance Runtime:  69.42225170135498
[SoC Proxy] Tuner: c*=0.782948 lost=0.000e+00 | margin=0.000% -> curtailment=0.782948
[SoC Proxy] curtailment forecast: 78.29%
 ------------------------------------------------------- 
 ----- K-Medoid, reps=60, W_proxy=1.0, m=0.02  -----
 -----      4852401c041bc8a9fbc4      ----- 
 ------------------------------------------------------- 
[Model] Parameter json saved to SoC_proxy_TSA/data/parameters/4852401c041bc8a9fbc4.json
[TSA] Extracting features dataframe for 4852401c041bc8a9fbc4
[SoC Proxy] Tuner: c*=0.783823 lost=0.000e+00 | margin=2.000% -> curtailment=0.768147
[SoC Proxy] curtailment forecast: 76.81%
[TSA]: Applying hierarchical clustering method, with medoidRepresentation representation.
weight of "solar" set to the minmal tolerable weighting
weight of "onshore_wind" set to the minmal tolerable weighting
weight of "offshore_wind" set to the minmal tolerable weighting
weight of "demand_power" set to the minmal tolerable weighting
[TSA] successfully applied. Results saved to SoC_proxy_TSA/data/cluster_maps/4852401c041bc8a9fbc4.csv.
[TSA] cluster completed in 4.28
[Calliope] Validating and Configuring Calliope model: 4852401c041bc8a9fbc4
[Calliope] Building Calliope model: 4852401c041bc8a9fbc4
[Calliope] Solving Calliope model: 4852401c041bc8a9fbc4
[Calliope] Solution saved to: SoC_proxy_TSA/data/calliope_models/4852401c041bc8a9fbc4.nc
[Dispatch] Instance Runtime:  71.1959879398346
[SoC Proxy] Tuner: c*=0.774616 lost=0.000e+00 | margin=2.000% -> curtailment=0.759123
[SoC Proxy] curtailment forecast: 75.91%
 ------------------------------------------------------- 
 ----- K-Medoid, reps=60, W_proxy=1.0, m=0.04  -----
 -----      7865c4326531aefe61d0      ----- 
 ------------------------------------------------------- 
[Model] Parameter json saved to SoC_proxy_TSA/data/parameters/7865c4326531aefe61d0.json
[TSA] Extracting features dataframe for 7865c4326531aefe61d0
[SoC Proxy] Tuner: c*=0.783823 lost=0.000e+00 | margin=4.000% -> curtailment=0.752470
[SoC Proxy] curtailment forecast: 75.25%
[TSA]: Applying hierarchical clustering method, with medoidRepresentation representation.
weight of "solar" set to the minmal tolerable weighting
weight of "onshore_wind" set to the minmal tolerable weighting
weight of "offshore_wind" set to the minmal tolerable weighting
weight of "demand_power" set to the minmal tolerable weighting
[TSA] successfully applied. Results saved to SoC_proxy_TSA/data/cluster_maps/7865c4326531aefe61d0.csv.
[TSA] cluster completed in 4.35
[Calliope] Validating and Configuring Calliope model: 7865c4326531aefe61d0
[Calliope] Building Calliope model: 7865c4326531aefe61d0
[Calliope] Solving Calliope model: 7865c4326531aefe61d0
[Calliope] Solution saved to: SoC_proxy_TSA/data/calliope_models/7865c4326531aefe61d0.nc
[Dispatch] Instance Runtime:  81.37856197357178
[SoC Proxy] Tuner: c*=0.774718 lost=0.000e+00 | margin=4.000% -> curtailment=0.743729
[SoC Proxy] curtailment forecast: 74.37%
 ------------------------------------------------------- 
 ----- K-Medoid, reps=60, W_proxy=1.0, m=0.06  -----
 -----      1e6f7954a7c4cde531b6      ----- 
 ------------------------------------------------------- 
[Model] Parameter json saved to SoC_proxy_TSA/data/parameters/1e6f7954a7c4cde531b6.json
[TSA] Extracting features dataframe for 1e6f7954a7c4cde531b6
[SoC Proxy] Tuner: c*=0.783823 lost=0.000e+00 | margin=6.000% -> curtailment=0.736794
[SoC Proxy] curtailment forecast: 73.68%
[TSA]: Applying hierarchical clustering method, with medoidRepresentation representation.
weight of "solar" set to the minmal tolerable weighting
weight of "onshore_wind" set to the minmal tolerable weighting
weight of "offshore_wind" set to the minmal tolerable weighting
weight of "demand_power" set to the minmal tolerable weighting
[TSA] successfully applied. Results saved to SoC_proxy_TSA/data/cluster_maps/1e6f7954a7c4cde531b6.csv.
[TSA] cluster completed in 4.26
[Calliope] Validating and Configuring Calliope model: 1e6f7954a7c4cde531b6
[Calliope] Building Calliope model: 1e6f7954a7c4cde531b6
[Calliope] Solving Calliope model: 1e6f7954a7c4cde531b6
[Calliope] Solution saved to: SoC_proxy_TSA/data/calliope_models/1e6f7954a7c4cde531b6.nc
[Dispatch] Instance Runtime:  73.42247724533081
[SoC Proxy] Tuner: c*=0.785551 lost=0.000e+00 | margin=6.000% -> curtailment=0.738418
[SoC Proxy] curtailment forecast: 73.84%
 ------------------------------------------------------- 
 ----- K-Medoid, reps=60, W_proxy=1.0, m=0.08  -----
 -----      b9495864d704359c8755      ----- 
 ------------------------------------------------------- 
[Model] Parameter json saved to SoC_proxy_TSA/data/parameters/b9495864d704359c8755.json
[TSA] Extracting features dataframe for b9495864d704359c8755
[SoC Proxy] Tuner: c*=0.783823 lost=0.000e+00 | margin=8.000% -> curtailment=0.721117
[SoC Proxy] curtailment forecast: 72.11%
[TSA]: Applying hierarchical clustering method, with medoidRepresentation representation.
weight of "solar" set to the minmal tolerable weighting
weight of "onshore_wind" set to the minmal tolerable weighting
weight of "offshore_wind" set to the minmal tolerable weighting
weight of "demand_power" set to the minmal tolerable weighting
[TSA] successfully applied. Results saved to SoC_proxy_TSA/data/cluster_maps/b9495864d704359c8755.csv.
[TSA] cluster completed in 4.52
[Calliope] Validating and Configuring Calliope model: b9495864d704359c8755
[Calliope] Building Calliope model: b9495864d704359c8755
[Calliope] Solving Calliope model: b9495864d704359c8755
[Calliope] Solution saved to: SoC_proxy_TSA/data/calliope_models/b9495864d704359c8755.nc
[Dispatch] Instance Runtime:  82.45920324325562
[SoC Proxy] Tuner: c*=0.772996 lost=0.000e+00 | margin=8.000% -> curtailment=0.711156
[SoC Proxy] curtailment forecast: 71.12%
 ------------------------------------------------------- 
  
[Dispatch] running scenario Sensitivity_margin_W1_reps60
   
 ------------------------------------------------------- 
 ------------------------------------------------------- 
 ----- K-Medoid, reps=60, W_proxy=1.0, m=0.00  -----
 -----      fa6b0f5bf43baafffb21      ----- 
 ------------------------------------------------------- 
[Model] Parameter json saved to SoC_proxy_TSA/data/parameters/fa6b0f5bf43baafffb21.json
[TSA] Extracting features dataframe for fa6b0f5bf43baafffb21
[SoC Proxy] Tuner: c*=0.780800 lost=0.000e+00 | margin=0.000% -> curtailment=0.780800
[SoC Proxy] curtailment forecast: 78.08%
[TSA]: Applying hierarchical clustering method, with medoidRepresentation representation.
weight of "solar" set to the minmal tolerable weighting
weight of "onshore_wind" set to the minmal tolerable weighting
weight of "offshore_wind" set to the minmal tolerable weighting
weight of "demand_power" set to the minmal tolerable weighting
[TSA] successfully applied. Results saved to SoC_proxy_TSA/data/cluster_maps/fa6b0f5bf43baafffb21.csv.
[TSA] cluster completed in 4.43
[Calliope] Validating and Configuring Calliope model: fa6b0f5bf43baafffb21
[Calliope] Building Calliope model: fa6b0f5bf43baafffb21
[Calliope] Solving Calliope model: fa6b0f5bf43baafffb21
[Calliope] Solution saved to: SoC_proxy_TSA/data/calliope_models/fa6b0f5bf43baafffb21.nc
[Dispatch] Instance Runtime:  86.8399429321289
[SoC Proxy] Tuner: c*=0.783474 lost=0.000e+00 | margin=0.000% -> curtailment=0.783474
[SoC Proxy] curtailment forecast: 78.35%
 ------------------------------------------------------- 
 ----- K-Medoid, reps=60, W_proxy=1.0, m=0.02  -----
 -----      f1f390f9ec38ab9d460c      ----- 
 ------------------------------------------------------- 
[Model] Parameter json saved to SoC_proxy_TSA/data/parameters/f1f390f9ec38ab9d460c.json
[TSA] Extracting features dataframe for f1f390f9ec38ab9d460c
[SoC Proxy] Tuner: c*=0.780800 lost=0.000e+00 | margin=2.000% -> curtailment=0.765184
[SoC Proxy] curtailment forecast: 76.52%
[TSA]: Applying hierarchical clustering method, with medoidRepresentation representation.
weight of "solar" set to the minmal tolerable weighting
weight of "onshore_wind" set to the minmal tolerable weighting
weight of "offshore_wind" set to the minmal tolerable weighting
weight of "demand_power" set to the minmal tolerable weighting
[TSA] successfully applied. Results saved to SoC_proxy_TSA/data/cluster_maps/f1f390f9ec38ab9d460c.csv.
[TSA] cluster completed in 4.39
[Calliope] Validating and Configuring Calliope model: f1f390f9ec38ab9d460c
[Calliope] Building Calliope model: f1f390f9ec38ab9d460c
[Calliope] Solving Calliope model: f1f390f9ec38ab9d460c
[Calliope] Solution saved to: SoC_proxy_TSA/data/calliope_models/f1f390f9ec38ab9d460c.nc
[Dispatch] Instance Runtime:  69.72112846374512
[SoC Proxy] Tuner: c*=0.782756 lost=0.000e+00 | margin=2.000% -> curtailment=0.767101
[SoC Proxy] curtailment forecast: 76.71%
 ------------------------------------------------------- 
 ----- K-Medoid, reps=60, W_proxy=1.0, m=0.04  -----
 -----      df35e5b5e78664ec95c1      ----- 
 ------------------------------------------------------- 
[Model] Parameter json saved to SoC_proxy_TSA/data/parameters/df35e5b5e78664ec95c1.json
[TSA] Extracting features dataframe for df35e5b5e78664ec95c1
[SoC Proxy] Tuner: c*=0.780800 lost=0.000e+00 | margin=4.000% -> curtailment=0.749568
[SoC Proxy] curtailment forecast: 74.96%
[TSA]: Applying hierarchical clustering method, with medoidRepresentation representation.
weight of "solar" set to the minmal tolerable weighting
weight of "onshore_wind" set to the minmal tolerable weighting
weight of "offshore_wind" set to the minmal tolerable weighting
weight of "demand_power" set to the minmal tolerable weighting
[TSA] successfully applied. Results saved to SoC_proxy_TSA/data/cluster_maps/df35e5b5e78664ec95c1.csv.
[TSA] cluster completed in 4.39
[Calliope] Validating and Configuring Calliope model: df35e5b5e78664ec95c1
[Calliope] Building Calliope model: df35e5b5e78664ec95c1
[Calliope] Solving Calliope model: df35e5b5e78664ec95c1
[Calliope] Solution saved to: SoC_proxy_TSA/data/calliope_models/df35e5b5e78664ec95c1.nc
[Dispatch] Instance Runtime:  80.0899908542633
[SoC Proxy] Tuner: c*=0.775929 lost=0.000e+00 | margin=4.000% -> curtailment=0.744892
[SoC Proxy] curtailment forecast: 74.49%
 ------------------------------------------------------- 
 ----- K-Medoid, reps=60, W_proxy=1.0, m=0.06  -----
 -----      7cb6e51a7279e3121493      ----- 
 ------------------------------------------------------- 
[Model] Parameter json saved to SoC_proxy_TSA/data/parameters/7cb6e51a7279e3121493.json
[TSA] Extracting features dataframe for 7cb6e51a7279e3121493
[SoC Proxy] Tuner: c*=0.780800 lost=0.000e+00 | margin=6.000% -> curtailment=0.733952
[SoC Proxy] curtailment forecast: 73.40%
[TSA]: Applying hierarchical clustering method, with medoidRepresentation representation.
weight of "solar" set to the minmal tolerable weighting
weight of "onshore_wind" set to the minmal tolerable weighting
weight of "offshore_wind" set to the minmal tolerable weighting
weight of "demand_power" set to the minmal tolerable weighting
[TSA] successfully applied. Results saved to SoC_proxy_TSA/data/cluster_maps/7cb6e51a7279e3121493.csv.
[TSA] cluster completed in 4.40
[Calliope] Validating and Configuring Calliope model: 7cb6e51a7279e3121493
[Calliope] Building Calliope model: 7cb6e51a7279e3121493
[Calliope] Solving Calliope model: 7cb6e51a7279e3121493
[Calliope] Solution saved to: SoC_proxy_TSA/data/calliope_models/7cb6e51a7279e3121493.nc
[Dispatch] Instance Runtime:  78.9787859916687
[SoC Proxy] Tuner: c*=0.770817 lost=0.000e+00 | margin=6.000% -> curtailment=0.724568
[SoC Proxy] curtailment forecast: 72.46%
 ------------------------------------------------------- 
 ----- K-Medoid, reps=60, W_proxy=1.0, m=0.08  -----
 -----      2efc91119870a5e41f3f      ----- 
 ------------------------------------------------------- 
[Model] Parameter json saved to SoC_proxy_TSA/data/parameters/2efc91119870a5e41f3f.json
[TSA] Extracting features dataframe for 2efc91119870a5e41f3f
[SoC Proxy] Tuner: c*=0.780800 lost=0.000e+00 | margin=8.000% -> curtailment=0.718336
[SoC Proxy] curtailment forecast: 71.83%
[TSA]: Applying hierarchical clustering method, with medoidRepresentation representation.
weight of "solar" set to the minmal tolerable weighting
weight of "onshore_wind" set to the minmal tolerable weighting
weight of "offshore_wind" set to the minmal tolerable weighting
weight of "demand_power" set to the minmal tolerable weighting
[TSA] successfully applied. Results saved to SoC_proxy_TSA/data/cluster_maps/2efc91119870a5e41f3f.csv.
[TSA] cluster completed in 4.40
[Calliope] Validating and Configuring Calliope model: 2efc91119870a5e41f3f
[Calliope] Building Calliope model: 2efc91119870a5e41f3f
[Calliope] Solving Calliope model: 2efc91119870a5e41f3f
[Calliope] Solution saved to: SoC_proxy_TSA/data/calliope_models/2efc91119870a5e41f3f.nc
[Dispatch] Instance Runtime:  74.56088089942932
[SoC Proxy] Tuner: c*=0.783352 lost=0.000e+00 | margin=8.000% -> curtailment=0.720684
[SoC Proxy] curtailment forecast: 72.07%
 ------------------------------------------------------- 
  
[Dispatch] running scenario Sensitivity_margin_W1_reps60
   
 ------------------------------------------------------- 
 ------------------------------------------------------- 
 ----- K-Medoid, reps=60, W_proxy=1.0, m=0.00  -----
 -----      8cfd78ae1520fb04c12f      ----- 
 ------------------------------------------------------- 
[Model] Parameter json saved to SoC_proxy_TSA/data/parameters/8cfd78ae1520fb04c12f.json
[TSA] Extracting features dataframe for 8cfd78ae1520fb04c12f
[SoC Proxy] Tuner: c*=0.777300 lost=0.000e+00 | margin=0.000% -> curtailment=0.777300
[SoC Proxy] curtailment forecast: 77.73%
[TSA]: Applying hierarchical clustering method, with medoidRepresentation representation.
weight of "solar" set to the minmal tolerable weighting
weight of "onshore_wind" set to the minmal tolerable weighting
weight of "offshore_wind" set to the minmal tolerable weighting
weight of "demand_power" set to the minmal tolerable weighting
[TSA] successfully applied. Results saved to SoC_proxy_TSA/data/cluster_maps/8cfd78ae1520fb04c12f.csv.
[TSA] cluster completed in 4.47
[Calliope] Validating and Configuring Calliope model: 8cfd78ae1520fb04c12f
[Calliope] Building Calliope model: 8cfd78ae1520fb04c12f
[Calliope] Solving Calliope model: 8cfd78ae1520fb04c12f
[Calliope] Solution saved to: SoC_proxy_TSA/data/calliope_models/8cfd78ae1520fb04c12f.nc
[Dispatch] Instance Runtime:  72.95519495010376
[SoC Proxy] Tuner: c*=0.760270 lost=0.000e+00 | margin=0.000% -> curtailment=0.760270
[SoC Proxy] curtailment forecast: 76.03%
 ------------------------------------------------------- 
 ----- K-Medoid, reps=60, W_proxy=1.0, m=0.02  -----
 -----      dee04b5dc80ee070823b      ----- 
 ------------------------------------------------------- 
[Model] Parameter json saved to SoC_proxy_TSA/data/parameters/dee04b5dc80ee070823b.json
[TSA] Extracting features dataframe for dee04b5dc80ee070823b
[SoC Proxy] Tuner: c*=0.777300 lost=0.000e+00 | margin=2.000% -> curtailment=0.761754
[SoC Proxy] curtailment forecast: 76.18%
[TSA]: Applying hierarchical clustering method, with medoidRepresentation representation.
weight of "solar" set to the minmal tolerable weighting
weight of "onshore_wind" set to the minmal tolerable weighting
weight of "offshore_wind" set to the minmal tolerable weighting
weight of "demand_power" set to the minmal tolerable weighting
[TSA] successfully applied. Results saved to SoC_proxy_TSA/data/cluster_maps/dee04b5dc80ee070823b.csv.
[TSA] cluster completed in 4.37
[Calliope] Validating and Configuring Calliope model: dee04b5dc80ee070823b
[Calliope] Building Calliope model: dee04b5dc80ee070823b
[Calliope] Solving Calliope model: dee04b5dc80ee070823b
[Calliope] Solution saved to: SoC_proxy_TSA/data/calliope_models/dee04b5dc80ee070823b.nc
[Dispatch] Instance Runtime:  89.936274766922
[SoC Proxy] Tuner: c*=0.773525 lost=0.000e+00 | margin=2.000% -> curtailment=0.758055
[SoC Proxy] curtailment forecast: 75.81%
 ------------------------------------------------------- 
 ----- K-Medoid, reps=60, W_proxy=1.0, m=0.04  -----
 -----      1de26bf350accdfb815e      ----- 
 ------------------------------------------------------- 
[Model] Parameter json saved to SoC_proxy_TSA/data/parameters/1de26bf350accdfb815e.json
[TSA] Extracting features dataframe for 1de26bf350accdfb815e
[SoC Proxy] Tuner: c*=0.777300 lost=0.000e+00 | margin=4.000% -> curtailment=0.746208
[SoC Proxy] curtailment forecast: 74.62%
[TSA]: Applying hierarchical clustering method, with medoidRepresentation representation.
weight of "solar" set to the minmal tolerable weighting
weight of "onshore_wind" set to the minmal tolerable weighting
weight of "offshore_wind" set to the minmal tolerable weighting
weight of "demand_power" set to the minmal tolerable weighting
[TSA] successfully applied. Results saved to SoC_proxy_TSA/data/cluster_maps/1de26bf350accdfb815e.csv.
[TSA] cluster completed in 4.56
[Calliope] Validating and Configuring Calliope model: 1de26bf350accdfb815e
[Calliope] Building Calliope model: 1de26bf350accdfb815e
[Calliope] Solving Calliope model: 1de26bf350accdfb815e
[Calliope] Solution saved to: SoC_proxy_TSA/data/calliope_models/1de26bf350accdfb815e.nc
[Dispatch] Instance Runtime:  77.31328463554382
[SoC Proxy] Tuner: c*=0.776865 lost=0.000e+00 | margin=4.000% -> curtailment=0.745790
[SoC Proxy] curtailment forecast: 74.58%
 ------------------------------------------------------- 
 ----- K-Medoid, reps=60, W_proxy=1.0, m=0.06  -----
 -----      74cc1c5da759f9e024ca      ----- 
 ------------------------------------------------------- 
[Model] Parameter json saved to SoC_proxy_TSA/data/parameters/74cc1c5da759f9e024ca.json
[TSA] Extracting features dataframe for 74cc1c5da759f9e024ca
[SoC Proxy] Tuner: c*=0.777300 lost=0.000e+00 | margin=6.000% -> curtailment=0.730662
[SoC Proxy] curtailment forecast: 73.07%
[TSA]: Applying hierarchical clustering method, with medoidRepresentation representation.
weight of "solar" set to the minmal tolerable weighting
weight of "onshore_wind" set to the minmal tolerable weighting
weight of "offshore_wind" set to the minmal tolerable weighting
weight of "demand_power" set to the minmal tolerable weighting
[TSA] successfully applied. Results saved to SoC_proxy_TSA/data/cluster_maps/74cc1c5da759f9e024ca.csv.
[TSA] cluster completed in 4.45
[Calliope] Validating and Configuring Calliope model: 74cc1c5da759f9e024ca
[Calliope] Building Calliope model: 74cc1c5da759f9e024ca
[Calliope] Solving Calliope model: 74cc1c5da759f9e024ca
[Calliope] Solution saved to: SoC_proxy_TSA/data/calliope_models/74cc1c5da759f9e024ca.nc
[Dispatch] Instance Runtime:  84.90722036361694
[SoC Proxy] Tuner: c*=0.776085 lost=0.000e+00 | margin=6.000% -> curtailment=0.729519
[SoC Proxy] curtailment forecast: 72.95%
 ------------------------------------------------------- 
 ----- K-Medoid, reps=60, W_proxy=1.0, m=0.08  -----
 -----      d0c98d4c644911dfe4f0      ----- 
 ------------------------------------------------------- 
[Model] Parameter json saved to SoC_proxy_TSA/data/parameters/d0c98d4c644911dfe4f0.json
[TSA] Extracting features dataframe for d0c98d4c644911dfe4f0
[SoC Proxy] Tuner: c*=0.777300 lost=0.000e+00 | margin=8.000% -> curtailment=0.715116
[SoC Proxy] curtailment forecast: 71.51%
[TSA]: Applying hierarchical clustering method, with medoidRepresentation representation.
weight of "solar" set to the minmal tolerable weighting
weight of "onshore_wind" set to the minmal tolerable weighting
weight of "offshore_wind" set to the minmal tolerable weighting
weight of "demand_power" set to the minmal tolerable weighting
[TSA] successfully applied. Results saved to SoC_proxy_TSA/data/cluster_maps/d0c98d4c644911dfe4f0.csv.
[TSA] cluster completed in 4.50
[Calliope] Validating and Configuring Calliope model: d0c98d4c644911dfe4f0
[Calliope] Building Calliope model: d0c98d4c644911dfe4f0
[Calliope] Solving Calliope model: d0c98d4c644911dfe4f0
[Calliope] Solution saved to: SoC_proxy_TSA/data/calliope_models/d0c98d4c644911dfe4f0.nc
[Dispatch] Instance Runtime:  87.55263614654541
[SoC Proxy] Tuner: c*=0.780325 lost=0.000e+00 | margin=8.000% -> curtailment=0.717899
[SoC Proxy] curtailment forecast: 71.79%
 ------------------------------------------------------- 
  
[Dispatch] running scenario Sensitivity_margin_W1_reps60
   
 ------------------------------------------------------- 
 ------------------------------------------------------- 
 ----- K-Medoid, reps=60, W_proxy=1.0, m=0.00  -----
 -----      6213381c27ab19095734      ----- 
 ------------------------------------------------------- 
[Model] Parameter json saved to SoC_proxy_TSA/data/parameters/6213381c27ab19095734.json
[TSA] Extracting features dataframe for 6213381c27ab19095734
[SoC Proxy] Tuner: c*=0.773118 lost=0.000e+00 | margin=0.000% -> curtailment=0.773118
[SoC Proxy] curtailment forecast: 77.31%
[TSA]: Applying hierarchical clustering method, with medoidRepresentation representation.
weight of "solar" set to the minmal tolerable weighting
weight of "onshore_wind" set to the minmal tolerable weighting
weight of "offshore_wind" set to the minmal tolerable weighting
weight of "demand_power" set to the minmal tolerable weighting
[TSA] successfully applied. Results saved to SoC_proxy_TSA/data/cluster_maps/6213381c27ab19095734.csv.
[TSA] cluster completed in 4.49
[Calliope] Validating and Configuring Calliope model: 6213381c27ab19095734
[Calliope] Building Calliope model: 6213381c27ab19095734
[Calliope] Solving Calliope model: 6213381c27ab19095734
[Calliope] Solution saved to: SoC_proxy_TSA/data/calliope_models/6213381c27ab19095734.nc
[Dispatch] Instance Runtime:  94.69992566108704
[SoC Proxy] Tuner: c*=0.768612 lost=0.000e+00 | margin=0.000% -> curtailment=0.768612
[SoC Proxy] curtailment forecast: 76.86%
 ------------------------------------------------------- 
 ----- K-Medoid, reps=60, W_proxy=1.0, m=0.02  -----
 -----      1de44dc65e0c487a9686      ----- 
 ------------------------------------------------------- 
[Model] Parameter json saved to SoC_proxy_TSA/data/parameters/1de44dc65e0c487a9686.json
[TSA] Extracting features dataframe for 1de44dc65e0c487a9686
[SoC Proxy] Tuner: c*=0.773118 lost=0.000e+00 | margin=2.000% -> curtailment=0.757655
[SoC Proxy] curtailment forecast: 75.77%
[TSA]: Applying hierarchical clustering method, with medoidRepresentation representation.
weight of "solar" set to the minmal tolerable weighting
weight of "onshore_wind" set to the minmal tolerable weighting
weight of "offshore_wind" set to the minmal tolerable weighting
weight of "demand_power" set to the minmal tolerable weighting
[TSA] successfully applied. Results saved to SoC_proxy_TSA/data/cluster_maps/1de44dc65e0c487a9686.csv.
[TSA] cluster completed in 4.52
[Calliope] Validating and Configuring Calliope model: 1de44dc65e0c487a9686
[Calliope] Building Calliope model: 1de44dc65e0c487a9686
[Calliope] Solving Calliope model: 1de44dc65e0c487a9686
[Calliope] Solution saved to: SoC_proxy_TSA/data/calliope_models/1de44dc65e0c487a9686.nc
[Dispatch] Instance Runtime:  73.57926392555237
[SoC Proxy] Tuner: c*=0.762363 lost=0.000e+00 | margin=2.000% -> curtailment=0.747116
[SoC Proxy] curtailment forecast: 74.71%
 ------------------------------------------------------- 
 ----- K-Medoid, reps=60, W_proxy=1.0, m=0.04  -----
 -----      cc8a6479feadf365b326      ----- 
 ------------------------------------------------------- 
[Model] Parameter json saved to SoC_proxy_TSA/data/parameters/cc8a6479feadf365b326.json
[TSA] Extracting features dataframe for cc8a6479feadf365b326
[SoC Proxy] Tuner: c*=0.773118 lost=0.000e+00 | margin=4.000% -> curtailment=0.742193
[SoC Proxy] curtailment forecast: 74.22%
[TSA]: Applying hierarchical clustering method, with medoidRepresentation representation.
weight of "solar" set to the minmal tolerable weighting
weight of "onshore_wind" set to the minmal tolerable weighting
weight of "offshore_wind" set to the minmal tolerable weighting
weight of "demand_power" set to the minmal tolerable weighting
[TSA] successfully applied. Results saved to SoC_proxy_TSA/data/cluster_maps/cc8a6479feadf365b326.csv.
[TSA] cluster completed in 4.48
[Calliope] Validating and Configuring Calliope model: cc8a6479feadf365b326
[Calliope] Building Calliope model: cc8a6479feadf365b326
[Calliope] Solving Calliope model: cc8a6479feadf365b326
[Calliope] Solution saved to: SoC_proxy_TSA/data/calliope_models/cc8a6479feadf365b326.nc
[Dispatch] Instance Runtime:  76.4353551864624
[SoC Proxy] Tuner: c*=0.774630 lost=0.000e+00 | margin=4.000% -> curtailment=0.743645
[SoC Proxy] curtailment forecast: 74.36%
 ------------------------------------------------------- 
 ----- K-Medoid, reps=60, W_proxy=1.0, m=0.06  -----
 -----      c4df19d334c26a5cc13c      ----- 
 ------------------------------------------------------- 
[Model] Parameter json saved to SoC_proxy_TSA/data/parameters/c4df19d334c26a5cc13c.json
[TSA] Extracting features dataframe for c4df19d334c26a5cc13c
[SoC Proxy] Tuner: c*=0.773118 lost=0.000e+00 | margin=6.000% -> curtailment=0.726730
[SoC Proxy] curtailment forecast: 72.67%
[TSA]: Applying hierarchical clustering method, with medoidRepresentation representation.
weight of "solar" set to the minmal tolerable weighting
weight of "onshore_wind" set to the minmal tolerable weighting
weight of "offshore_wind" set to the minmal tolerable weighting
weight of "demand_power" set to the minmal tolerable weighting
[TSA] successfully applied. Results saved to SoC_proxy_TSA/data/cluster_maps/c4df19d334c26a5cc13c.csv.
[TSA] cluster completed in 4.43
[Calliope] Validating and Configuring Calliope model: c4df19d334c26a5cc13c
[Calliope] Building Calliope model: c4df19d334c26a5cc13c
[Calliope] Solving Calliope model: c4df19d334c26a5cc13c
[Calliope] Solution saved to: SoC_proxy_TSA/data/calliope_models/c4df19d334c26a5cc13c.nc
[Dispatch] Instance Runtime:  76.24089360237122
[SoC Proxy] Tuner: c*=0.762099 lost=0.000e+00 | margin=6.000% -> curtailment=0.716373
[SoC Proxy] curtailment forecast: 71.64%
 ------------------------------------------------------- 
 ----- K-Medoid, reps=60, W_proxy=1.0, m=0.08  -----
 -----      8df66ac3da5ea852c230      ----- 
 ------------------------------------------------------- 
[Model] Parameter json saved to SoC_proxy_TSA/data/parameters/8df66ac3da5ea852c230.json
[TSA] Extracting features dataframe for 8df66ac3da5ea852c230
[SoC Proxy] Tuner: c*=0.773118 lost=0.000e+00 | margin=8.000% -> curtailment=0.711268
[SoC Proxy] curtailment forecast: 71.13%
[TSA]: Applying hierarchical clustering method, with medoidRepresentation representation.
weight of "solar" set to the minmal tolerable weighting
weight of "onshore_wind" set to the minmal tolerable weighting
weight of "offshore_wind" set to the minmal tolerable weighting
weight of "demand_power" set to the minmal tolerable weighting
[TSA] successfully applied. Results saved to SoC_proxy_TSA/data/cluster_maps/8df66ac3da5ea852c230.csv.
[TSA] cluster completed in 4.50
[Calliope] Validating and Configuring Calliope model: 8df66ac3da5ea852c230
[Calliope] Building Calliope model: 8df66ac3da5ea852c230
[Calliope] Solving Calliope model: 8df66ac3da5ea852c230
[Calliope] Solution saved to: SoC_proxy_TSA/data/calliope_models/8df66ac3da5ea852c230.nc
[Dispatch] Instance Runtime:  65.95940136909485
[SoC Proxy] Tuner: c*=0.782154 lost=0.000e+00 | margin=8.000% -> curtailment=0.719581
[SoC Proxy] curtailment forecast: 71.96%
