Running on host: cmp091
 ------------------------------------------------------- 
[Dispatch] Scenarios include...
['Sensitivity_W_reps30', 'Sensitivity_W_reps45', 'Sensitivity_W_reps60', 'Sensitivity_W_reps90', 'Sensitivity_W_reps180']
[['SoC_proxy_TSA/data/timeseries/time_varying_parameters_BE.csv', [2006, 2015]]]
 ------------------------------------------------------- 
 ------------------------------------------------------- 
  
[Dispatch] running scenario Sensitivity_W_reps30
   
 ------------------------------------------------------- 
 ------------------------------------------------------- 
 ----- K-Medoid, reps=30, W_proxy=0.0  -----
 -----      02360a8cfc765f0a83da      ----- 
 ------------------------------------------------------- 
[Model] Parameter json saved to SoC_proxy_TSA/data/parameters/02360a8cfc765f0a83da.json
[TSA] Extracting features dataframe for 02360a8cfc765f0a83da
[TSA]: Applying hierarchical clustering method, with medoidRepresentation representation.
[TSA] Warning: dropping 10 duplicated timesteps in matched_indices.
[TSA] successfully applied. Results saved to SoC_proxy_TSA/data/cluster_maps/02360a8cfc765f0a83da.csv.
[TSA] cluster completed in 6.69
[Calliope] Validating and Configuring Calliope model: 02360a8cfc765f0a83da
[Calliope] Building Calliope model: 02360a8cfc765f0a83da
Traceback (most recent call last):
  File "/home/dhawkins/projects/energy-system-modelling-with-LDES/SoC_proxy_TSA/python/post_optimised_cluster_tsa_dispatcher.py", line 237, in <module>
    m=run(calliope_p, soc_proxy_p, tsa_p, tsa_type=dispatch_mode, tvp_source=tvp_source if tvp_source else 'SoC_proxy_TSA/data/timeseries/time_varying_parameters.csv')
      ^^^^^^^^^^^^^^^^^^^^^^^^^^^^^^^^^^^^^^^^^^^^^^^^^^^^^^^^^^^^^^^^^^^^^^^^^^^^^^^^^^^^^^^^^^^^^^^^^^^^^^^^^^^^^^^^^^^^^^^^^^^^^^^^^^^^^^^^^^^^^^^^^^^^^^^^^^^^^^^^^
  File "/home/dhawkins/projects/energy-system-modelling-with-LDES/SoC_proxy_TSA/python/post_optimised_cluster_tsa_dispatcher.py", line 107, in run
    m.build_calliope()
  File "/home/dhawkins/projects/energy-system-modelling-with-LDES/SoC_proxy_TSA/python/utility_functions/class_tsa_model.py", line 188, in build_calliope
    self.calliope_model.model.build()
  File "/home/dhawkins/projects/calliope/src/calliope/model.py", line 285, in build
    self.backend.add_optimisation_components()
  File "/home/dhawkins/projects/calliope/src/calliope/backend/backend_model.py", line 327, in add_optimisation_components
    getattr(self, f"add_{component}")(name, definition)
  File "/home/dhawkins/projects/calliope/src/calliope/backend/backend_model.py", line 77, in validator
    return func(*bound_args.args, **bound_args.kwargs)
           ^^^^^^^^^^^^^^^^^^^^^^^^^^^^^^^^^^^^^^^^^^^
  File "/home/dhawkins/projects/calliope/src/calliope/backend/pyomo_backend_model.py", line 115, in add_constraint
    self._add_component(name, definition, _constraint_setter, "constraints")
  File "/home/dhawkins/projects/calliope/src/calliope/backend/backend_model.py", line 427, in _add_component
    to_fill = component_setter(element, where, references)
              ^^^^^^^^^^^^^^^^^^^^^^^^^^^^^^^^^^^^^^^^^^^^
  File "/home/dhawkins/projects/calliope/src/calliope/backend/pyomo_backend_model.py", line 100, in _constraint_setter
    expr = element.evaluate_expression(self, where=where, references=references)
           ^^^^^^^^^^^^^^^^^^^^^^^^^^^^^^^^^^^^^^^^^^^^^^^^^^^^^^^^^^^^^^^^^^^^^
  File "/home/dhawkins/projects/calliope/src/calliope/backend/parsing.py", line 329, in evaluate_expression
    evaluated = self.expression[0].eval(
                ^^^^^^^^^^^^^^^^^^^^^^^^
  File "/home/dhawkins/projects/calliope/src/calliope/backend/expression_parser.py", line 146, in eval
    evaluated = self.as_array()
                ^^^^^^^^^^^^^^^
  File "/home/dhawkins/projects/calliope/src/calliope/backend/expression_parser.py", line 403, in as_array
    lhs, rhs = self._eval("array")
               ^^^^^^^^^^^^^^^^^^^
  File "/home/dhawkins/projects/calliope/src/calliope/backend/expression_parser.py", line 394, in _eval
    lhs = self.lhs.eval(return_type, **self.eval_attrs)
          ^^^^^^^^^^^^^^^^^^^^^^^^^^^^^^^^^^^^^^^^^^^^^
  File "/home/dhawkins/projects/calliope/src/calliope/backend/expression_parser.py", line 146, in eval
    evaluated = self.as_array()
                ^^^^^^^^^^^^^^^
  File "/home/dhawkins/projects/calliope/src/calliope/backend/expression_parser.py", line 305, in as_array
    operand.eval(return_type="array", **self.eval_attrs)
  File "/home/dhawkins/projects/calliope/src/calliope/backend/expression_parser.py", line 146, in eval
    evaluated = self.as_array()
                ^^^^^^^^^^^^^^^
  File "/home/dhawkins/projects/calliope/src/calliope/backend/expression_parser.py", line 633, in as_array
    return evaluated.sel(**slices)
           ^^^^^^^^^^^^^^^^^^^^^^^
  File "/scratch/dhawkins/conda/envs/py312/lib/python3.12/site-packages/xarray/core/dataarray.py", line 1628, in sel
    ds = self._to_temp_dataset().sel(
         ^^^^^^^^^^^^^^^^^^^^^^^^^^^^
  File "/scratch/dhawkins/conda/envs/py312/lib/python3.12/site-packages/xarray/core/dataset.py", line 3097, in sel
    query_results = map_index_queries(
                    ^^^^^^^^^^^^^^^^^^
  File "/scratch/dhawkins/conda/envs/py312/lib/python3.12/site-packages/xarray/core/indexing.py", line 192, in map_index_queries
    results.append(index.sel(labels, **options))
                   ^^^^^^^^^^^^^^^^^^^^^^^^^^^^
  File "/scratch/dhawkins/conda/envs/py312/lib/python3.12/site-packages/xarray/core/indexes.py", line 784, in sel
    raise KeyError(f"not all values found in index {coord_name!r}")
KeyError: "not all values found in index 'clusters'"
srun: error: cmp091: task 0: Exited with exit code 1
srun: launch/slurm: _step_signal: Terminating StepId=8662827.0
