Running on host: cmp204
 ------------------------------------------------------- 
[Dispatch] Scenarios include...
['margin_sensitivity_60-180_m=0.02', 'margin_sensitivity_60-180_m=0.04', 'margin_sensitivity_60-180_m=0.06']
[['SoC_proxy_TSA/data/timeseries/time_varying_parameters.csv', [2006, 2015]], ['SoC_proxy_TSA/data/timeseries/time_varying_parameters.csv', [2008, 2017]], ['SoC_proxy_TSA/data/timeseries/time_varying_parameters.csv', [2010, 2019]], ['SoC_proxy_TSA/data/timeseries/time_varying_parameters.csv', [2012, 2021]], ['SoC_proxy_TSA/data/timeseries/time_varying_parameters.csv', [2014, 2023]]]
 ------------------------------------------------------- 
 ------------------------------------------------------- 
  
[Dispatch] running scenario margin_sensitivity_60-180_m=0.04
   
 ------------------------------------------------------- 
 ------------------------------------------------------- 
 ----- K-Medoid, reps=60 W_proxy=0.0, m=0.04  -----
 -----      40b7d2268400a87af68f      ----- 
 ------------------------------------------------------- 
[Model] Parameter json saved to SoC_proxy_TSA/data/parameters/40b7d2268400a87af68f.json
> Model: SoC_proxy_TSA/data/calliope_models/40b7d2268400a87af68f.nc already exists. Reading file...
 ------------------------------------------------------- 
 ----- K-Medoid, reps=60 W_proxy=0.75, m=0.04  -----
 -----      bd65954f9243c79c9a7d      ----- 
 ------------------------------------------------------- 
[Model] Parameter json saved to SoC_proxy_TSA/data/parameters/bd65954f9243c79c9a7d.json
> Model: SoC_proxy_TSA/data/calliope_models/bd65954f9243c79c9a7d.nc already exists. Reading file...
[SoC Proxy] Tuner: c*=0.753100 lost=0.000e+00 | margin=4.000% -> curtailment=0.722976
[SoC Proxy] curtailment forecast: 72.30%
 ------------------------------------------------------- 
 ----- K-Medoid, reps=60 W_proxy=1, m=0.04  -----
 -----      e7057eb7d1fadcb13ad4      ----- 
 ------------------------------------------------------- 
[Model] Parameter json saved to SoC_proxy_TSA/data/parameters/e7057eb7d1fadcb13ad4.json
> Model: SoC_proxy_TSA/data/calliope_models/e7057eb7d1fadcb13ad4.nc already exists. Reading file...
[SoC Proxy] Tuner: c*=0.743361 lost=0.000e+00 | margin=4.000% -> curtailment=0.713627
[SoC Proxy] curtailment forecast: 71.36%
 ------------------------------------------------------- 
 ----- K-Medoid, reps=90, W_proxy=0.0, m=0.04  -----
 -----      59f7c2789a630acb048c      ----- 
 ------------------------------------------------------- 
[Model] Parameter json saved to SoC_proxy_TSA/data/parameters/59f7c2789a630acb048c.json
> Model: SoC_proxy_TSA/data/calliope_models/59f7c2789a630acb048c.nc already exists. Reading file...
 ------------------------------------------------------- 
 ----- K-Medoid, reps=90, W_proxy=0.75, m=0.04  -----
 -----      9b6148ee613841501bcc      ----- 
 ------------------------------------------------------- 
[Model] Parameter json saved to SoC_proxy_TSA/data/parameters/9b6148ee613841501bcc.json
> Model: SoC_proxy_TSA/data/calliope_models/9b6148ee613841501bcc.nc already exists. Reading file...
[SoC Proxy] Tuner: c*=0.753809 lost=0.000e+00 | margin=4.000% -> curtailment=0.723657
[SoC Proxy] curtailment forecast: 72.37%
 ------------------------------------------------------- 
 ----- K-Medoid, reps=90, W_proxy=1, m=0.04  -----
 -----      088ec87073c098cc0ce3      ----- 
 ------------------------------------------------------- 
[Model] Parameter json saved to SoC_proxy_TSA/data/parameters/088ec87073c098cc0ce3.json
> Model: SoC_proxy_TSA/data/calliope_models/088ec87073c098cc0ce3.nc already exists. Reading file...
[SoC Proxy] Tuner: c*=0.736592 lost=0.000e+00 | margin=4.000% -> curtailment=0.707128
[SoC Proxy] curtailment forecast: 70.71%
 ------------------------------------------------------- 
 ----- K-Medoid, reps=180, W_proxy=0.0, m=0.04  -----
 -----      a8303ce24cdfb7033d4d      ----- 
 ------------------------------------------------------- 
[Model] Parameter json saved to SoC_proxy_TSA/data/parameters/a8303ce24cdfb7033d4d.json
> Model: SoC_proxy_TSA/data/calliope_models/a8303ce24cdfb7033d4d.nc already exists. Reading file...
 ------------------------------------------------------- 
 ----- K-Medoid, reps=180, W_proxy=0.75, m=0.04  -----
 -----      ec176d71ed2ebaae9a82      ----- 
 ------------------------------------------------------- 
[Model] Parameter json saved to SoC_proxy_TSA/data/parameters/ec176d71ed2ebaae9a82.json
> Model: SoC_proxy_TSA/data/calliope_models/ec176d71ed2ebaae9a82.nc already exists. Reading file...
[SoC Proxy] Tuner: c*=0.750544 lost=0.000e+00 | margin=4.000% -> curtailment=0.720522
[SoC Proxy] ⚠ Warning: SoC Proxy severely non-cyclical (end-start = -1.054e+04)
[SoC Proxy] curtailment forecast: 72.05%
 ------------------------------------------------------- 
 ----- K-Medoid, reps=180, W_proxy=1, m=0.04  -----
 -----      6c268304755dba4b1928      ----- 
 ------------------------------------------------------- 
[Model] Parameter json saved to SoC_proxy_TSA/data/parameters/6c268304755dba4b1928.json
> Model: SoC_proxy_TSA/data/calliope_models/6c268304755dba4b1928.nc already exists. Reading file...
[SoC Proxy] Tuner: c*=0.742100 lost=0.000e+00 | margin=4.000% -> curtailment=0.712416
[SoC Proxy] curtailment forecast: 71.24%
 ------------------------------------------------------- 
  
[Dispatch] running scenario margin_sensitivity_60-180_m=0.06
   
 ------------------------------------------------------- 
 ------------------------------------------------------- 
 ----- K-Medoid, reps=60 W_proxy=0.0, m=0.06  -----
 -----      57543617237875eca1c3      ----- 
 ------------------------------------------------------- 
[Model] Parameter json saved to SoC_proxy_TSA/data/parameters/57543617237875eca1c3.json
> Model: SoC_proxy_TSA/data/calliope_models/57543617237875eca1c3.nc already exists. Reading file...
 ------------------------------------------------------- 
 ----- K-Medoid, reps=60 W_proxy=0.75, m=0.06  -----
 -----      0a15289ee2e4dca5c82a      ----- 
 ------------------------------------------------------- 
[Model] Parameter json saved to SoC_proxy_TSA/data/parameters/0a15289ee2e4dca5c82a.json
> Model: SoC_proxy_TSA/data/calliope_models/0a15289ee2e4dca5c82a.nc already exists. Reading file...
[SoC Proxy] Tuner: c*=0.748544 lost=0.000e+00 | margin=6.000% -> curtailment=0.703631
[SoC Proxy] curtailment forecast: 70.36%
 ------------------------------------------------------- 
 ----- K-Medoid, reps=60 W_proxy=1, m=0.06  -----
 -----      1870ec3b3725b761a97a      ----- 
 ------------------------------------------------------- 
[Model] Parameter json saved to SoC_proxy_TSA/data/parameters/1870ec3b3725b761a97a.json
> Model: SoC_proxy_TSA/data/calliope_models/1870ec3b3725b761a97a.nc already exists. Reading file...
[SoC Proxy] Tuner: c*=0.739889 lost=0.000e+00 | margin=6.000% -> curtailment=0.695495
[SoC Proxy] curtailment forecast: 69.55%
 ------------------------------------------------------- 
 ----- K-Medoid, reps=90, W_proxy=0.0, m=0.06  -----
 -----      8450559883e05ed77cc2      ----- 
 ------------------------------------------------------- 
[Model] Parameter json saved to SoC_proxy_TSA/data/parameters/8450559883e05ed77cc2.json
> Model: SoC_proxy_TSA/data/calliope_models/8450559883e05ed77cc2.nc already exists. Reading file...
 ------------------------------------------------------- 
 ----- K-Medoid, reps=90, W_proxy=0.75, m=0.06  -----
 -----      cf2a35df618010564c39      ----- 
 ------------------------------------------------------- 
[Model] Parameter json saved to SoC_proxy_TSA/data/parameters/cf2a35df618010564c39.json
> Model: SoC_proxy_TSA/data/calliope_models/cf2a35df618010564c39.nc already exists. Reading file...
[SoC Proxy] Tuner: c*=0.752578 lost=0.000e+00 | margin=6.000% -> curtailment=0.707423
[SoC Proxy] curtailment forecast: 70.74%
 ------------------------------------------------------- 
 ----- K-Medoid, reps=90, W_proxy=1, m=0.06  -----
 -----      cdc668bc8a201951a7f2      ----- 
 ------------------------------------------------------- 
[Model] Parameter json saved to SoC_proxy_TSA/data/parameters/cdc668bc8a201951a7f2.json
> Model: SoC_proxy_TSA/data/calliope_models/cdc668bc8a201951a7f2.nc already exists. Reading file...
[SoC Proxy] Tuner: c*=0.742513 lost=0.000e+00 | margin=6.000% -> curtailment=0.697962
[SoC Proxy] curtailment forecast: 69.80%
 ------------------------------------------------------- 
 ----- K-Medoid, reps=180, W_proxy=0.0, m=0.06  -----
 -----      bfb466ed1afce23e6d4a      ----- 
 ------------------------------------------------------- 
[Model] Parameter json saved to SoC_proxy_TSA/data/parameters/bfb466ed1afce23e6d4a.json
> Model: SoC_proxy_TSA/data/calliope_models/bfb466ed1afce23e6d4a.nc already exists. Reading file...
 ------------------------------------------------------- 
 ----- K-Medoid, reps=180, W_proxy=0.75, m=0.06  -----
 -----      b59f420bc42ece0b6409      ----- 
 ------------------------------------------------------- 
[Model] Parameter json saved to SoC_proxy_TSA/data/parameters/b59f420bc42ece0b6409.json
> Model: SoC_proxy_TSA/data/calliope_models/b59f420bc42ece0b6409.nc already exists. Reading file...
[SoC Proxy] Tuner: c*=0.751176 lost=0.000e+00 | margin=6.000% -> curtailment=0.706105
[SoC Proxy] curtailment forecast: 70.61%
 ------------------------------------------------------- 
 ----- K-Medoid, reps=180, W_proxy=1, m=0.06  -----
 -----      68bfca7e4516ca7a8cce      ----- 
 ------------------------------------------------------- 
[Model] Parameter json saved to SoC_proxy_TSA/data/parameters/68bfca7e4516ca7a8cce.json
> Model: SoC_proxy_TSA/data/calliope_models/68bfca7e4516ca7a8cce.nc already exists. Reading file...
[SoC Proxy] Tuner: c*=0.746851 lost=0.000e+00 | margin=6.000% -> curtailment=0.702040
[SoC Proxy] curtailment forecast: 70.20%
 ------------------------------------------------------- 
  
[Dispatch] running scenario margin_sensitivity_60-180_m=0.02
   
 ------------------------------------------------------- 
 ------------------------------------------------------- 
 ----- K-Medoid, reps=60 W_proxy=0.0, m=0.02  -----
 -----      cf7b1e3de758dab92a34      ----- 
 ------------------------------------------------------- 
[Model] Parameter json saved to SoC_proxy_TSA/data/parameters/cf7b1e3de758dab92a34.json
> Model: SoC_proxy_TSA/data/calliope_models/cf7b1e3de758dab92a34.nc already exists. Reading file...
 ------------------------------------------------------- 
 ----- K-Medoid, reps=60 W_proxy=0.75, m=0.02  -----
 -----      5459a4d7e69aa9d21567      ----- 
 ------------------------------------------------------- 
[Model] Parameter json saved to SoC_proxy_TSA/data/parameters/5459a4d7e69aa9d21567.json
> Model: SoC_proxy_TSA/data/calliope_models/5459a4d7e69aa9d21567.nc already exists. Reading file...
[SoC Proxy] Tuner: c*=0.749726 lost=0.000e+00 | margin=2.000% -> curtailment=0.734731
[SoC Proxy] curtailment forecast: 73.47%
 ------------------------------------------------------- 
 ----- K-Medoid, reps=60 W_proxy=1, m=0.02  -----
 -----      9303e3786cebee8e9428      ----- 
 ------------------------------------------------------- 
[Model] Parameter json saved to SoC_proxy_TSA/data/parameters/9303e3786cebee8e9428.json
> Model: SoC_proxy_TSA/data/calliope_models/9303e3786cebee8e9428.nc already exists. Reading file...
[SoC Proxy] Tuner: c*=0.745268 lost=0.000e+00 | margin=2.000% -> curtailment=0.730363
[SoC Proxy] curtailment forecast: 73.04%
 ------------------------------------------------------- 
 ----- K-Medoid, reps=90, W_proxy=0.0, m=0.02  -----
 -----      cae36868705eea702e38      ----- 
 ------------------------------------------------------- 
[Model] Parameter json saved to SoC_proxy_TSA/data/parameters/cae36868705eea702e38.json
> Model: SoC_proxy_TSA/data/calliope_models/cae36868705eea702e38.nc already exists. Reading file...
 ------------------------------------------------------- 
 ----- K-Medoid, reps=90, W_proxy=0.75, m=0.02  -----
 -----      10c4f7f44203ceee321b      ----- 
 ------------------------------------------------------- 
[Model] Parameter json saved to SoC_proxy_TSA/data/parameters/10c4f7f44203ceee321b.json
> Model: SoC_proxy_TSA/data/calliope_models/10c4f7f44203ceee321b.nc already exists. Reading file...
[SoC Proxy] Tuner: c*=0.746603 lost=0.000e+00 | margin=2.000% -> curtailment=0.731671
[SoC Proxy] curtailment forecast: 73.17%
 ------------------------------------------------------- 
 ----- K-Medoid, reps=90, W_proxy=1, m=0.02  -----
 -----      4df5c277af0d66dd1177      ----- 
 ------------------------------------------------------- 
[Model] Parameter json saved to SoC_proxy_TSA/data/parameters/4df5c277af0d66dd1177.json
> Model: SoC_proxy_TSA/data/calliope_models/4df5c277af0d66dd1177.nc already exists. Reading file...
[SoC Proxy] Tuner: c*=0.748170 lost=0.000e+00 | margin=2.000% -> curtailment=0.733206
[SoC Proxy] curtailment forecast: 73.32%
 ------------------------------------------------------- 
 ----- K-Medoid, reps=180, W_proxy=0.0, m=0.02  -----
 -----      0c97572e70c5bbaad6ee      ----- 
 ------------------------------------------------------- 
[Model] Parameter json saved to SoC_proxy_TSA/data/parameters/0c97572e70c5bbaad6ee.json
> Model: SoC_proxy_TSA/data/calliope_models/0c97572e70c5bbaad6ee.nc already exists. Reading file...
 ------------------------------------------------------- 
 ----- K-Medoid, reps=180, W_proxy=0.75, m=0.02  -----
 -----      b6dde5ccafb02cdafffe      ----- 
 ------------------------------------------------------- 
[Model] Parameter json saved to SoC_proxy_TSA/data/parameters/b6dde5ccafb02cdafffe.json
> Model: SoC_proxy_TSA/data/calliope_models/b6dde5ccafb02cdafffe.nc already exists. Reading file...
[SoC Proxy] Tuner: c*=0.747163 lost=0.000e+00 | margin=2.000% -> curtailment=0.732220
[SoC Proxy] curtailment forecast: 73.22%
 ------------------------------------------------------- 
 ----- K-Medoid, reps=180, W_proxy=1, m=0.02  -----
 -----      e6331ad69a105ecc245c      ----- 
 ------------------------------------------------------- 
[Model] Parameter json saved to SoC_proxy_TSA/data/parameters/e6331ad69a105ecc245c.json
> Model: SoC_proxy_TSA/data/calliope_models/e6331ad69a105ecc245c.nc already exists. Reading file...
[SoC Proxy] Tuner: c*=0.744817 lost=0.000e+00 | margin=2.000% -> curtailment=0.729921
[SoC Proxy] curtailment forecast: 72.99%
 ------------------------------------------------------- 
  
[Dispatch] running scenario margin_sensitivity_60-180_m=0.04
   
 ------------------------------------------------------- 
 ------------------------------------------------------- 
 ----- K-Medoid, reps=60 W_proxy=0.0, m=0.04  -----
 -----      02e2875fcf8d13fd281f      ----- 
 ------------------------------------------------------- 
[Model] Parameter json saved to SoC_proxy_TSA/data/parameters/02e2875fcf8d13fd281f.json
> Model: SoC_proxy_TSA/data/calliope_models/02e2875fcf8d13fd281f.nc already exists. Reading file...
 ------------------------------------------------------- 
 ----- K-Medoid, reps=60 W_proxy=0.75, m=0.04  -----
 -----      f15ca90c5223998ea43a      ----- 
 ------------------------------------------------------- 
[Model] Parameter json saved to SoC_proxy_TSA/data/parameters/f15ca90c5223998ea43a.json
> Model: SoC_proxy_TSA/data/calliope_models/f15ca90c5223998ea43a.nc already exists. Reading file...
[SoC Proxy] Tuner: c*=0.752910 lost=0.000e+00 | margin=4.000% -> curtailment=0.722794
[SoC Proxy] curtailment forecast: 72.28%
 ------------------------------------------------------- 
 ----- K-Medoid, reps=60 W_proxy=1, m=0.04  -----
 -----      833e113c4180d9fe2096      ----- 
 ------------------------------------------------------- 
[Model] Parameter json saved to SoC_proxy_TSA/data/parameters/833e113c4180d9fe2096.json
> Model: SoC_proxy_TSA/data/calliope_models/833e113c4180d9fe2096.nc already exists. Reading file...
[SoC Proxy] Tuner: c*=0.735143 lost=0.000e+00 | margin=4.000% -> curtailment=0.705737
[SoC Proxy] curtailment forecast: 70.57%
 ------------------------------------------------------- 
 ----- K-Medoid, reps=90, W_proxy=0.0, m=0.04  -----
 -----      2b071898b9f8dce47fd8      ----- 
 ------------------------------------------------------- 
[Model] Parameter json saved to SoC_proxy_TSA/data/parameters/2b071898b9f8dce47fd8.json
> Model: SoC_proxy_TSA/data/calliope_models/2b071898b9f8dce47fd8.nc already exists. Reading file...
 ------------------------------------------------------- 
 ----- K-Medoid, reps=90, W_proxy=0.75, m=0.04  -----
 -----      2dc1e2d1a01dce168e43      ----- 
 ------------------------------------------------------- 
[Model] Parameter json saved to SoC_proxy_TSA/data/parameters/2dc1e2d1a01dce168e43.json
> Model: SoC_proxy_TSA/data/calliope_models/2dc1e2d1a01dce168e43.nc already exists. Reading file...
[SoC Proxy] Tuner: c*=0.751882 lost=0.000e+00 | margin=4.000% -> curtailment=0.721806
[SoC Proxy] curtailment forecast: 72.18%
 ------------------------------------------------------- 
 ----- K-Medoid, reps=90, W_proxy=1, m=0.04  -----
 -----      0dc316b1bf21d8c12483      ----- 
 ------------------------------------------------------- 
[Model] Parameter json saved to SoC_proxy_TSA/data/parameters/0dc316b1bf21d8c12483.json
> Model: SoC_proxy_TSA/data/calliope_models/0dc316b1bf21d8c12483.nc already exists. Reading file...
[SoC Proxy] Tuner: c*=0.740895 lost=0.000e+00 | margin=4.000% -> curtailment=0.711259
[SoC Proxy] curtailment forecast: 71.13%
 ------------------------------------------------------- 
 ----- K-Medoid, reps=180, W_proxy=0.0, m=0.04  -----
 -----      b105bfa922eae06027a4      ----- 
 ------------------------------------------------------- 
[Model] Parameter json saved to SoC_proxy_TSA/data/parameters/b105bfa922eae06027a4.json
> Model: SoC_proxy_TSA/data/calliope_models/b105bfa922eae06027a4.nc already exists. Reading file...
 ------------------------------------------------------- 
 ----- K-Medoid, reps=180, W_proxy=0.75, m=0.04  -----
 -----      93aef9e26720a9d203a1      ----- 
 ------------------------------------------------------- 
[Model] Parameter json saved to SoC_proxy_TSA/data/parameters/93aef9e26720a9d203a1.json
> Model: SoC_proxy_TSA/data/calliope_models/93aef9e26720a9d203a1.nc already exists. Reading file...
[SoC Proxy] Tuner: c*=0.749688 lost=0.000e+00 | margin=4.000% -> curtailment=0.719701
[SoC Proxy] curtailment forecast: 71.97%
 ------------------------------------------------------- 
 ----- K-Medoid, reps=180, W_proxy=1, m=0.04  -----
 -----      050028b3b2de61312078      ----- 
 ------------------------------------------------------- 
[Model] Parameter json saved to SoC_proxy_TSA/data/parameters/050028b3b2de61312078.json
> Model: SoC_proxy_TSA/data/calliope_models/050028b3b2de61312078.nc already exists. Reading file...
[SoC Proxy] Tuner: c*=0.744919 lost=0.000e+00 | margin=4.000% -> curtailment=0.715122
[SoC Proxy] curtailment forecast: 71.51%
 ------------------------------------------------------- 
  
[Dispatch] running scenario margin_sensitivity_60-180_m=0.06
   
 ------------------------------------------------------- 
 ------------------------------------------------------- 
 ----- K-Medoid, reps=60 W_proxy=0.0, m=0.06  -----
 -----      29d820064cd99122d62f      ----- 
 ------------------------------------------------------- 
[Model] Parameter json saved to SoC_proxy_TSA/data/parameters/29d820064cd99122d62f.json
> Model: SoC_proxy_TSA/data/calliope_models/29d820064cd99122d62f.nc already exists. Reading file...
 ------------------------------------------------------- 
 ----- K-Medoid, reps=60 W_proxy=0.75, m=0.06  -----
 -----      5b999b2b69d231a6136a      ----- 
 ------------------------------------------------------- 
[Model] Parameter json saved to SoC_proxy_TSA/data/parameters/5b999b2b69d231a6136a.json
> Model: SoC_proxy_TSA/data/calliope_models/5b999b2b69d231a6136a.nc already exists. Reading file...
[SoC Proxy] Tuner: c*=0.756189 lost=0.000e+00 | margin=6.000% -> curtailment=0.710818
[SoC Proxy] curtailment forecast: 71.08%
 ------------------------------------------------------- 
 ----- K-Medoid, reps=60 W_proxy=1, m=0.06  -----
 -----      d4852031aa6ee48e228e      ----- 
 ------------------------------------------------------- 
[Model] Parameter json saved to SoC_proxy_TSA/data/parameters/d4852031aa6ee48e228e.json
> Model: SoC_proxy_TSA/data/calliope_models/d4852031aa6ee48e228e.nc already exists. Reading file...
[SoC Proxy] Tuner: c*=0.738105 lost=0.000e+00 | margin=6.000% -> curtailment=0.693819
[SoC Proxy] curtailment forecast: 69.38%
 ------------------------------------------------------- 
 ----- K-Medoid, reps=90, W_proxy=0.0, m=0.06  -----
 -----      3281e25c6a702422523c      ----- 
 ------------------------------------------------------- 
[Model] Parameter json saved to SoC_proxy_TSA/data/parameters/3281e25c6a702422523c.json
> Model: SoC_proxy_TSA/data/calliope_models/3281e25c6a702422523c.nc already exists. Reading file...
 ------------------------------------------------------- 
 ----- K-Medoid, reps=90, W_proxy=0.75, m=0.06  -----
 -----      a158aa81b5ec05905d92      ----- 
 ------------------------------------------------------- 
[Model] Parameter json saved to SoC_proxy_TSA/data/parameters/a158aa81b5ec05905d92.json
> Model: SoC_proxy_TSA/data/calliope_models/a158aa81b5ec05905d92.nc already exists. Reading file...
[SoC Proxy] Tuner: c*=0.752495 lost=0.000e+00 | margin=6.000% -> curtailment=0.707346
[SoC Proxy] curtailment forecast: 70.73%
 ------------------------------------------------------- 
 ----- K-Medoid, reps=90, W_proxy=1, m=0.06  -----
 -----      1c3e21932f2dbb20391d      ----- 
 ------------------------------------------------------- 
[Model] Parameter json saved to SoC_proxy_TSA/data/parameters/1c3e21932f2dbb20391d.json
> Model: SoC_proxy_TSA/data/calliope_models/1c3e21932f2dbb20391d.nc already exists. Reading file...
[SoC Proxy] Tuner: c*=0.752002 lost=0.000e+00 | margin=6.000% -> curtailment=0.706882
[SoC Proxy] curtailment forecast: 70.69%
 ------------------------------------------------------- 
 ----- K-Medoid, reps=180, W_proxy=0.0, m=0.06  -----
 -----      6e1ef706c5165a0b16c1      ----- 
 ------------------------------------------------------- 
[Model] Parameter json saved to SoC_proxy_TSA/data/parameters/6e1ef706c5165a0b16c1.json
> Model: SoC_proxy_TSA/data/calliope_models/6e1ef706c5165a0b16c1.nc already exists. Reading file...
 ------------------------------------------------------- 
 ----- K-Medoid, reps=180, W_proxy=0.75, m=0.06  -----
 -----      95d068024f2039a61da5      ----- 
 ------------------------------------------------------- 
[Model] Parameter json saved to SoC_proxy_TSA/data/parameters/95d068024f2039a61da5.json
> Model: SoC_proxy_TSA/data/calliope_models/95d068024f2039a61da5.nc already exists. Reading file...
[SoC Proxy] Tuner: c*=0.750967 lost=0.000e+00 | margin=6.000% -> curtailment=0.705909
[SoC Proxy] curtailment forecast: 70.59%
 ------------------------------------------------------- 
 ----- K-Medoid, reps=180, W_proxy=1, m=0.06  -----
 -----      069c3a165692e00ce317      ----- 
 ------------------------------------------------------- 
[Model] Parameter json saved to SoC_proxy_TSA/data/parameters/069c3a165692e00ce317.json
> Model: SoC_proxy_TSA/data/calliope_models/069c3a165692e00ce317.nc already exists. Reading file...
[SoC Proxy] Tuner: c*=0.745977 lost=0.000e+00 | margin=6.000% -> curtailment=0.701219
[SoC Proxy] curtailment forecast: 70.12%
 ------------------------------------------------------- 
  
[Dispatch] running scenario margin_sensitivity_60-180_m=0.02
   
 ------------------------------------------------------- 
 ------------------------------------------------------- 
 ----- K-Medoid, reps=60 W_proxy=0.0, m=0.02  -----
 -----      bd8d696872ca07819c70      ----- 
 ------------------------------------------------------- 
[Model] Parameter json saved to SoC_proxy_TSA/data/parameters/bd8d696872ca07819c70.json
> Model: SoC_proxy_TSA/data/calliope_models/bd8d696872ca07819c70.nc already exists. Reading file...
 ------------------------------------------------------- 
 ----- K-Medoid, reps=60 W_proxy=0.75, m=0.02  -----
 -----      ba2d81a1063285fd9f9b      ----- 
 ------------------------------------------------------- 
[Model] Parameter json saved to SoC_proxy_TSA/data/parameters/ba2d81a1063285fd9f9b.json
> Model: SoC_proxy_TSA/data/calliope_models/ba2d81a1063285fd9f9b.nc already exists. Reading file...
[SoC Proxy] Tuner: c*=0.751097 lost=0.000e+00 | margin=2.000% -> curtailment=0.736076
[SoC Proxy] curtailment forecast: 73.61%
 ------------------------------------------------------- 
 ----- K-Medoid, reps=60 W_proxy=1, m=0.02  -----
 -----      47ff52cbd1575971edec      ----- 
 ------------------------------------------------------- 
[Model] Parameter json saved to SoC_proxy_TSA/data/parameters/47ff52cbd1575971edec.json
> Model: SoC_proxy_TSA/data/calliope_models/47ff52cbd1575971edec.nc already exists. Reading file...
[SoC Proxy] Tuner: c*=0.738118 lost=0.000e+00 | margin=2.000% -> curtailment=0.723355
[SoC Proxy] curtailment forecast: 72.34%
 ------------------------------------------------------- 
 ----- K-Medoid, reps=90, W_proxy=0.0, m=0.02  -----
 -----      3196dff993959e3d7d28      ----- 
 ------------------------------------------------------- 
[Model] Parameter json saved to SoC_proxy_TSA/data/parameters/3196dff993959e3d7d28.json
> Model: SoC_proxy_TSA/data/calliope_models/3196dff993959e3d7d28.nc already exists. Reading file...
 ------------------------------------------------------- 
 ----- K-Medoid, reps=90, W_proxy=0.75, m=0.02  -----
 -----      1d0e0400363a892d2c0d      ----- 
 ------------------------------------------------------- 
[Model] Parameter json saved to SoC_proxy_TSA/data/parameters/1d0e0400363a892d2c0d.json
> Model: SoC_proxy_TSA/data/calliope_models/1d0e0400363a892d2c0d.nc already exists. Reading file...
[SoC Proxy] Tuner: c*=0.744963 lost=0.000e+00 | margin=2.000% -> curtailment=0.730064
[SoC Proxy] curtailment forecast: 73.01%
 ------------------------------------------------------- 
 ----- K-Medoid, reps=90, W_proxy=1, m=0.02  -----
 -----      67e50d7313f0e8215c3b      ----- 
 ------------------------------------------------------- 
[Model] Parameter json saved to SoC_proxy_TSA/data/parameters/67e50d7313f0e8215c3b.json
> Model: SoC_proxy_TSA/data/calliope_models/67e50d7313f0e8215c3b.nc already exists. Reading file...
[SoC Proxy] Tuner: c*=0.745029 lost=0.000e+00 | margin=2.000% -> curtailment=0.730128
[SoC Proxy] curtailment forecast: 73.01%
 ------------------------------------------------------- 
 ----- K-Medoid, reps=180, W_proxy=0.0, m=0.02  -----
 -----      a01b5400d5a3fd204213      ----- 
 ------------------------------------------------------- 
[Model] Parameter json saved to SoC_proxy_TSA/data/parameters/a01b5400d5a3fd204213.json
> Model: SoC_proxy_TSA/data/calliope_models/a01b5400d5a3fd204213.nc already exists. Reading file...
 ------------------------------------------------------- 
 ----- K-Medoid, reps=180, W_proxy=0.75, m=0.02  -----
 -----      fc77c7bb92fae9d2943d      ----- 
 ------------------------------------------------------- 
[Model] Parameter json saved to SoC_proxy_TSA/data/parameters/fc77c7bb92fae9d2943d.json
> Model: SoC_proxy_TSA/data/calliope_models/fc77c7bb92fae9d2943d.nc already exists. Reading file...
[SoC Proxy] Tuner: c*=0.746743 lost=0.000e+00 | margin=2.000% -> curtailment=0.731808
[SoC Proxy] curtailment forecast: 73.18%
 ------------------------------------------------------- 
 ----- K-Medoid, reps=180, W_proxy=1, m=0.02  -----
 -----      104f9e6552273eb113b0      ----- 
 ------------------------------------------------------- 
[Model] Parameter json saved to SoC_proxy_TSA/data/parameters/104f9e6552273eb113b0.json
> Model: SoC_proxy_TSA/data/calliope_models/104f9e6552273eb113b0.nc already exists. Reading file...
[SoC Proxy] Tuner: c*=0.744679 lost=0.000e+00 | margin=2.000% -> curtailment=0.729785
[SoC Proxy] curtailment forecast: 72.98%
 ------------------------------------------------------- 
  
[Dispatch] running scenario margin_sensitivity_60-180_m=0.04
   
 ------------------------------------------------------- 
 ------------------------------------------------------- 
 ----- K-Medoid, reps=60 W_proxy=0.0, m=0.04  -----
 -----      68cfa09e374e74764d65      ----- 
 ------------------------------------------------------- 
[Model] Parameter json saved to SoC_proxy_TSA/data/parameters/68cfa09e374e74764d65.json
> Model: SoC_proxy_TSA/data/calliope_models/68cfa09e374e74764d65.nc already exists. Reading file...
 ------------------------------------------------------- 
 ----- K-Medoid, reps=60 W_proxy=0.75, m=0.04  -----
 -----      beb883adcc41cbdd1beb      ----- 
 ------------------------------------------------------- 
[Model] Parameter json saved to SoC_proxy_TSA/data/parameters/beb883adcc41cbdd1beb.json
> Model: SoC_proxy_TSA/data/calliope_models/beb883adcc41cbdd1beb.nc already exists. Reading file...
[SoC Proxy] Tuner: c*=0.753233 lost=0.000e+00 | margin=4.000% -> curtailment=0.723104
[SoC Proxy] curtailment forecast: 72.31%
 ------------------------------------------------------- 
 ----- K-Medoid, reps=60 W_proxy=1, m=0.04  -----
 -----      5be4e5bbcd1701ccb3a1      ----- 
 ------------------------------------------------------- 
[Model] Parameter json saved to SoC_proxy_TSA/data/parameters/5be4e5bbcd1701ccb3a1.json
> Model: SoC_proxy_TSA/data/calliope_models/5be4e5bbcd1701ccb3a1.nc already exists. Reading file...
[SoC Proxy] Tuner: c*=0.741936 lost=0.000e+00 | margin=4.000% -> curtailment=0.712258
[SoC Proxy] curtailment forecast: 71.23%
 ------------------------------------------------------- 
 ----- K-Medoid, reps=90, W_proxy=0.0, m=0.04  -----
 -----      532ee900b565c80f87c4      ----- 
 ------------------------------------------------------- 
[Model] Parameter json saved to SoC_proxy_TSA/data/parameters/532ee900b565c80f87c4.json
> Model: SoC_proxy_TSA/data/calliope_models/532ee900b565c80f87c4.nc already exists. Reading file...
 ------------------------------------------------------- 
 ----- K-Medoid, reps=90, W_proxy=0.75, m=0.04  -----
 -----      a16322e7d952328631b6      ----- 
 ------------------------------------------------------- 
[Model] Parameter json saved to SoC_proxy_TSA/data/parameters/a16322e7d952328631b6.json
> Model: SoC_proxy_TSA/data/calliope_models/a16322e7d952328631b6.nc already exists. Reading file...
[SoC Proxy] Tuner: c*=0.751537 lost=0.000e+00 | margin=4.000% -> curtailment=0.721475
[SoC Proxy] curtailment forecast: 72.15%
 ------------------------------------------------------- 
 ----- K-Medoid, reps=90, W_proxy=1, m=0.04  -----
 -----      4a5f2116336e895e4eda      ----- 
 ------------------------------------------------------- 
[Model] Parameter json saved to SoC_proxy_TSA/data/parameters/4a5f2116336e895e4eda.json
> Model: SoC_proxy_TSA/data/calliope_models/4a5f2116336e895e4eda.nc already exists. Reading file...
[SoC Proxy] Tuner: c*=0.740137 lost=0.000e+00 | margin=4.000% -> curtailment=0.710531
[SoC Proxy] curtailment forecast: 71.05%
 ------------------------------------------------------- 
 ----- K-Medoid, reps=180, W_proxy=0.0, m=0.04  -----
 -----      b1800f23460121599509      ----- 
 ------------------------------------------------------- 
[Model] Parameter json saved to SoC_proxy_TSA/data/parameters/b1800f23460121599509.json
> Model: SoC_proxy_TSA/data/calliope_models/b1800f23460121599509.nc already exists. Reading file...
 ------------------------------------------------------- 
 ----- K-Medoid, reps=180, W_proxy=0.75, m=0.04  -----
 -----      ce2c83d2d09070f68c0a      ----- 
 ------------------------------------------------------- 
[Model] Parameter json saved to SoC_proxy_TSA/data/parameters/ce2c83d2d09070f68c0a.json
> Model: SoC_proxy_TSA/data/calliope_models/ce2c83d2d09070f68c0a.nc already exists. Reading file...
[SoC Proxy] Tuner: c*=0.751176 lost=0.000e+00 | margin=4.000% -> curtailment=0.721129
[SoC Proxy] curtailment forecast: 72.11%
 ------------------------------------------------------- 
 ----- K-Medoid, reps=180, W_proxy=1, m=0.04  -----
 -----      902abd314e6a4f84db7e      ----- 
 ------------------------------------------------------- 
[Model] Parameter json saved to SoC_proxy_TSA/data/parameters/902abd314e6a4f84db7e.json
> Model: SoC_proxy_TSA/data/calliope_models/902abd314e6a4f84db7e.nc already exists. Reading file...
[SoC Proxy] Tuner: c*=0.743924 lost=0.000e+00 | margin=4.000% -> curtailment=0.714167
[SoC Proxy] curtailment forecast: 71.42%
 ------------------------------------------------------- 
  
[Dispatch] running scenario margin_sensitivity_60-180_m=0.06
   
 ------------------------------------------------------- 
 ------------------------------------------------------- 
 ----- K-Medoid, reps=60 W_proxy=0.0, m=0.06  -----
 -----      512bcdf5dd07b64d1e98      ----- 
 ------------------------------------------------------- 
[Model] Parameter json saved to SoC_proxy_TSA/data/parameters/512bcdf5dd07b64d1e98.json
> Model: SoC_proxy_TSA/data/calliope_models/512bcdf5dd07b64d1e98.nc already exists. Reading file...
 ------------------------------------------------------- 
 ----- K-Medoid, reps=60 W_proxy=0.75, m=0.06  -----
 -----      cf0fe2de1bb85e7d8d07      ----- 
 ------------------------------------------------------- 
[Model] Parameter json saved to SoC_proxy_TSA/data/parameters/cf0fe2de1bb85e7d8d07.json
> Model: SoC_proxy_TSA/data/calliope_models/cf0fe2de1bb85e7d8d07.nc already exists. Reading file...
[SoC Proxy] Tuner: c*=0.755129 lost=0.000e+00 | margin=6.000% -> curtailment=0.709821
[SoC Proxy] curtailment forecast: 70.98%
 ------------------------------------------------------- 
 ----- K-Medoid, reps=60 W_proxy=1, m=0.06  -----
 -----      13472f5d8d5236a90759      ----- 
 ------------------------------------------------------- 
[Model] Parameter json saved to SoC_proxy_TSA/data/parameters/13472f5d8d5236a90759.json
> Model: SoC_proxy_TSA/data/calliope_models/13472f5d8d5236a90759.nc already exists. Reading file...
[SoC Proxy] Tuner: c*=0.740523 lost=0.000e+00 | margin=6.000% -> curtailment=0.696092
[SoC Proxy] curtailment forecast: 69.61%
 ------------------------------------------------------- 
 ----- K-Medoid, reps=90, W_proxy=0.0, m=0.06  -----
 -----      52525f619e54a34a2dd2      ----- 
 ------------------------------------------------------- 
[Model] Parameter json saved to SoC_proxy_TSA/data/parameters/52525f619e54a34a2dd2.json
> Model: SoC_proxy_TSA/data/calliope_models/52525f619e54a34a2dd2.nc already exists. Reading file...
 ------------------------------------------------------- 
 ----- K-Medoid, reps=90, W_proxy=0.75, m=0.06  -----
 -----      7819d46238dd11331bbf      ----- 
 ------------------------------------------------------- 
[Model] Parameter json saved to SoC_proxy_TSA/data/parameters/7819d46238dd11331bbf.json
> Model: SoC_proxy_TSA/data/calliope_models/7819d46238dd11331bbf.nc already exists. Reading file...
[SoC Proxy] Tuner: c*=0.748046 lost=0.000e+00 | margin=6.000% -> curtailment=0.703163
[SoC Proxy] curtailment forecast: 70.32%
 ------------------------------------------------------- 
 ----- K-Medoid, reps=90, W_proxy=1, m=0.06  -----
 -----      dd44a81ec60b06ea16b1      ----- 
 ------------------------------------------------------- 
[Model] Parameter json saved to SoC_proxy_TSA/data/parameters/dd44a81ec60b06ea16b1.json
> Model: SoC_proxy_TSA/data/calliope_models/dd44a81ec60b06ea16b1.nc already exists. Reading file...
[SoC Proxy] Tuner: c*=0.740649 lost=0.000e+00 | margin=6.000% -> curtailment=0.696210
[SoC Proxy] curtailment forecast: 69.62%
 ------------------------------------------------------- 
 ----- K-Medoid, reps=180, W_proxy=0.0, m=0.06  -----
 -----      99135ba87384d9d18e9a      ----- 
 ------------------------------------------------------- 
[Model] Parameter json saved to SoC_proxy_TSA/data/parameters/99135ba87384d9d18e9a.json
> Model: SoC_proxy_TSA/data/calliope_models/99135ba87384d9d18e9a.nc already exists. Reading file...
 ------------------------------------------------------- 
 ----- K-Medoid, reps=180, W_proxy=0.75, m=0.06  -----
 -----      d97872724b0e76b3778f      ----- 
 ------------------------------------------------------- 
[Model] Parameter json saved to SoC_proxy_TSA/data/parameters/d97872724b0e76b3778f.json
> Model: SoC_proxy_TSA/data/calliope_models/d97872724b0e76b3778f.nc already exists. Reading file...
[SoC Proxy] Tuner: c*=0.749564 lost=0.000e+00 | margin=6.000% -> curtailment=0.704590
[SoC Proxy] curtailment forecast: 70.46%
 ------------------------------------------------------- 
 ----- K-Medoid, reps=180, W_proxy=1, m=0.06  -----
 -----      bdcffbdee78ab1ca3e9d      ----- 
 ------------------------------------------------------- 
[Model] Parameter json saved to SoC_proxy_TSA/data/parameters/bdcffbdee78ab1ca3e9d.json
> Model: SoC_proxy_TSA/data/calliope_models/bdcffbdee78ab1ca3e9d.nc already exists. Reading file...
[SoC Proxy] Tuner: c*=0.741549 lost=0.000e+00 | margin=6.000% -> curtailment=0.697056
[SoC Proxy] curtailment forecast: 69.71%
 ------------------------------------------------------- 
  
[Dispatch] running scenario margin_sensitivity_60-180_m=0.02
   
 ------------------------------------------------------- 
 ------------------------------------------------------- 
 ----- K-Medoid, reps=60 W_proxy=0.0, m=0.02  -----
 -----      33b0b3951cf8a5e2f846      ----- 
 ------------------------------------------------------- 
[Model] Parameter json saved to SoC_proxy_TSA/data/parameters/33b0b3951cf8a5e2f846.json
> Model: SoC_proxy_TSA/data/calliope_models/33b0b3951cf8a5e2f846.nc already exists. Reading file...
 ------------------------------------------------------- 
 ----- K-Medoid, reps=60 W_proxy=0.75, m=0.02  -----
 -----      f6fda06fdd601a50e9a3      ----- 
 ------------------------------------------------------- 
[Model] Parameter json saved to SoC_proxy_TSA/data/parameters/f6fda06fdd601a50e9a3.json
> Model: SoC_proxy_TSA/data/calliope_models/f6fda06fdd601a50e9a3.nc already exists. Reading file...
[SoC Proxy] Tuner: c*=0.758603 lost=0.000e+00 | margin=2.000% -> curtailment=0.743431
[SoC Proxy] curtailment forecast: 74.34%
 ------------------------------------------------------- 
 ----- K-Medoid, reps=60 W_proxy=1, m=0.02  -----
 -----      bd5ebd91bbc1502dab65      ----- 
 ------------------------------------------------------- 
[Model] Parameter json saved to SoC_proxy_TSA/data/parameters/bd5ebd91bbc1502dab65.json
> Model: SoC_proxy_TSA/data/calliope_models/bd5ebd91bbc1502dab65.nc already exists. Reading file...
[SoC Proxy] Tuner: c*=0.741055 lost=0.000e+00 | margin=2.000% -> curtailment=0.726234
[SoC Proxy] curtailment forecast: 72.62%
 ------------------------------------------------------- 
 ----- K-Medoid, reps=90, W_proxy=0.0, m=0.02  -----
 -----      896259fb824489057f8c      ----- 
 ------------------------------------------------------- 
[Model] Parameter json saved to SoC_proxy_TSA/data/parameters/896259fb824489057f8c.json
> Model: SoC_proxy_TSA/data/calliope_models/896259fb824489057f8c.nc already exists. Reading file...
 ------------------------------------------------------- 
 ----- K-Medoid, reps=90, W_proxy=0.75, m=0.02  -----
 -----      5052b54e1c4a1f50d8bd      ----- 
 ------------------------------------------------------- 
[Model] Parameter json saved to SoC_proxy_TSA/data/parameters/5052b54e1c4a1f50d8bd.json
> Model: SoC_proxy_TSA/data/calliope_models/5052b54e1c4a1f50d8bd.nc already exists. Reading file...
[SoC Proxy] Tuner: c*=0.752262 lost=0.000e+00 | margin=2.000% -> curtailment=0.737217
[SoC Proxy] curtailment forecast: 73.72%
 ------------------------------------------------------- 
 ----- K-Medoid, reps=90, W_proxy=1, m=0.02  -----
 -----      eecece8607e5d689a98b      ----- 
 ------------------------------------------------------- 
[Model] Parameter json saved to SoC_proxy_TSA/data/parameters/eecece8607e5d689a98b.json
> Model: SoC_proxy_TSA/data/calliope_models/eecece8607e5d689a98b.nc already exists. Reading file...
[SoC Proxy] Tuner: c*=0.744480 lost=0.000e+00 | margin=2.000% -> curtailment=0.729591
[SoC Proxy] curtailment forecast: 72.96%
 ------------------------------------------------------- 
 ----- K-Medoid, reps=180, W_proxy=0.0, m=0.02  -----
 -----      87b959c3696481640f0e      ----- 
 ------------------------------------------------------- 
[Model] Parameter json saved to SoC_proxy_TSA/data/parameters/87b959c3696481640f0e.json
> Model: SoC_proxy_TSA/data/calliope_models/87b959c3696481640f0e.nc already exists. Reading file...
 ------------------------------------------------------- 
 ----- K-Medoid, reps=180, W_proxy=0.75, m=0.02  -----
 -----      342a7c747a8552eb3b04      ----- 
 ------------------------------------------------------- 
[Model] Parameter json saved to SoC_proxy_TSA/data/parameters/342a7c747a8552eb3b04.json
> Model: SoC_proxy_TSA/data/calliope_models/342a7c747a8552eb3b04.nc already exists. Reading file...
[SoC Proxy] Tuner: c*=0.752094 lost=0.000e+00 | margin=2.000% -> curtailment=0.737053
[SoC Proxy] curtailment forecast: 73.71%
 ------------------------------------------------------- 
 ----- K-Medoid, reps=180, W_proxy=1, m=0.02  -----
 -----      98fe83e5e49f2b8b5159      ----- 
 ------------------------------------------------------- 
[Model] Parameter json saved to SoC_proxy_TSA/data/parameters/98fe83e5e49f2b8b5159.json
> Model: SoC_proxy_TSA/data/calliope_models/98fe83e5e49f2b8b5159.nc already exists. Reading file...
[SoC Proxy] Tuner: c*=0.743023 lost=0.000e+00 | margin=2.000% -> curtailment=0.728162
[SoC Proxy] curtailment forecast: 72.82%
 ------------------------------------------------------- 
  
[Dispatch] running scenario margin_sensitivity_60-180_m=0.04
   
 ------------------------------------------------------- 
 ------------------------------------------------------- 
 ----- K-Medoid, reps=60 W_proxy=0.0, m=0.04  -----
 -----      7ea88400c32511feeeb9      ----- 
 ------------------------------------------------------- 
[Model] Parameter json saved to SoC_proxy_TSA/data/parameters/7ea88400c32511feeeb9.json
> Model: SoC_proxy_TSA/data/calliope_models/7ea88400c32511feeeb9.nc already exists. Reading file...
 ------------------------------------------------------- 
 ----- K-Medoid, reps=60 W_proxy=0.75, m=0.04  -----
 -----      ba7f5b4077f92ffdf435      ----- 
 ------------------------------------------------------- 
[Model] Parameter json saved to SoC_proxy_TSA/data/parameters/ba7f5b4077f92ffdf435.json
> Model: SoC_proxy_TSA/data/calliope_models/ba7f5b4077f92ffdf435.nc already exists. Reading file...
[SoC Proxy] Tuner: c*=0.744066 lost=0.000e+00 | margin=4.000% -> curtailment=0.714303
[SoC Proxy] curtailment forecast: 71.43%
 ------------------------------------------------------- 
 ----- K-Medoid, reps=60 W_proxy=1, m=0.04  -----
 -----      3b3db8385841017a3f84      ----- 
 ------------------------------------------------------- 
[Model] Parameter json saved to SoC_proxy_TSA/data/parameters/3b3db8385841017a3f84.json
> Model: SoC_proxy_TSA/data/calliope_models/3b3db8385841017a3f84.nc already exists. Reading file...
[SoC Proxy] Tuner: c*=0.743379 lost=0.000e+00 | margin=4.000% -> curtailment=0.713644
[SoC Proxy] curtailment forecast: 71.36%
 ------------------------------------------------------- 
 ----- K-Medoid, reps=90, W_proxy=0.0, m=0.04  -----
 -----      41cc9e7068a3a10b8715      ----- 
 ------------------------------------------------------- 
[Model] Parameter json saved to SoC_proxy_TSA/data/parameters/41cc9e7068a3a10b8715.json
> Model: SoC_proxy_TSA/data/calliope_models/41cc9e7068a3a10b8715.nc already exists. Reading file...
 ------------------------------------------------------- 
 ----- K-Medoid, reps=90, W_proxy=0.75, m=0.04  -----
 -----      5728dbc2150891420043      ----- 
 ------------------------------------------------------- 
[Model] Parameter json saved to SoC_proxy_TSA/data/parameters/5728dbc2150891420043.json
> Model: SoC_proxy_TSA/data/calliope_models/5728dbc2150891420043.nc already exists. Reading file...
[SoC Proxy] Tuner: c*=0.745388 lost=0.000e+00 | margin=4.000% -> curtailment=0.715573
[SoC Proxy] curtailment forecast: 71.56%
 ------------------------------------------------------- 
 ----- K-Medoid, reps=90, W_proxy=1, m=0.04  -----
 -----      909710b7966efed1bd54      ----- 
 ------------------------------------------------------- 
[Model] Parameter json saved to SoC_proxy_TSA/data/parameters/909710b7966efed1bd54.json
> Model: SoC_proxy_TSA/data/calliope_models/909710b7966efed1bd54.nc already exists. Reading file...
[SoC Proxy] Tuner: c*=0.745692 lost=0.000e+00 | margin=4.000% -> curtailment=0.715864
[SoC Proxy] curtailment forecast: 71.59%
 ------------------------------------------------------- 
 ----- K-Medoid, reps=180, W_proxy=0.0, m=0.04  -----
 -----      cb88d4179f6d58042c60      ----- 
 ------------------------------------------------------- 
[Model] Parameter json saved to SoC_proxy_TSA/data/parameters/cb88d4179f6d58042c60.json
> Model: SoC_proxy_TSA/data/calliope_models/cb88d4179f6d58042c60.nc already exists. Reading file...
 ------------------------------------------------------- 
 ----- K-Medoid, reps=180, W_proxy=0.75, m=0.04  -----
 -----      1a71ff1662472cd74403      ----- 
 ------------------------------------------------------- 
[Model] Parameter json saved to SoC_proxy_TSA/data/parameters/1a71ff1662472cd74403.json
> Model: SoC_proxy_TSA/data/calliope_models/1a71ff1662472cd74403.nc already exists. Reading file...
[SoC Proxy] Tuner: c*=0.746128 lost=0.000e+00 | margin=4.000% -> curtailment=0.716283
[SoC Proxy] curtailment forecast: 71.63%
 ------------------------------------------------------- 
 ----- K-Medoid, reps=180, W_proxy=1, m=0.04  -----
 -----      0fe92a12a4a8a3579623      ----- 
 ------------------------------------------------------- 
[Model] Parameter json saved to SoC_proxy_TSA/data/parameters/0fe92a12a4a8a3579623.json
> Model: SoC_proxy_TSA/data/calliope_models/0fe92a12a4a8a3579623.nc already exists. Reading file...
[SoC Proxy] Tuner: c*=0.737209 lost=0.000e+00 | margin=4.000% -> curtailment=0.707720
[SoC Proxy] curtailment forecast: 70.77%
 ------------------------------------------------------- 
  
[Dispatch] running scenario margin_sensitivity_60-180_m=0.06
   
 ------------------------------------------------------- 
 ------------------------------------------------------- 
 ----- K-Medoid, reps=60 W_proxy=0.0, m=0.06  -----
 -----      45849d87d0ebc7cee9f3      ----- 
 ------------------------------------------------------- 
[Model] Parameter json saved to SoC_proxy_TSA/data/parameters/45849d87d0ebc7cee9f3.json
> Model: SoC_proxy_TSA/data/calliope_models/45849d87d0ebc7cee9f3.nc already exists. Reading file...
 ------------------------------------------------------- 
 ----- K-Medoid, reps=60 W_proxy=0.75, m=0.06  -----
 -----      a695befc3cfa4c61052a      ----- 
 ------------------------------------------------------- 
[Model] Parameter json saved to SoC_proxy_TSA/data/parameters/a695befc3cfa4c61052a.json
> Model: SoC_proxy_TSA/data/calliope_models/a695befc3cfa4c61052a.nc already exists. Reading file...
[SoC Proxy] Tuner: c*=0.746579 lost=0.000e+00 | margin=6.000% -> curtailment=0.701784
[SoC Proxy] curtailment forecast: 70.18%
 ------------------------------------------------------- 
 ----- K-Medoid, reps=60 W_proxy=1, m=0.06  -----
 -----      1d75a352dd7648ad8442      ----- 
 ------------------------------------------------------- 
[Model] Parameter json saved to SoC_proxy_TSA/data/parameters/1d75a352dd7648ad8442.json
> Model: SoC_proxy_TSA/data/calliope_models/1d75a352dd7648ad8442.nc already exists. Reading file...
[SoC Proxy] Tuner: c*=0.746174 lost=0.000e+00 | margin=6.000% -> curtailment=0.701404
[SoC Proxy] curtailment forecast: 70.14%
 ------------------------------------------------------- 
 ----- K-Medoid, reps=90, W_proxy=0.0, m=0.06  -----
 -----      69dbfaf67d0078a1f09b      ----- 
 ------------------------------------------------------- 
[Model] Parameter json saved to SoC_proxy_TSA/data/parameters/69dbfaf67d0078a1f09b.json
> Model: SoC_proxy_TSA/data/calliope_models/69dbfaf67d0078a1f09b.nc already exists. Reading file...
 ------------------------------------------------------- 
 ----- K-Medoid, reps=90, W_proxy=0.75, m=0.06  -----
 -----      d0b0fdc44074d8b93989      ----- 
 ------------------------------------------------------- 
[Model] Parameter json saved to SoC_proxy_TSA/data/parameters/d0b0fdc44074d8b93989.json
> Model: SoC_proxy_TSA/data/calliope_models/d0b0fdc44074d8b93989.nc already exists. Reading file...
[SoC Proxy] Tuner: c*=0.748926 lost=0.000e+00 | margin=6.000% -> curtailment=0.703991
[SoC Proxy] curtailment forecast: 70.40%
 ------------------------------------------------------- 
 ----- K-Medoid, reps=90, W_proxy=1, m=0.06  -----
 -----      66752b853e9537f8d0b3      ----- 
 ------------------------------------------------------- 
[Model] Parameter json saved to SoC_proxy_TSA/data/parameters/66752b853e9537f8d0b3.json
> Model: SoC_proxy_TSA/data/calliope_models/66752b853e9537f8d0b3.nc already exists. Reading file...
[SoC Proxy] Tuner: c*=0.740818 lost=0.000e+00 | margin=6.000% -> curtailment=0.696369
[SoC Proxy] curtailment forecast: 69.64%
 ------------------------------------------------------- 
 ----- K-Medoid, reps=180, W_proxy=0.0, m=0.06  -----
 -----      5daddc301f9f129b2126      ----- 
 ------------------------------------------------------- 
[Model] Parameter json saved to SoC_proxy_TSA/data/parameters/5daddc301f9f129b2126.json
> Model: SoC_proxy_TSA/data/calliope_models/5daddc301f9f129b2126.nc already exists. Reading file...
 ------------------------------------------------------- 
 ----- K-Medoid, reps=180, W_proxy=0.75, m=0.06  -----
 -----      a11a89743697585ceeef      ----- 
 ------------------------------------------------------- 
[Model] Parameter json saved to SoC_proxy_TSA/data/parameters/a11a89743697585ceeef.json
> Model: SoC_proxy_TSA/data/calliope_models/a11a89743697585ceeef.nc already exists. Reading file...
[SoC Proxy] Tuner: c*=0.749245 lost=0.000e+00 | margin=6.000% -> curtailment=0.704290
[SoC Proxy] curtailment forecast: 70.43%
 ------------------------------------------------------- 
 ----- K-Medoid, reps=180, W_proxy=1, m=0.06  -----
 -----      d20c42db8601ba238309      ----- 
 ------------------------------------------------------- 
[Model] Parameter json saved to SoC_proxy_TSA/data/parameters/d20c42db8601ba238309.json
> Model: SoC_proxy_TSA/data/calliope_models/d20c42db8601ba238309.nc already exists. Reading file...
[SoC Proxy] Tuner: c*=0.735649 lost=0.000e+00 | margin=6.000% -> curtailment=0.691510
[SoC Proxy] curtailment forecast: 69.15%
 ------------------------------------------------------- 
  
[Dispatch] running scenario margin_sensitivity_60-180_m=0.02
   
 ------------------------------------------------------- 
 ------------------------------------------------------- 
 ----- K-Medoid, reps=60 W_proxy=0.0, m=0.02  -----
 -----      5cab6fca590598755d1f      ----- 
 ------------------------------------------------------- 
[Model] Parameter json saved to SoC_proxy_TSA/data/parameters/5cab6fca590598755d1f.json
> Model: SoC_proxy_TSA/data/calliope_models/5cab6fca590598755d1f.nc already exists. Reading file...
 ------------------------------------------------------- 
 ----- K-Medoid, reps=60 W_proxy=0.75, m=0.02  -----
 -----      2aba95623d46252e85ca      ----- 
 ------------------------------------------------------- 
[Model] Parameter json saved to SoC_proxy_TSA/data/parameters/2aba95623d46252e85ca.json
> Model: SoC_proxy_TSA/data/calliope_models/2aba95623d46252e85ca.nc already exists. Reading file...
[SoC Proxy] Tuner: c*=0.745987 lost=0.000e+00 | margin=2.000% -> curtailment=0.731067
[SoC Proxy] curtailment forecast: 73.11%
 ------------------------------------------------------- 
 ----- K-Medoid, reps=60 W_proxy=1, m=0.02  -----
 -----      7b5e45b7352cd4a57e1f      ----- 
 ------------------------------------------------------- 
[Model] Parameter json saved to SoC_proxy_TSA/data/parameters/7b5e45b7352cd4a57e1f.json
> Model: SoC_proxy_TSA/data/calliope_models/7b5e45b7352cd4a57e1f.nc already exists. Reading file...
[SoC Proxy] Tuner: c*=0.746242 lost=0.000e+00 | margin=2.000% -> curtailment=0.731317
[SoC Proxy] curtailment forecast: 73.13%
 ------------------------------------------------------- 
 ----- K-Medoid, reps=90, W_proxy=0.0, m=0.02  -----
 -----      000b58a137a0b68a50e6      ----- 
 ------------------------------------------------------- 
[Model] Parameter json saved to SoC_proxy_TSA/data/parameters/000b58a137a0b68a50e6.json
> Model: SoC_proxy_TSA/data/calliope_models/000b58a137a0b68a50e6.nc already exists. Reading file...
 ------------------------------------------------------- 
 ----- K-Medoid, reps=90, W_proxy=0.75, m=0.02  -----
 -----      65021f60a3dbb67eaaa1      ----- 
 ------------------------------------------------------- 
[Model] Parameter json saved to SoC_proxy_TSA/data/parameters/65021f60a3dbb67eaaa1.json
> Model: SoC_proxy_TSA/data/calliope_models/65021f60a3dbb67eaaa1.nc already exists. Reading file...
[SoC Proxy] Tuner: c*=0.746614 lost=0.000e+00 | margin=2.000% -> curtailment=0.731681
[SoC Proxy] curtailment forecast: 73.17%
 ------------------------------------------------------- 
 ----- K-Medoid, reps=90, W_proxy=1, m=0.02  -----
 -----      98188c6a08a34ed6ca6f      ----- 
 ------------------------------------------------------- 
[Model] Parameter json saved to SoC_proxy_TSA/data/parameters/98188c6a08a34ed6ca6f.json
> Model: SoC_proxy_TSA/data/calliope_models/98188c6a08a34ed6ca6f.nc already exists. Reading file...
[SoC Proxy] Tuner: c*=0.741160 lost=0.000e+00 | margin=2.000% -> curtailment=0.726336
[SoC Proxy] curtailment forecast: 72.63%
 ------------------------------------------------------- 
 ----- K-Medoid, reps=180, W_proxy=0.0, m=0.02  -----
 -----      14aee38d5e4339e904c3      ----- 
 ------------------------------------------------------- 
[Model] Parameter json saved to SoC_proxy_TSA/data/parameters/14aee38d5e4339e904c3.json
> Model: SoC_proxy_TSA/data/calliope_models/14aee38d5e4339e904c3.nc already exists. Reading file...
 ------------------------------------------------------- 
 ----- K-Medoid, reps=180, W_proxy=0.75, m=0.02  -----
 -----      d903562d6655ebf43ddf      ----- 
 ------------------------------------------------------- 
[Model] Parameter json saved to SoC_proxy_TSA/data/parameters/d903562d6655ebf43ddf.json
> Model: SoC_proxy_TSA/data/calliope_models/d903562d6655ebf43ddf.nc already exists. Reading file...
[SoC Proxy] Tuner: c*=0.744042 lost=0.000e+00 | margin=2.000% -> curtailment=0.729161
[SoC Proxy] curtailment forecast: 72.92%
 ------------------------------------------------------- 
 ----- K-Medoid, reps=180, W_proxy=1, m=0.02  -----
 -----      0a87b6a35108dbd40711      ----- 
 ------------------------------------------------------- 
[Model] Parameter json saved to SoC_proxy_TSA/data/parameters/0a87b6a35108dbd40711.json
> Model: SoC_proxy_TSA/data/calliope_models/0a87b6a35108dbd40711.nc already exists. Reading file...
[SoC Proxy] Tuner: c*=0.741874 lost=0.000e+00 | margin=2.000% -> curtailment=0.727037
[SoC Proxy] curtailment forecast: 72.70%
 ------------------------------------------------------- 
  
[Dispatch] running scenario margin_sensitivity_60-180_m=0.04
   
 ------------------------------------------------------- 
 ------------------------------------------------------- 
 ----- K-Medoid, reps=60 W_proxy=0.0, m=0.04  -----
 -----      6b0caf0a6c3d0a3c3f2f      ----- 
 ------------------------------------------------------- 
[Model] Parameter json saved to SoC_proxy_TSA/data/parameters/6b0caf0a6c3d0a3c3f2f.json
> Model: SoC_proxy_TSA/data/calliope_models/6b0caf0a6c3d0a3c3f2f.nc already exists. Reading file...
 ------------------------------------------------------- 
 ----- K-Medoid, reps=60 W_proxy=0.75, m=0.04  -----
 -----      e2181a74baba85b35e55      ----- 
 ------------------------------------------------------- 
[Model] Parameter json saved to SoC_proxy_TSA/data/parameters/e2181a74baba85b35e55.json
> Model: SoC_proxy_TSA/data/calliope_models/e2181a74baba85b35e55.nc already exists. Reading file...
[SoC Proxy] Tuner: c*=0.744432 lost=0.000e+00 | margin=4.000% -> curtailment=0.714655
[SoC Proxy] ⚠ Warning: SoC Proxy severely non-cyclical (end-start = -1.086e+04)
[SoC Proxy] curtailment forecast: 71.47%
 ------------------------------------------------------- 
 ----- K-Medoid, reps=60 W_proxy=1, m=0.04  -----
 -----      a90c7542cfa710c7e98e      ----- 
 ------------------------------------------------------- 
[Model] Parameter json saved to SoC_proxy_TSA/data/parameters/a90c7542cfa710c7e98e.json
> Model: SoC_proxy_TSA/data/calliope_models/a90c7542cfa710c7e98e.nc already exists. Reading file...
[SoC Proxy] Tuner: c*=0.734619 lost=0.000e+00 | margin=4.000% -> curtailment=0.705234
[SoC Proxy] curtailment forecast: 70.52%
 ------------------------------------------------------- 
 ----- K-Medoid, reps=90, W_proxy=0.0, m=0.04  -----
 -----      8ab2a243a1d305587a58      ----- 
 ------------------------------------------------------- 
[Model] Parameter json saved to SoC_proxy_TSA/data/parameters/8ab2a243a1d305587a58.json
> Model: SoC_proxy_TSA/data/calliope_models/8ab2a243a1d305587a58.nc already exists. Reading file...
 ------------------------------------------------------- 
 ----- K-Medoid, reps=90, W_proxy=0.75, m=0.04  -----
 -----      b239c18d83ec9c207802      ----- 
 ------------------------------------------------------- 
[Model] Parameter json saved to SoC_proxy_TSA/data/parameters/b239c18d83ec9c207802.json
> Model: SoC_proxy_TSA/data/calliope_models/b239c18d83ec9c207802.nc already exists. Reading file...
[SoC Proxy] Tuner: c*=0.749354 lost=0.000e+00 | margin=4.000% -> curtailment=0.719380
[SoC Proxy] ⚠ Warning: SoC Proxy severely non-cyclical (end-start = -1.124e+04)
[SoC Proxy] curtailment forecast: 71.94%
 ------------------------------------------------------- 
 ----- K-Medoid, reps=90, W_proxy=1, m=0.04  -----
 -----      c62b4a74499f95a0f111      ----- 
 ------------------------------------------------------- 
[Model] Parameter json saved to SoC_proxy_TSA/data/parameters/c62b4a74499f95a0f111.json
> Model: SoC_proxy_TSA/data/calliope_models/c62b4a74499f95a0f111.nc already exists. Reading file...
[SoC Proxy] Tuner: c*=0.733876 lost=0.000e+00 | margin=4.000% -> curtailment=0.704521
[SoC Proxy] curtailment forecast: 70.45%
 ------------------------------------------------------- 
 ----- K-Medoid, reps=180, W_proxy=0.0, m=0.04  -----
 -----      2573150a69be7c0ba8c5      ----- 
 ------------------------------------------------------- 
[Model] Parameter json saved to SoC_proxy_TSA/data/parameters/2573150a69be7c0ba8c5.json
> Model: SoC_proxy_TSA/data/calliope_models/2573150a69be7c0ba8c5.nc already exists. Reading file...
 ------------------------------------------------------- 
 ----- K-Medoid, reps=180, W_proxy=0.75, m=0.04  -----
 -----      5c96d3d74d8275ebb717      ----- 
 ------------------------------------------------------- 
[Model] Parameter json saved to SoC_proxy_TSA/data/parameters/5c96d3d74d8275ebb717.json
> Model: SoC_proxy_TSA/data/calliope_models/5c96d3d74d8275ebb717.nc already exists. Reading file...
[SoC Proxy] Tuner: c*=0.747451 lost=0.000e+00 | margin=4.000% -> curtailment=0.717553
[SoC Proxy] ⚠ Warning: SoC Proxy severely non-cyclical (end-start = -1.141e+04)
[SoC Proxy] curtailment forecast: 71.76%
 ------------------------------------------------------- 
 ----- K-Medoid, reps=180, W_proxy=1, m=0.04  -----
 -----      e235f770bb8f91a5716c      ----- 
 ------------------------------------------------------- 
[Model] Parameter json saved to SoC_proxy_TSA/data/parameters/e235f770bb8f91a5716c.json
> Model: SoC_proxy_TSA/data/calliope_models/e235f770bb8f91a5716c.nc already exists. Reading file...
[SoC Proxy] Tuner: c*=0.735945 lost=0.000e+00 | margin=4.000% -> curtailment=0.706507
[SoC Proxy] curtailment forecast: 70.65%
 ------------------------------------------------------- 
  
[Dispatch] running scenario margin_sensitivity_60-180_m=0.06
   
 ------------------------------------------------------- 
 ------------------------------------------------------- 
 ----- K-Medoid, reps=60 W_proxy=0.0, m=0.06  -----
 -----      6cf48a87a0a30eb2c495      ----- 
 ------------------------------------------------------- 
[Model] Parameter json saved to SoC_proxy_TSA/data/parameters/6cf48a87a0a30eb2c495.json
> Model: SoC_proxy_TSA/data/calliope_models/6cf48a87a0a30eb2c495.nc already exists. Reading file...
 ------------------------------------------------------- 
 ----- K-Medoid, reps=60 W_proxy=0.75, m=0.06  -----
 -----      be064a9ec635907c6eb6      ----- 
 ------------------------------------------------------- 
[Model] Parameter json saved to SoC_proxy_TSA/data/parameters/be064a9ec635907c6eb6.json
> Model: SoC_proxy_TSA/data/calliope_models/be064a9ec635907c6eb6.nc already exists. Reading file...
[SoC Proxy] Tuner: c*=0.744478 lost=0.000e+00 | margin=6.000% -> curtailment=0.699809
[SoC Proxy] ⚠ Warning: SoC Proxy severely non-cyclical (end-start = -1.074e+04)
[SoC Proxy] curtailment forecast: 69.98%
 ------------------------------------------------------- 
 ----- K-Medoid, reps=60 W_proxy=1, m=0.06  -----
 -----      e6ca277c0f60a19aa311      ----- 
 ------------------------------------------------------- 
[Model] Parameter json saved to SoC_proxy_TSA/data/parameters/e6ca277c0f60a19aa311.json
> Model: SoC_proxy_TSA/data/calliope_models/e6ca277c0f60a19aa311.nc already exists. Reading file...
[SoC Proxy] Tuner: c*=0.743415 lost=0.000e+00 | margin=6.000% -> curtailment=0.698810
[SoC Proxy] curtailment forecast: 69.88%
 ------------------------------------------------------- 
 ----- K-Medoid, reps=90, W_proxy=0.0, m=0.06  -----
 -----      f6b6b3498021c79191d2      ----- 
 ------------------------------------------------------- 
[Model] Parameter json saved to SoC_proxy_TSA/data/parameters/f6b6b3498021c79191d2.json
> Model: SoC_proxy_TSA/data/calliope_models/f6b6b3498021c79191d2.nc already exists. Reading file...
 ------------------------------------------------------- 
 ----- K-Medoid, reps=90, W_proxy=0.75, m=0.06  -----
 -----      3a6c79d3d051180d806a      ----- 
 ------------------------------------------------------- 
[Model] Parameter json saved to SoC_proxy_TSA/data/parameters/3a6c79d3d051180d806a.json
> Model: SoC_proxy_TSA/data/calliope_models/3a6c79d3d051180d806a.nc already exists. Reading file...
[SoC Proxy] Tuner: c*=0.744507 lost=0.000e+00 | margin=6.000% -> curtailment=0.699837
[SoC Proxy] ⚠ Warning: SoC Proxy severely non-cyclical (end-start = -1.113e+04)
[SoC Proxy] curtailment forecast: 69.98%
 ------------------------------------------------------- 
 ----- K-Medoid, reps=90, W_proxy=1, m=0.06  -----
 -----      85c0f84fb9b9bcabb2bd      ----- 
 ------------------------------------------------------- 
[Model] Parameter json saved to SoC_proxy_TSA/data/parameters/85c0f84fb9b9bcabb2bd.json
> Model: SoC_proxy_TSA/data/calliope_models/85c0f84fb9b9bcabb2bd.nc already exists. Reading file...
[SoC Proxy] Tuner: c*=0.742032 lost=0.000e+00 | margin=6.000% -> curtailment=0.697510
[SoC Proxy] curtailment forecast: 69.75%
 ------------------------------------------------------- 
 ----- K-Medoid, reps=180, W_proxy=0.0, m=0.06  -----
 -----      ba7b52c180f62f541ff0      ----- 
 ------------------------------------------------------- 
[Model] Parameter json saved to SoC_proxy_TSA/data/parameters/ba7b52c180f62f541ff0.json
> Model: SoC_proxy_TSA/data/calliope_models/ba7b52c180f62f541ff0.nc already exists. Reading file...
 ------------------------------------------------------- 
 ----- K-Medoid, reps=180, W_proxy=0.75, m=0.06  -----
 -----      32b3201540ed4be1c23a      ----- 
 ------------------------------------------------------- 
[Model] Parameter json saved to SoC_proxy_TSA/data/parameters/32b3201540ed4be1c23a.json
> Model: SoC_proxy_TSA/data/calliope_models/32b3201540ed4be1c23a.nc already exists. Reading file...
[SoC Proxy] Tuner: c*=0.746831 lost=0.000e+00 | margin=6.000% -> curtailment=0.702021
[SoC Proxy] ⚠ Warning: SoC Proxy severely non-cyclical (end-start = -1.097e+04)
[SoC Proxy] curtailment forecast: 70.20%
 ------------------------------------------------------- 
 ----- K-Medoid, reps=180, W_proxy=1, m=0.06  -----
 -----      e7ece41336a33d10cb9f      ----- 
 ------------------------------------------------------- 
[Model] Parameter json saved to SoC_proxy_TSA/data/parameters/e7ece41336a33d10cb9f.json
> Model: SoC_proxy_TSA/data/calliope_models/e7ece41336a33d10cb9f.nc already exists. Reading file...
[SoC Proxy] Tuner: c*=0.737389 lost=0.000e+00 | margin=6.000% -> curtailment=0.693145
[SoC Proxy] ⚠ Warning: SoC Proxy severely non-cyclical (end-start = -1.011e+04)
[SoC Proxy] curtailment forecast: 69.31%
 ------------------------------------------------------- 
  
[Dispatch] running scenario margin_sensitivity_60-180_m=0.02
   
 ------------------------------------------------------- 
 ------------------------------------------------------- 
 ----- K-Medoid, reps=60 W_proxy=0.0, m=0.02  -----
 -----      c495035855d5868d0b47      ----- 
 ------------------------------------------------------- 
[Model] Parameter json saved to SoC_proxy_TSA/data/parameters/c495035855d5868d0b47.json
> Model: SoC_proxy_TSA/data/calliope_models/c495035855d5868d0b47.nc already exists. Reading file...
 ------------------------------------------------------- 
 ----- K-Medoid, reps=60 W_proxy=0.75, m=0.02  -----
 -----      6975bdc4e9f543350632      ----- 
 ------------------------------------------------------- 
[Model] Parameter json saved to SoC_proxy_TSA/data/parameters/6975bdc4e9f543350632.json
> Model: SoC_proxy_TSA/data/calliope_models/6975bdc4e9f543350632.nc already exists. Reading file...
[SoC Proxy] Tuner: c*=0.744342 lost=0.000e+00 | margin=2.000% -> curtailment=0.729455
[SoC Proxy] ⚠ Warning: SoC Proxy severely non-cyclical (end-start = -1.181e+04)
[SoC Proxy] curtailment forecast: 72.95%
 ------------------------------------------------------- 
 ----- K-Medoid, reps=60 W_proxy=1, m=0.02  -----
 -----      e86cd7867f6cbf222eea      ----- 
 ------------------------------------------------------- 
[Model] Parameter json saved to SoC_proxy_TSA/data/parameters/e86cd7867f6cbf222eea.json
> Model: SoC_proxy_TSA/data/calliope_models/e86cd7867f6cbf222eea.nc already exists. Reading file...
[SoC Proxy] Tuner: c*=0.748932 lost=0.000e+00 | margin=2.000% -> curtailment=0.733954
[SoC Proxy] curtailment forecast: 73.40%
 ------------------------------------------------------- 
 ----- K-Medoid, reps=90, W_proxy=0.0, m=0.02  -----
 -----      2b125539f9fdf7584671      ----- 
 ------------------------------------------------------- 
[Model] Parameter json saved to SoC_proxy_TSA/data/parameters/2b125539f9fdf7584671.json
> Model: SoC_proxy_TSA/data/calliope_models/2b125539f9fdf7584671.nc already exists. Reading file...
 ------------------------------------------------------- 
 ----- K-Medoid, reps=90, W_proxy=0.75, m=0.02  -----
 -----      a0fd1e0ff3f2ea39393d      ----- 
 ------------------------------------------------------- 
[Model] Parameter json saved to SoC_proxy_TSA/data/parameters/a0fd1e0ff3f2ea39393d.json
> Model: SoC_proxy_TSA/data/calliope_models/a0fd1e0ff3f2ea39393d.nc already exists. Reading file...
[SoC Proxy] Tuner: c*=0.748164 lost=0.000e+00 | margin=2.000% -> curtailment=0.733201
[SoC Proxy] ⚠ Warning: SoC Proxy severely non-cyclical (end-start = -1.140e+04)
[SoC Proxy] curtailment forecast: 73.32%
 ------------------------------------------------------- 
 ----- K-Medoid, reps=90, W_proxy=1, m=0.02  -----
 -----      3ab5c347ccff239668cf      ----- 
 ------------------------------------------------------- 
[Model] Parameter json saved to SoC_proxy_TSA/data/parameters/3ab5c347ccff239668cf.json
> Model: SoC_proxy_TSA/data/calliope_models/3ab5c347ccff239668cf.nc already exists. Reading file...
[SoC Proxy] Tuner: c*=0.732044 lost=0.000e+00 | margin=2.000% -> curtailment=0.717404
[SoC Proxy] curtailment forecast: 71.74%
 ------------------------------------------------------- 
 ----- K-Medoid, reps=180, W_proxy=0.0, m=0.02  -----
 -----      c2590ef5fe548a5596be      ----- 
 ------------------------------------------------------- 
[Model] Parameter json saved to SoC_proxy_TSA/data/parameters/c2590ef5fe548a5596be.json
> Model: SoC_proxy_TSA/data/calliope_models/c2590ef5fe548a5596be.nc already exists. Reading file...
 ------------------------------------------------------- 
 ----- K-Medoid, reps=180, W_proxy=0.75, m=0.02  -----
 -----      952c33d83f18c012db05      ----- 
 ------------------------------------------------------- 
[Model] Parameter json saved to SoC_proxy_TSA/data/parameters/952c33d83f18c012db05.json
> Model: SoC_proxy_TSA/data/calliope_models/952c33d83f18c012db05.nc already exists. Reading file...
[SoC Proxy] Tuner: c*=0.742511 lost=0.000e+00 | margin=2.000% -> curtailment=0.727661
[SoC Proxy] ⚠ Warning: SoC Proxy severely non-cyclical (end-start = -1.183e+04)
[SoC Proxy] curtailment forecast: 72.77%
 ------------------------------------------------------- 
 ----- K-Medoid, reps=180, W_proxy=1, m=0.02  -----
 -----      26493dab61bb1abe5454      ----- 
 ------------------------------------------------------- 
[Model] Parameter json saved to SoC_proxy_TSA/data/parameters/26493dab61bb1abe5454.json
> Model: SoC_proxy_TSA/data/calliope_models/26493dab61bb1abe5454.nc already exists. Reading file...
[SoC Proxy] Tuner: c*=0.736541 lost=0.000e+00 | margin=2.000% -> curtailment=0.721810
[SoC Proxy] curtailment forecast: 72.18%
