Running on host: cmp188
 ------------------------------------------------------- 
[Dispatch] Scenarios include...
['Sensitivity_W_reps30', 'Sensitivity_W_reps45', 'Sensitivity_W_reps60', 'Sensitivity_W_reps90', 'Sensitivity_W_reps180']
[['SoC_proxy_TSA/data/timeseries/time_varying_parameters_BE.csv', [2012, 2021]]]
 ------------------------------------------------------- 
 ------------------------------------------------------- 
  
[Dispatch] running scenario Sensitivity_W_reps30
   
 ------------------------------------------------------- 
 ------------------------------------------------------- 
 ----- K-Medoid, reps=30, W_proxy=0.0  -----
 -----      588d156dbcde3fbc0ec2      ----- 
 ------------------------------------------------------- 
[Model] Parameter json saved to SoC_proxy_TSA/data/parameters/588d156dbcde3fbc0ec2.json
[TSA] Extracting features dataframe for 588d156dbcde3fbc0ec2
[TSA]: Applying hierarchical clustering method, with medoidRepresentation representation.
[TSA] Warning: dropping 10 duplicated timesteps in matched_indices.
[TSA] successfully applied. Results saved to SoC_proxy_TSA/data/cluster_maps/588d156dbcde3fbc0ec2.csv.
[TSA] cluster completed in 2.45
[Calliope] Validating and Configuring Calliope model: 588d156dbcde3fbc0ec2
[Calliope] Building Calliope model: 588d156dbcde3fbc0ec2
[Calliope] Solving Calliope model: 588d156dbcde3fbc0ec2
[Calliope] Solution saved to: SoC_proxy_TSA/data/calliope_models/588d156dbcde3fbc0ec2.nc
[Dispatch] Instance Runtime:  33.03064775466919
 ------------------------------------------------------- 
 ----- K-Medoid, reps=30, SocDelta, W_proxy=0.25  -----
 -----      2d6732a473887dd1d1a3      ----- 
 ------------------------------------------------------- 
[Model] Parameter json saved to SoC_proxy_TSA/data/parameters/2d6732a473887dd1d1a3.json
[TSA] Extracting features dataframe for 2d6732a473887dd1d1a3
[SoC Proxy] Tuner: c*=0.752922 lost=0.000e+00 | margin=4.000% -> curtailment=0.722805
[SoC Proxy] curtailment forecast: 72.28%
[TSA]: Applying hierarchical clustering method, with medoidRepresentation representation.
[TSA] Warning: dropping 10 duplicated timesteps in matched_indices.
[TSA] successfully applied. Results saved to SoC_proxy_TSA/data/cluster_maps/2d6732a473887dd1d1a3.csv.
[TSA] cluster completed in 3.60
[Calliope] Validating and Configuring Calliope model: 2d6732a473887dd1d1a3
[Calliope] Building Calliope model: 2d6732a473887dd1d1a3
[Calliope] Solving Calliope model: 2d6732a473887dd1d1a3
[Calliope] Solution saved to: SoC_proxy_TSA/data/calliope_models/2d6732a473887dd1d1a3.nc
[Dispatch] Instance Runtime:  28.41142773628235
[SoC Proxy] Tuner: c*=0.776135 lost=0.000e+00 | margin=4.000% -> curtailment=0.745090
[SoC Proxy] curtailment forecast: 74.51%
 ------------------------------------------------------- 
 ----- K-Medoid, reps=30, SocDelta, W_proxy=0.5  -----
 -----      e17dbcba2aed528176d5      ----- 
 ------------------------------------------------------- 
[Model] Parameter json saved to SoC_proxy_TSA/data/parameters/e17dbcba2aed528176d5.json
[TSA] Extracting features dataframe for e17dbcba2aed528176d5
[SoC Proxy] Tuner: c*=0.752922 lost=0.000e+00 | margin=4.000% -> curtailment=0.722805
[SoC Proxy] curtailment forecast: 72.28%
[TSA]: Applying hierarchical clustering method, with medoidRepresentation representation.
[TSA] Warning: dropping 10 duplicated timesteps in matched_indices.
[TSA] successfully applied. Results saved to SoC_proxy_TSA/data/cluster_maps/e17dbcba2aed528176d5.csv.
[TSA] cluster completed in 3.53
[Calliope] Validating and Configuring Calliope model: e17dbcba2aed528176d5
[Calliope] Building Calliope model: e17dbcba2aed528176d5
[Calliope] Solving Calliope model: e17dbcba2aed528176d5
[Calliope] Solution saved to: SoC_proxy_TSA/data/calliope_models/e17dbcba2aed528176d5.nc
[Dispatch] Instance Runtime:  29.54428482055664
[SoC Proxy] Tuner: c*=0.766583 lost=0.000e+00 | margin=4.000% -> curtailment=0.735920
[SoC Proxy] curtailment forecast: 73.59%
 ------------------------------------------------------- 
 ----- K-Medoid, reps=30, SocDelta, W_proxy=0.75  -----
 -----      5b672fc5182bfb7e969c      ----- 
 ------------------------------------------------------- 
[Model] Parameter json saved to SoC_proxy_TSA/data/parameters/5b672fc5182bfb7e969c.json
[TSA] Extracting features dataframe for 5b672fc5182bfb7e969c
[SoC Proxy] Tuner: c*=0.752922 lost=0.000e+00 | margin=4.000% -> curtailment=0.722805
[SoC Proxy] curtailment forecast: 72.28%
[TSA]: Applying hierarchical clustering method, with medoidRepresentation representation.
[TSA] Warning: dropping 10 duplicated timesteps in matched_indices.
[TSA] successfully applied. Results saved to SoC_proxy_TSA/data/cluster_maps/5b672fc5182bfb7e969c.csv.
[TSA] cluster completed in 3.43
[Calliope] Validating and Configuring Calliope model: 5b672fc5182bfb7e969c
[Calliope] Building Calliope model: 5b672fc5182bfb7e969c
[Calliope] Solving Calliope model: 5b672fc5182bfb7e969c
[Calliope] Solution saved to: SoC_proxy_TSA/data/calliope_models/5b672fc5182bfb7e969c.nc
[Dispatch] Instance Runtime:  33.72010946273804
[SoC Proxy] Tuner: c*=0.763024 lost=0.000e+00 | margin=4.000% -> curtailment=0.732503
[SoC Proxy] curtailment forecast: 73.25%
 ------------------------------------------------------- 
 ----- K-Medoid, reps=30, SocDelta, W_proxy=1  -----
 -----      61a4d323f1f4f3ec38ca      ----- 
 ------------------------------------------------------- 
[Model] Parameter json saved to SoC_proxy_TSA/data/parameters/61a4d323f1f4f3ec38ca.json
[TSA] Extracting features dataframe for 61a4d323f1f4f3ec38ca
[SoC Proxy] Tuner: c*=0.752922 lost=0.000e+00 | margin=4.000% -> curtailment=0.722805
[SoC Proxy] curtailment forecast: 72.28%
[TSA]: Applying hierarchical clustering method, with medoidRepresentation representation.
weight of "solar" set to the minmal tolerable weighting
weight of "onshore_wind" set to the minmal tolerable weighting
weight of "offshore_wind" set to the minmal tolerable weighting
weight of "demand_power" set to the minmal tolerable weighting
[TSA] Warning: dropping 10 duplicated timesteps in matched_indices.
[TSA] successfully applied. Results saved to SoC_proxy_TSA/data/cluster_maps/61a4d323f1f4f3ec38ca.csv.
[TSA] cluster completed in 3.41
[Calliope] Validating and Configuring Calliope model: 61a4d323f1f4f3ec38ca
[Calliope] Building Calliope model: 61a4d323f1f4f3ec38ca
[Calliope] Solving Calliope model: 61a4d323f1f4f3ec38ca
[Calliope] Solution saved to: SoC_proxy_TSA/data/calliope_models/61a4d323f1f4f3ec38ca.nc
[Dispatch] Instance Runtime:  31.285215854644775
[SoC Proxy] Tuner: c*=0.744189 lost=0.000e+00 | margin=4.000% -> curtailment=0.714422
[SoC Proxy] curtailment forecast: 71.44%
 ------------------------------------------------------- 
  
[Dispatch] running scenario Sensitivity_W_reps45
   
 ------------------------------------------------------- 
 ------------------------------------------------------- 
 ----- K-Medoid, reps=45, W_proxy=0.0  -----
 -----      ae0e21b55407535f6357      ----- 
 ------------------------------------------------------- 
[Model] Parameter json saved to SoC_proxy_TSA/data/parameters/ae0e21b55407535f6357.json
[TSA] Extracting features dataframe for ae0e21b55407535f6357
[TSA]: Applying hierarchical clustering method, with medoidRepresentation representation.
[TSA] Warning: dropping 10 duplicated timesteps in matched_indices.
[TSA] successfully applied. Results saved to SoC_proxy_TSA/data/cluster_maps/ae0e21b55407535f6357.csv.
[TSA] cluster completed in 1.99
[Calliope] Validating and Configuring Calliope model: ae0e21b55407535f6357
[Calliope] Building Calliope model: ae0e21b55407535f6357
[Calliope] Solving Calliope model: ae0e21b55407535f6357
[Calliope] Solution saved to: SoC_proxy_TSA/data/calliope_models/ae0e21b55407535f6357.nc
[Dispatch] Instance Runtime:  34.129265546798706
 ------------------------------------------------------- 
 ----- K-Medoid, reps=45, SocDelta, W_proxy=0.25  -----
 -----      3069d1e7f734bfccf3ee      ----- 
 ------------------------------------------------------- 
[Model] Parameter json saved to SoC_proxy_TSA/data/parameters/3069d1e7f734bfccf3ee.json
[TSA] Extracting features dataframe for 3069d1e7f734bfccf3ee
[SoC Proxy] Tuner: c*=0.752922 lost=0.000e+00 | margin=4.000% -> curtailment=0.722805
[SoC Proxy] curtailment forecast: 72.28%
[TSA]: Applying hierarchical clustering method, with medoidRepresentation representation.
[TSA] Warning: dropping 10 duplicated timesteps in matched_indices.
[TSA] successfully applied. Results saved to SoC_proxy_TSA/data/cluster_maps/3069d1e7f734bfccf3ee.csv.
[TSA] cluster completed in 3.38
[Calliope] Validating and Configuring Calliope model: 3069d1e7f734bfccf3ee
[Calliope] Building Calliope model: 3069d1e7f734bfccf3ee
[Calliope] Solving Calliope model: 3069d1e7f734bfccf3ee
[Calliope] Solution saved to: SoC_proxy_TSA/data/calliope_models/3069d1e7f734bfccf3ee.nc
[Dispatch] Instance Runtime:  34.32592010498047
[SoC Proxy] Tuner: c*=0.768433 lost=0.000e+00 | margin=4.000% -> curtailment=0.737695
[SoC Proxy] curtailment forecast: 73.77%
 ------------------------------------------------------- 
 ----- K-Medoid, reps=45, SocDelta, W_proxy=0.5  -----
 -----      0ec27495054c8e739b75      ----- 
 ------------------------------------------------------- 
[Model] Parameter json saved to SoC_proxy_TSA/data/parameters/0ec27495054c8e739b75.json
[TSA] Extracting features dataframe for 0ec27495054c8e739b75
[SoC Proxy] Tuner: c*=0.752922 lost=0.000e+00 | margin=4.000% -> curtailment=0.722805
[SoC Proxy] curtailment forecast: 72.28%
[TSA]: Applying hierarchical clustering method, with medoidRepresentation representation.
[TSA] Warning: dropping 10 duplicated timesteps in matched_indices.
[TSA] successfully applied. Results saved to SoC_proxy_TSA/data/cluster_maps/0ec27495054c8e739b75.csv.
[TSA] cluster completed in 3.38
[Calliope] Validating and Configuring Calliope model: 0ec27495054c8e739b75
[Calliope] Building Calliope model: 0ec27495054c8e739b75
[Calliope] Solving Calliope model: 0ec27495054c8e739b75
[Calliope] Solution saved to: SoC_proxy_TSA/data/calliope_models/0ec27495054c8e739b75.nc
[Dispatch] Instance Runtime:  33.723904848098755
[SoC Proxy] Tuner: c*=0.765385 lost=0.000e+00 | margin=4.000% -> curtailment=0.734769
[SoC Proxy] curtailment forecast: 73.48%
 ------------------------------------------------------- 
 ----- K-Medoid, reps=45, SocDelta, W_proxy=0.75  -----
 -----      4b77021fe1e61d82653e      ----- 
 ------------------------------------------------------- 
[Model] Parameter json saved to SoC_proxy_TSA/data/parameters/4b77021fe1e61d82653e.json
[TSA] Extracting features dataframe for 4b77021fe1e61d82653e
[SoC Proxy] Tuner: c*=0.752922 lost=0.000e+00 | margin=4.000% -> curtailment=0.722805
[SoC Proxy] curtailment forecast: 72.28%
[TSA]: Applying hierarchical clustering method, with medoidRepresentation representation.
[TSA] Warning: dropping 10 duplicated timesteps in matched_indices.
[TSA] successfully applied. Results saved to SoC_proxy_TSA/data/cluster_maps/4b77021fe1e61d82653e.csv.
[TSA] cluster completed in 3.63
[Calliope] Validating and Configuring Calliope model: 4b77021fe1e61d82653e
[Calliope] Building Calliope model: 4b77021fe1e61d82653e
[Calliope] Solving Calliope model: 4b77021fe1e61d82653e
[Calliope] Solution saved to: SoC_proxy_TSA/data/calliope_models/4b77021fe1e61d82653e.nc
[Dispatch] Instance Runtime:  34.086313009262085
[SoC Proxy] Tuner: c*=0.761978 lost=0.000e+00 | margin=4.000% -> curtailment=0.731499
[SoC Proxy] curtailment forecast: 73.15%
 ------------------------------------------------------- 
 ----- K-Medoid, reps=45, SocDelta, W_proxy=1  -----
 -----      a7aeaff3a6630675bc45      ----- 
 ------------------------------------------------------- 
[Model] Parameter json saved to SoC_proxy_TSA/data/parameters/a7aeaff3a6630675bc45.json
[TSA] Extracting features dataframe for a7aeaff3a6630675bc45
[SoC Proxy] Tuner: c*=0.752922 lost=0.000e+00 | margin=4.000% -> curtailment=0.722805
[SoC Proxy] curtailment forecast: 72.28%
[TSA]: Applying hierarchical clustering method, with medoidRepresentation representation.
weight of "solar" set to the minmal tolerable weighting
weight of "onshore_wind" set to the minmal tolerable weighting
weight of "offshore_wind" set to the minmal tolerable weighting
weight of "demand_power" set to the minmal tolerable weighting
[TSA] Warning: dropping 10 duplicated timesteps in matched_indices.
[TSA] successfully applied. Results saved to SoC_proxy_TSA/data/cluster_maps/a7aeaff3a6630675bc45.csv.
[TSA] cluster completed in 3.61
[Calliope] Validating and Configuring Calliope model: a7aeaff3a6630675bc45
[Calliope] Building Calliope model: a7aeaff3a6630675bc45
[Calliope] Solving Calliope model: a7aeaff3a6630675bc45
[Calliope] Solution saved to: SoC_proxy_TSA/data/calliope_models/a7aeaff3a6630675bc45.nc
[Dispatch] Instance Runtime:  40.58277082443237
[SoC Proxy] Tuner: c*=0.747057 lost=0.000e+00 | margin=4.000% -> curtailment=0.717175
[SoC Proxy] curtailment forecast: 71.72%
 ------------------------------------------------------- 
  
[Dispatch] running scenario Sensitivity_W_reps60
   
 ------------------------------------------------------- 
 ------------------------------------------------------- 
 ----- K-Medoid, reps=60, W_proxy=0.0  -----
 -----      d3bff77398d6353d0547      ----- 
 ------------------------------------------------------- 
[Model] Parameter json saved to SoC_proxy_TSA/data/parameters/d3bff77398d6353d0547.json
[TSA] Extracting features dataframe for d3bff77398d6353d0547
[TSA]: Applying hierarchical clustering method, with medoidRepresentation representation.
[TSA] Warning: dropping 10 duplicated timesteps in matched_indices.
[TSA] successfully applied. Results saved to SoC_proxy_TSA/data/cluster_maps/d3bff77398d6353d0547.csv.
[TSA] cluster completed in 2.13
[Calliope] Validating and Configuring Calliope model: d3bff77398d6353d0547
[Calliope] Building Calliope model: d3bff77398d6353d0547
[Calliope] Solving Calliope model: d3bff77398d6353d0547
[Calliope] Solution saved to: SoC_proxy_TSA/data/calliope_models/d3bff77398d6353d0547.nc
[Dispatch] Instance Runtime:  92.4108362197876
 ------------------------------------------------------- 
 ----- K-Medoid, reps=60, SocDelta, W_proxy=0.25  -----
 -----      ec4516d40af1abd30384      ----- 
 ------------------------------------------------------- 
[Model] Parameter json saved to SoC_proxy_TSA/data/parameters/ec4516d40af1abd30384.json
[TSA] Extracting features dataframe for ec4516d40af1abd30384
[SoC Proxy] Tuner: c*=0.752922 lost=0.000e+00 | margin=4.000% -> curtailment=0.722805
[SoC Proxy] curtailment forecast: 72.28%
[TSA]: Applying hierarchical clustering method, with medoidRepresentation representation.
[TSA] Warning: dropping 10 duplicated timesteps in matched_indices.
[TSA] successfully applied. Results saved to SoC_proxy_TSA/data/cluster_maps/ec4516d40af1abd30384.csv.
[TSA] cluster completed in 3.39
[Calliope] Validating and Configuring Calliope model: ec4516d40af1abd30384
[Calliope] Building Calliope model: ec4516d40af1abd30384
[Calliope] Solving Calliope model: ec4516d40af1abd30384
[Calliope] Solution saved to: SoC_proxy_TSA/data/calliope_models/ec4516d40af1abd30384.nc
[Dispatch] Instance Runtime:  72.01634168624878
[SoC Proxy] Tuner: c*=0.755648 lost=0.000e+00 | margin=4.000% -> curtailment=0.725422
[SoC Proxy] curtailment forecast: 72.54%
 ------------------------------------------------------- 
 ----- K-Medoid, reps=60, SocDelta, W_proxy=0.5  -----
 -----      3bd80b69bc96a59bd0ea      ----- 
 ------------------------------------------------------- 
[Model] Parameter json saved to SoC_proxy_TSA/data/parameters/3bd80b69bc96a59bd0ea.json
[TSA] Extracting features dataframe for 3bd80b69bc96a59bd0ea
[SoC Proxy] Tuner: c*=0.752922 lost=0.000e+00 | margin=4.000% -> curtailment=0.722805
[SoC Proxy] curtailment forecast: 72.28%
[TSA]: Applying hierarchical clustering method, with medoidRepresentation representation.
[TSA] Warning: dropping 10 duplicated timesteps in matched_indices.
[TSA] successfully applied. Results saved to SoC_proxy_TSA/data/cluster_maps/3bd80b69bc96a59bd0ea.csv.
[TSA] cluster completed in 3.73
[Calliope] Validating and Configuring Calliope model: 3bd80b69bc96a59bd0ea
[Calliope] Building Calliope model: 3bd80b69bc96a59bd0ea
[Calliope] Solving Calliope model: 3bd80b69bc96a59bd0ea
[Calliope] Solution saved to: SoC_proxy_TSA/data/calliope_models/3bd80b69bc96a59bd0ea.nc
[Dispatch] Instance Runtime:  57.25796389579773
[SoC Proxy] Tuner: c*=0.768328 lost=0.000e+00 | margin=4.000% -> curtailment=0.737595
[SoC Proxy] curtailment forecast: 73.76%
 ------------------------------------------------------- 
 ----- K-Medoid, reps=60, SocDelta, W_proxy=0.75  -----
 -----      44fee89a5342c680a82e      ----- 
 ------------------------------------------------------- 
[Model] Parameter json saved to SoC_proxy_TSA/data/parameters/44fee89a5342c680a82e.json
[TSA] Extracting features dataframe for 44fee89a5342c680a82e
[SoC Proxy] Tuner: c*=0.752922 lost=0.000e+00 | margin=4.000% -> curtailment=0.722805
[SoC Proxy] curtailment forecast: 72.28%
[TSA]: Applying hierarchical clustering method, with medoidRepresentation representation.
[TSA] Warning: dropping 10 duplicated timesteps in matched_indices.
[TSA] successfully applied. Results saved to SoC_proxy_TSA/data/cluster_maps/44fee89a5342c680a82e.csv.
[TSA] cluster completed in 4.03
[Calliope] Validating and Configuring Calliope model: 44fee89a5342c680a82e
[Calliope] Building Calliope model: 44fee89a5342c680a82e
[Calliope] Solving Calliope model: 44fee89a5342c680a82e
[Calliope] Solution saved to: SoC_proxy_TSA/data/calliope_models/44fee89a5342c680a82e.nc
[Dispatch] Instance Runtime:  54.177778005599976
[SoC Proxy] Tuner: c*=0.765782 lost=0.000e+00 | margin=4.000% -> curtailment=0.735151
[SoC Proxy] curtailment forecast: 73.52%
 ------------------------------------------------------- 
 ----- K-Medoid, reps=60, SocDelta, W_proxy=1  -----
 -----      e53dfdd4af4051a07d27      ----- 
 ------------------------------------------------------- 
[Model] Parameter json saved to SoC_proxy_TSA/data/parameters/e53dfdd4af4051a07d27.json
[TSA] Extracting features dataframe for e53dfdd4af4051a07d27
[SoC Proxy] Tuner: c*=0.752922 lost=0.000e+00 | margin=4.000% -> curtailment=0.722805
[SoC Proxy] curtailment forecast: 72.28%
[TSA]: Applying hierarchical clustering method, with medoidRepresentation representation.
weight of "solar" set to the minmal tolerable weighting
weight of "onshore_wind" set to the minmal tolerable weighting
weight of "offshore_wind" set to the minmal tolerable weighting
weight of "demand_power" set to the minmal tolerable weighting
[TSA] Warning: dropping 10 duplicated timesteps in matched_indices.
[TSA] successfully applied. Results saved to SoC_proxy_TSA/data/cluster_maps/e53dfdd4af4051a07d27.csv.
[TSA] cluster completed in 4.22
[Calliope] Validating and Configuring Calliope model: e53dfdd4af4051a07d27
[Calliope] Building Calliope model: e53dfdd4af4051a07d27
[Calliope] Solving Calliope model: e53dfdd4af4051a07d27
[Calliope] Solution saved to: SoC_proxy_TSA/data/calliope_models/e53dfdd4af4051a07d27.nc
[Dispatch] Instance Runtime:  115.27894234657288
[SoC Proxy] Tuner: c*=0.752510 lost=0.000e+00 | margin=4.000% -> curtailment=0.722409
[SoC Proxy] curtailment forecast: 72.24%
 ------------------------------------------------------- 
  
[Dispatch] running scenario Sensitivity_W_reps90
   
 ------------------------------------------------------- 
 ------------------------------------------------------- 
 ----- K-Medoid, reps=90, W_proxy=0.0  -----
 -----      28530235919f40ffbe53      ----- 
 ------------------------------------------------------- 
[Model] Parameter json saved to SoC_proxy_TSA/data/parameters/28530235919f40ffbe53.json
[TSA] Extracting features dataframe for 28530235919f40ffbe53
[TSA]: Applying hierarchical clustering method, with medoidRepresentation representation.
[TSA] Warning: dropping 10 duplicated timesteps in matched_indices.
[TSA] successfully applied. Results saved to SoC_proxy_TSA/data/cluster_maps/28530235919f40ffbe53.csv.
[TSA] cluster completed in 2.41
[Calliope] Validating and Configuring Calliope model: 28530235919f40ffbe53
[Calliope] Building Calliope model: 28530235919f40ffbe53
[Calliope] Solving Calliope model: 28530235919f40ffbe53
[Calliope] Solution saved to: SoC_proxy_TSA/data/calliope_models/28530235919f40ffbe53.nc
[Dispatch] Instance Runtime:  143.4102749824524
 ------------------------------------------------------- 
 ----- K-Medoid, reps=90, SocDelta, W_proxy=0.25  -----
 -----      1d6a7a2e93cca8d987ba      ----- 
 ------------------------------------------------------- 
[Model] Parameter json saved to SoC_proxy_TSA/data/parameters/1d6a7a2e93cca8d987ba.json
[TSA] Extracting features dataframe for 1d6a7a2e93cca8d987ba
[SoC Proxy] Tuner: c*=0.752922 lost=0.000e+00 | margin=4.000% -> curtailment=0.722805
[SoC Proxy] curtailment forecast: 72.28%
[TSA]: Applying hierarchical clustering method, with medoidRepresentation representation.
[TSA] Warning: dropping 10 duplicated timesteps in matched_indices.
[TSA] successfully applied. Results saved to SoC_proxy_TSA/data/cluster_maps/1d6a7a2e93cca8d987ba.csv.
[TSA] cluster completed in 3.98
[Calliope] Validating and Configuring Calliope model: 1d6a7a2e93cca8d987ba
[Calliope] Building Calliope model: 1d6a7a2e93cca8d987ba
[Calliope] Solving Calliope model: 1d6a7a2e93cca8d987ba
[Calliope] Solution saved to: SoC_proxy_TSA/data/calliope_models/1d6a7a2e93cca8d987ba.nc
[Dispatch] Instance Runtime:  100.10947799682617
[SoC Proxy] Tuner: c*=0.754196 lost=0.000e+00 | margin=4.000% -> curtailment=0.724028
[SoC Proxy] curtailment forecast: 72.40%
 ------------------------------------------------------- 
 ----- K-Medoid, reps=90, SocDelta, W_proxy=0.5  -----
 -----      f2e404478bcca33e94cc      ----- 
 ------------------------------------------------------- 
[Model] Parameter json saved to SoC_proxy_TSA/data/parameters/f2e404478bcca33e94cc.json
[TSA] Extracting features dataframe for f2e404478bcca33e94cc
[SoC Proxy] Tuner: c*=0.752922 lost=0.000e+00 | margin=4.000% -> curtailment=0.722805
[SoC Proxy] curtailment forecast: 72.28%
[TSA]: Applying hierarchical clustering method, with medoidRepresentation representation.
[TSA] Warning: dropping 10 duplicated timesteps in matched_indices.
[TSA] successfully applied. Results saved to SoC_proxy_TSA/data/cluster_maps/f2e404478bcca33e94cc.csv.
[TSA] cluster completed in 4.06
[Calliope] Validating and Configuring Calliope model: f2e404478bcca33e94cc
[Calliope] Building Calliope model: f2e404478bcca33e94cc
[Calliope] Solving Calliope model: f2e404478bcca33e94cc
[Calliope] Solution saved to: SoC_proxy_TSA/data/calliope_models/f2e404478bcca33e94cc.nc
[Dispatch] Instance Runtime:  127.92760705947876
[SoC Proxy] Tuner: c*=0.767034 lost=0.000e+00 | margin=4.000% -> curtailment=0.736353
[SoC Proxy] curtailment forecast: 73.64%
 ------------------------------------------------------- 
 ----- K-Medoid, reps=90, SocDelta, W_proxy=0.75  -----
 -----      9928dd8df2cce76b9346      ----- 
 ------------------------------------------------------- 
[Model] Parameter json saved to SoC_proxy_TSA/data/parameters/9928dd8df2cce76b9346.json
[TSA] Extracting features dataframe for 9928dd8df2cce76b9346
[SoC Proxy] Tuner: c*=0.752922 lost=0.000e+00 | margin=4.000% -> curtailment=0.722805
[SoC Proxy] curtailment forecast: 72.28%
[TSA]: Applying hierarchical clustering method, with medoidRepresentation representation.
[TSA] Warning: dropping 10 duplicated timesteps in matched_indices.
[TSA] successfully applied. Results saved to SoC_proxy_TSA/data/cluster_maps/9928dd8df2cce76b9346.csv.
[TSA] cluster completed in 4.06
[Calliope] Validating and Configuring Calliope model: 9928dd8df2cce76b9346
[Calliope] Building Calliope model: 9928dd8df2cce76b9346
[Calliope] Solving Calliope model: 9928dd8df2cce76b9346
[Calliope] Solution saved to: SoC_proxy_TSA/data/calliope_models/9928dd8df2cce76b9346.nc
[Dispatch] Instance Runtime:  118.542236328125
[SoC Proxy] Tuner: c*=0.759622 lost=0.000e+00 | margin=4.000% -> curtailment=0.729237
[SoC Proxy] curtailment forecast: 72.92%
 ------------------------------------------------------- 
 ----- K-Medoid, reps=90, SocDelta, W_proxy=1  -----
 -----      35c3d843afa8ff59d4f3      ----- 
 ------------------------------------------------------- 
[Model] Parameter json saved to SoC_proxy_TSA/data/parameters/35c3d843afa8ff59d4f3.json
[TSA] Extracting features dataframe for 35c3d843afa8ff59d4f3
[SoC Proxy] Tuner: c*=0.752922 lost=0.000e+00 | margin=4.000% -> curtailment=0.722805
[SoC Proxy] curtailment forecast: 72.28%
[TSA]: Applying hierarchical clustering method, with medoidRepresentation representation.
weight of "solar" set to the minmal tolerable weighting
weight of "onshore_wind" set to the minmal tolerable weighting
weight of "offshore_wind" set to the minmal tolerable weighting
weight of "demand_power" set to the minmal tolerable weighting
[TSA] Warning: dropping 10 duplicated timesteps in matched_indices.
[TSA] successfully applied. Results saved to SoC_proxy_TSA/data/cluster_maps/35c3d843afa8ff59d4f3.csv.
[TSA] cluster completed in 4.10
[Calliope] Validating and Configuring Calliope model: 35c3d843afa8ff59d4f3
[Calliope] Building Calliope model: 35c3d843afa8ff59d4f3
[Calliope] Solving Calliope model: 35c3d843afa8ff59d4f3
[Calliope] Solution saved to: SoC_proxy_TSA/data/calliope_models/35c3d843afa8ff59d4f3.nc
[Dispatch] Instance Runtime:  230.00998520851135
[SoC Proxy] Tuner: c*=0.750491 lost=0.000e+00 | margin=4.000% -> curtailment=0.720471
[SoC Proxy] curtailment forecast: 72.05%
 ------------------------------------------------------- 
  
[Dispatch] running scenario Sensitivity_W_reps180
   
 ------------------------------------------------------- 
 ------------------------------------------------------- 
 ----- K-Medoid, reps=180, W_proxy=0.0  -----
 -----      abfc768da105ebb60831      ----- 
 ------------------------------------------------------- 
[Model] Parameter json saved to SoC_proxy_TSA/data/parameters/abfc768da105ebb60831.json
[TSA] Extracting features dataframe for abfc768da105ebb60831
[TSA]: Applying hierarchical clustering method, with medoidRepresentation representation.
[TSA] Warning: dropping 10 duplicated timesteps in matched_indices.
[TSA] successfully applied. Results saved to SoC_proxy_TSA/data/cluster_maps/abfc768da105ebb60831.csv.
[TSA] cluster completed in 2.54
[Calliope] Validating and Configuring Calliope model: abfc768da105ebb60831
[Calliope] Building Calliope model: abfc768da105ebb60831
[Calliope] Solving Calliope model: abfc768da105ebb60831
[Calliope] Solution saved to: SoC_proxy_TSA/data/calliope_models/abfc768da105ebb60831.nc
[Dispatch] Instance Runtime:  898.4746992588043
 ------------------------------------------------------- 
 ----- K-Medoid, reps=180, SocDelta, W_proxy=0.25  -----
 -----      bb5bf7bcf4211c736111      ----- 
 ------------------------------------------------------- 
[Model] Parameter json saved to SoC_proxy_TSA/data/parameters/bb5bf7bcf4211c736111.json
[TSA] Extracting features dataframe for bb5bf7bcf4211c736111
[SoC Proxy] Tuner: c*=0.752922 lost=0.000e+00 | margin=4.000% -> curtailment=0.722805
[SoC Proxy] curtailment forecast: 72.28%
[TSA]: Applying hierarchical clustering method, with medoidRepresentation representation.
[TSA] Warning: dropping 10 duplicated timesteps in matched_indices.
[TSA] successfully applied. Results saved to SoC_proxy_TSA/data/cluster_maps/bb5bf7bcf4211c736111.csv.
[TSA] cluster completed in 4.30
[Calliope] Validating and Configuring Calliope model: bb5bf7bcf4211c736111
[Calliope] Building Calliope model: bb5bf7bcf4211c736111
[Calliope] Solving Calliope model: bb5bf7bcf4211c736111
[Calliope] Solution saved to: SoC_proxy_TSA/data/calliope_models/bb5bf7bcf4211c736111.nc
[Dispatch] Instance Runtime:  1176.9337005615234
[SoC Proxy] Tuner: c*=0.759461 lost=0.000e+00 | margin=4.000% -> curtailment=0.729083
[SoC Proxy] curtailment forecast: 72.91%
 ------------------------------------------------------- 
 ----- K-Medoid, reps=180, SocDelta, W_proxy=0.5  -----
 -----      4f0b3d2091d54cf94438      ----- 
 ------------------------------------------------------- 
[Model] Parameter json saved to SoC_proxy_TSA/data/parameters/4f0b3d2091d54cf94438.json
[TSA] Extracting features dataframe for 4f0b3d2091d54cf94438
[SoC Proxy] Tuner: c*=0.752922 lost=0.000e+00 | margin=4.000% -> curtailment=0.722805
[SoC Proxy] curtailment forecast: 72.28%
[TSA]: Applying hierarchical clustering method, with medoidRepresentation representation.
[TSA] Warning: dropping 10 duplicated timesteps in matched_indices.
[TSA] successfully applied. Results saved to SoC_proxy_TSA/data/cluster_maps/4f0b3d2091d54cf94438.csv.
[TSA] cluster completed in 4.03
[Calliope] Validating and Configuring Calliope model: 4f0b3d2091d54cf94438
[Calliope] Building Calliope model: 4f0b3d2091d54cf94438
[Calliope] Solving Calliope model: 4f0b3d2091d54cf94438
[Calliope] Solution saved to: SoC_proxy_TSA/data/calliope_models/4f0b3d2091d54cf94438.nc
[Dispatch] Instance Runtime:  735.9449713230133
[SoC Proxy] Tuner: c*=0.763405 lost=0.000e+00 | margin=4.000% -> curtailment=0.732868
[SoC Proxy] curtailment forecast: 73.29%
 ------------------------------------------------------- 
 ----- K-Medoid, reps=180, SocDelta, W_proxy=0.75  -----
 -----      8fc73bbc38b4ad6ee4e8      ----- 
 ------------------------------------------------------- 
[Model] Parameter json saved to SoC_proxy_TSA/data/parameters/8fc73bbc38b4ad6ee4e8.json
[TSA] Extracting features dataframe for 8fc73bbc38b4ad6ee4e8
[SoC Proxy] Tuner: c*=0.752922 lost=0.000e+00 | margin=4.000% -> curtailment=0.722805
[SoC Proxy] curtailment forecast: 72.28%
[TSA]: Applying hierarchical clustering method, with medoidRepresentation representation.
[TSA] Warning: dropping 10 duplicated timesteps in matched_indices.
[TSA] successfully applied. Results saved to SoC_proxy_TSA/data/cluster_maps/8fc73bbc38b4ad6ee4e8.csv.
[TSA] cluster completed in 4.31
[Calliope] Validating and Configuring Calliope model: 8fc73bbc38b4ad6ee4e8
[Calliope] Building Calliope model: 8fc73bbc38b4ad6ee4e8
[Calliope] Solving Calliope model: 8fc73bbc38b4ad6ee4e8
[Calliope] Solution saved to: SoC_proxy_TSA/data/calliope_models/8fc73bbc38b4ad6ee4e8.nc
[Dispatch] Instance Runtime:  749.9699711799622
[SoC Proxy] Tuner: c*=0.761118 lost=0.000e+00 | margin=4.000% -> curtailment=0.730673
[SoC Proxy] curtailment forecast: 73.07%
 ------------------------------------------------------- 
 ----- K-Medoid, reps=180, SocDelta, W_proxy=1  -----
 -----      aeee2eff3cd5db9ec5dd      ----- 
 ------------------------------------------------------- 
[Model] Parameter json saved to SoC_proxy_TSA/data/parameters/aeee2eff3cd5db9ec5dd.json
[TSA] Extracting features dataframe for aeee2eff3cd5db9ec5dd
[SoC Proxy] Tuner: c*=0.752922 lost=0.000e+00 | margin=4.000% -> curtailment=0.722805
[SoC Proxy] curtailment forecast: 72.28%
[TSA]: Applying hierarchical clustering method, with medoidRepresentation representation.
weight of "solar" set to the minmal tolerable weighting
weight of "onshore_wind" set to the minmal tolerable weighting
weight of "offshore_wind" set to the minmal tolerable weighting
weight of "demand_power" set to the minmal tolerable weighting
[TSA] Warning: dropping 10 duplicated timesteps in matched_indices.
[TSA] successfully applied. Results saved to SoC_proxy_TSA/data/cluster_maps/aeee2eff3cd5db9ec5dd.csv.
[TSA] cluster completed in 3.83
[Calliope] Validating and Configuring Calliope model: aeee2eff3cd5db9ec5dd
[Calliope] Building Calliope model: aeee2eff3cd5db9ec5dd
[Calliope] Solving Calliope model: aeee2eff3cd5db9ec5dd
[Calliope] Solution saved to: SoC_proxy_TSA/data/calliope_models/aeee2eff3cd5db9ec5dd.nc
[Dispatch] Instance Runtime:  686.8602950572968
[SoC Proxy] Tuner: c*=0.750146 lost=0.000e+00 | margin=4.000% -> curtailment=0.720140
[SoC Proxy] curtailment forecast: 72.01%
[Dispatch] Loading reference standard_2012_2021_reference.nc
> Dispatch: Visualising results
Traceback (most recent call last):
  File "/home/dhawkins/projects/energy-system-modelling-with-LDES/SoC_proxy_TSA/python/post_optimised_cluster_tsa_dispatcher.py", line 277, in <module>
    from utility_functions.helper_visualise import visualise
  File "/home/dhawkins/projects/energy-system-modelling-with-LDES/SoC_proxy_TSA/python/utility_functions/helper_visualise.py", line 15, in <module>
    matplotlib.use("TkAgg")
  File "/scratch/dhawkins/conda/envs/py312/lib/python3.12/site-packages/matplotlib/__init__.py", line 1284, in use
    plt.switch_backend(name)
  File "/scratch/dhawkins/conda/envs/py312/lib/python3.12/site-packages/matplotlib/pyplot.py", line 432, in switch_backend
    raise ImportError(
ImportError: Cannot load backend 'TkAgg' which requires the 'tk' interactive framework, as 'headless' is currently running
srun: error: cmp188: task 0: Exited with exit code 1
srun: launch/slurm: _step_signal: Terminating StepId=8662957.0
