Running on host: cmp059
 ------------------------------------------------------- 
[Dispatch] Scenarios include...
['Sensitivity_W_reps365']
[['SoC_proxy_TSA/data/timeseries/time_varying_parameters_GB.csv', [2014, 2023]]]
 ------------------------------------------------------- 
 ------------------------------------------------------- 
  
[Dispatch] running scenario Sensitivity_W_reps365
   
 ------------------------------------------------------- 
 ------------------------------------------------------- 
 ----- K-Medoid, reps=365, W_proxy=0.0  -----
 -----      1b04be2afa8fab0ab3ae      ----- 
 ------------------------------------------------------- 
[Model] Parameter json saved to SoC_proxy_TSA/data/parameters/1b04be2afa8fab0ab3ae.json
[TSA] Extracting features dataframe for 1b04be2afa8fab0ab3ae
[TSA]: Applying hierarchical clustering method, with medoidRepresentation representation.
[TSA] successfully applied. Results saved to SoC_proxy_TSA/data/cluster_maps/1b04be2afa8fab0ab3ae.csv.
[TSA] cluster completed in 8.27
[Calliope] Validating and Configuring Calliope model: 1b04be2afa8fab0ab3ae
[Calliope] Building Calliope model: 1b04be2afa8fab0ab3ae
[Calliope] Solving Calliope model: 1b04be2afa8fab0ab3ae
[Calliope] Solution saved to: SoC_proxy_TSA/data/calliope_models/1b04be2afa8fab0ab3ae.nc
[Dispatch] Instance Runtime:  6465.086435079575
 ------------------------------------------------------- 
 ----- K-Medoid, reps=365, SocDelta, W_proxy=0.75  -----
 -----      b2944d214e1d2bf1682c      ----- 
 ------------------------------------------------------- 
[Model] Parameter json saved to SoC_proxy_TSA/data/parameters/b2944d214e1d2bf1682c.json
[TSA] Extracting features dataframe for b2944d214e1d2bf1682c
[SoC Proxy] Tuner: c*=0.773118 lost=0.000e+00 | margin=4.000% -> curtailment=0.742193
[SoC Proxy] curtailment forecast: 74.22%
[TSA]: Applying hierarchical clustering method, with medoidRepresentation representation.
[TSA] successfully applied. Results saved to SoC_proxy_TSA/data/cluster_maps/b2944d214e1d2bf1682c.csv.
[TSA] cluster completed in 4.10
[Calliope] Validating and Configuring Calliope model: b2944d214e1d2bf1682c
[Calliope] Building Calliope model: b2944d214e1d2bf1682c
[Calliope] Solving Calliope model: b2944d214e1d2bf1682c
[Calliope] Solution saved to: SoC_proxy_TSA/data/calliope_models/b2944d214e1d2bf1682c.nc
[Dispatch] Instance Runtime:  7743.950853347778
[SoC Proxy] Tuner: c*=0.776696 lost=0.000e+00 | margin=4.000% -> curtailment=0.745628
[SoC Proxy] curtailment forecast: 74.56%
 ------------------------------------------------------- 
 ----- K-Medoid, reps=365, SocDelta, W_proxy=1  -----
 -----      b4a6e0bcd825624b2741      ----- 
 ------------------------------------------------------- 
[Model] Parameter json saved to SoC_proxy_TSA/data/parameters/b4a6e0bcd825624b2741.json
[TSA] Extracting features dataframe for b4a6e0bcd825624b2741
[SoC Proxy] Tuner: c*=0.773118 lost=0.000e+00 | margin=4.000% -> curtailment=0.742193
[SoC Proxy] curtailment forecast: 74.22%
[TSA]: Applying hierarchical clustering method, with medoidRepresentation representation.
weight of "solar" set to the minmal tolerable weighting
weight of "onshore_wind" set to the minmal tolerable weighting
weight of "offshore_wind" set to the minmal tolerable weighting
weight of "demand_power" set to the minmal tolerable weighting
[TSA] successfully applied. Results saved to SoC_proxy_TSA/data/cluster_maps/b4a6e0bcd825624b2741.csv.
[TSA] cluster completed in 4.08
[Calliope] Validating and Configuring Calliope model: b4a6e0bcd825624b2741
[Calliope] Building Calliope model: b4a6e0bcd825624b2741
[Calliope] Solving Calliope model: b4a6e0bcd825624b2741
[Calliope] Solution saved to: SoC_proxy_TSA/data/calliope_models/b4a6e0bcd825624b2741.nc
[Dispatch] Instance Runtime:  2878.589596271515
[SoC Proxy] Tuner: c*=0.770823 lost=0.000e+00 | margin=4.000% -> curtailment=0.739991
[SoC Proxy] curtailment forecast: 74.00%
